This file contains any messages produced by compilers while
running configure, to aid debugging if configure makes a mistake.

It was created by pkg-config configure 0.29.2, which was
generated by GNU Autoconf 2.71.  Invocation command line was

  $ ../git/configure --build=x86_64-linux --host=x86_64-linux --target=x86_64-linux --prefix=/home/ubuntu/yocto/rpi-build/tmp/work/x86_64-linux/pkgconfig-native/0.29.2+gitAUTOINC+d97db4fae4-r0/recipe-sysroot-native/usr --exec_prefix=/home/ubuntu/yocto/rpi-build/tmp/work/x86_64-linux/pkgconfig-native/0.29.2+gitAUTOINC+d97db4fae4-r0/recipe-sysroot-native/usr --bindir=/home/ubuntu/yocto/rpi-build/tmp/work/x86_64-linux/pkgconfig-native/0.29.2+gitAUTOINC+d97db4fae4-r0/recipe-sysroot-native/usr/bin --sbindir=/home/ubuntu/yocto/rpi-build/tmp/work/x86_64-linux/pkgconfig-native/0.29.2+gitAUTOINC+d97db4fae4-r0/recipe-sysroot-native/usr/sbin --libexecdir=/home/ubuntu/yocto/rpi-build/tmp/work/x86_64-linux/pkgconfig-native/0.29.2+gitAUTOINC+d97db4fae4-r0/recipe-sysroot-native/usr/libexec --datadir=/home/ubuntu/yocto/rpi-build/tmp/work/x86_64-linux/pkgconfig-native/0.29.2+gitAUTOINC+d97db4fae4-r0/recipe-sysroot-native/usr/share --sysconfdir=/home/ubuntu/yocto/rpi-build/tmp/work/x86_64-linux/pkgconfig-native/0.29.2+gitAUTOINC+d97db4fae4-r0/recipe-sysroot-native/etc --sharedstatedir=/home/ubuntu/yocto/rpi-build/tmp/work/x86_64-linux/pkgconfig-native/0.29.2+gitAUTOINC+d97db4fae4-r0/recipe-sysroot-native/com --localstatedir=/home/ubuntu/yocto/rpi-build/tmp/work/x86_64-linux/pkgconfig-native/0.29.2+gitAUTOINC+d97db4fae4-r0/recipe-sysroot-native/var --libdir=/home/ubuntu/yocto/rpi-build/tmp/work/x86_64-linux/pkgconfig-native/0.29.2+gitAUTOINC+d97db4fae4-r0/recipe-sysroot-native/usr/lib --includedir=/home/ubuntu/yocto/rpi-build/tmp/work/x86_64-linux/pkgconfig-native/0.29.2+gitAUTOINC+d97db4fae4-r0/recipe-sysroot-native/usr/include --oldincludedir=/home/ubuntu/yocto/rpi-build/tmp/work/x86_64-linux/pkgconfig-native/0.29.2+gitAUTOINC+d97db4fae4-r0/recipe-sysroot-native/usr/include --infodir=/home/ubuntu/yocto/rpi-build/tmp/work/x86_64-linux/pkgconfig-native/0.29.2+gitAUTOINC+d97db4fae4-r0/recipe-sysroot-native/usr/share/info --mandir=/home/ubuntu/yocto/rpi-build/tmp/work/x86_64-linux/pkgconfig-native/0.29.2+gitAUTOINC+d97db4fae4-r0/recipe-sysroot-native/usr/share/man --disable-silent-rules --disable-dependency-tracking --disable-indirect-deps --disable-static --with-internal-glib

## --------- ##
## Platform. ##
## --------- ##

hostname = DESKTOP-CSPIOE3
uname -m = x86_64
uname -r = 6.6.87.2-microsoft-standard-WSL2
uname -s = Linux
uname -v = #1 SMP PREEMPT_DYNAMIC Thu Jun  5 18:30:46 UTC 2025

/usr/bin/uname -p = x86_64
/bin/uname -X     = unknown

/bin/arch              = x86_64
/usr/bin/arch -k       = unknown
/usr/convex/getsysinfo = unknown
/usr/bin/hostinfo      = unknown
/bin/machine           = unknown
/usr/bin/oslevel       = unknown
/bin/universe          = unknown

PATH: /home/ubuntu/yocto/poky/scripts/native-intercept/
PATH: /home/ubuntu/yocto/rpi-build/tmp/sysroots-uninative/x86_64-linux/usr/bin/
PATH: /home/ubuntu/yocto/poky/scripts/
PATH: /home/ubuntu/yocto/rpi-build/tmp/work/x86_64-linux/pkgconfig-native/0.29.2+gitAUTOINC+d97db4fae4-r0/recipe-sysroot-native/usr/bin/x86_64-linux/
PATH: /home/ubuntu/yocto/rpi-build/tmp/work/x86_64-linux/pkgconfig-native/0.29.2+gitAUTOINC+d97db4fae4-r0/recipe-sysroot-native/usr/bin/
PATH: /home/ubuntu/yocto/rpi-build/tmp/work/x86_64-linux/pkgconfig-native/0.29.2+gitAUTOINC+d97db4fae4-r0/recipe-sysroot-native/usr/sbin/
PATH: /home/ubuntu/yocto/rpi-build/tmp/work/x86_64-linux/pkgconfig-native/0.29.2+gitAUTOINC+d97db4fae4-r0/recipe-sysroot-native/usr/bin/
PATH: /home/ubuntu/yocto/rpi-build/tmp/work/x86_64-linux/pkgconfig-native/0.29.2+gitAUTOINC+d97db4fae4-r0/recipe-sysroot-native/sbin/
PATH: /home/ubuntu/yocto/rpi-build/tmp/work/x86_64-linux/pkgconfig-native/0.29.2+gitAUTOINC+d97db4fae4-r0/recipe-sysroot-native/bin/
PATH: /home/ubuntu/yocto/poky/bitbake/bin/
PATH: /home/ubuntu/yocto/rpi-build/tmp/hosttools/


## ----------- ##
## Core tests. ##
## ----------- ##

configure:2068: loading site script /home/ubuntu/yocto/poky/meta/site/endian-little
| ac_cv_c_littleendian=${ac_cv_c_littleendian=yes}
| ac_cv_c_bigendian=${ac_cv_c_bigendian=no}
| 
| # libnet
| ac_cv_libnet_endianess=${ac_cv_libnet_endianess=lil}
| 
| # libmemcached
| ac_cv_c_endian=little
configure:2068: loading site script /home/ubuntu/yocto/poky/meta/site/common-linux
| # gettext - these add sleep delays otherwise
| gl_cv_func_sleep_works=${gl_cv_func_sleep_works=yes}
| gl_cv_header_working_fcntl_h=${gl_cv_header_working_fcntl_h=yes}
| # the euc-jp tests in iconv.m4 break elfutils and libunistring depending on the
| # host locales installed. Avoid this by skipping the tests, we're not on HP-UX!
| am_cv_func_iconv_works=${am_cv_func_iconv_works=yes}
| 
| # apr
| ac_cv_file__dev_zero=${ac_cv_file__dev_zero=yes}
| ac_cv_sizeof_pid_t=${ac_cv_sizeof_pid_t=4}
| ac_cv_func_pthread_key_delete=${ac_cv_func_pthread_key_delete=yes}
| apr_cv_tcp_nodelay_with_cork=${apr_cv_tcp_nodelay_with_cork=yes}
| apr_cv_process_shared_works=${apr_cv_process_shared_works=no}
| 
| # samba
| samba_cv_HAVE_IFACE_AIX=${samba_cv_HAVE_IFACE_AIX=no}
| samba_cv_HAVE_IFACE_IFCONF=${samba_cv_HAVE_IFACE_IFCONF=yes}
| samba_cv_HAVE_IFACE_IFREQ=${samba_cv_HAVE_IFACE_IFREQ=yes}
| samba_cv_HAVE_IRIX_SPECIFIC_CAPABILITIES=${samba_cv_HAVE_IRIX_SPECIFIC_CAPABILITIES=no}
| 
| # db
| db_cv_path_ar=${db_cv_path_ar=/usr/bin/ar}
| db_cv_path_chmod=${db_cv_path_chmod=/bin/chmod}
| db_cv_path_cp=${db_cv_path_cp=/bin/cp}
| db_cv_path_ln=${db_cv_path_ln=/bin/ln}
| db_cv_path_mkdir=${db_cv_path_mkdir=/bin/mkdir}
| db_cv_path_ranlib=${db_cv_path_ranlib=/usr/bin/ranlib}
| db_cv_path_rm=${db_cv_path_rm=/bin/rm}
| db_cv_path_sh=${db_cv_path_sh=/bin/sh}
| db_cv_path_strip=${db_cv_path_strip=/usr/bin/strip}
| 
| # bash
| bash_cv_have_mbstate_t=${bash_cv_have_mbstate_t=yes}
| bash_cv_must_reinstall_sighandlers=${bash_cv_must_reinstall_sighandlers=no}
| bash_cv_func_strcoll_broken=${bash_cv_func_strcoll_broken=no}
| bash_cv_dup2_broken=${bash_cv_dup2_broken=no}
| bash_cv_opendir_not_robust=${bash_cv_opendir_not_robust=no}
| bash_cv_type_rlimit=${bash_cv_type_rlimit=rlim_t}
| bash_cv_getenv_redef=${bash_cv_getenv_redef=yes}
| bash_cv_ulimit_maxfds=${bash_cv_ulimit_maxfds=yes}
| bash_cv_getcwd_calls_popen=${bash_cv_getcwd_calls_popen=no}
| bash_cv_printf_a_format=${bash_cv_printf_a_format=yes}
| bash_cv_pgrp_pipe=${bash_cv_pgrp_pipe=no}
| bash_cv_job_control_missing=${bash_cv_job_control_missing=present}
| bash_cv_sys_named_pipes=${bash_cv_sys_named_pipes=present}
| bash_cv_unusable_rtsigs=${bash_cv_unusable_rtsigs=no}
| 
| # ccache
| hw_cv_func_snprintf_c99=${hw_cv_func_snprintf_c99=yes}
| hw_cv_func_vsnprintf_c99=${hw_cv_func_vsnprintf_c99=yes}
| 
| # coreutils
| ac_cv_func_chown_works=${ac_cv_func_chown_works=yes}
| ac_cv_func_utime_null=${ac_cv_func_utime_null=yes}
| gl_cv_func_fstatat_zero_flag=${gl_cv_func_fstatat_zero_flag=yes}
| gl_cv_func_link_follows_symlink=${gl_cv_func_link_follows_symlink=no}
| gl_cv_func_unlink_busy_text=${gl_cv_func_unlink_busy_text=yes}
| gl_cv_have_proc_uptime=${gl_cv_have_proc_uptime=yes}
| gl_cv_pipes_are_fifos=${gl_cv_pipes_are_fifos='yes (1)'}
| 
| # mysql
| ac_cv_sys_restartable_syscalls=${ac_cv_sys_restartable_syscalls=yes}
| ac_cv_conv_longlong_to_float=${ac_cv_conv_longlong_to_float=yes}
| 
| # TCL
| tcl_cv_api_serial=${tcl_cv_api_serial=termios}
| 
| # python
| ac_cv_have_long_long_format=yes
| 
| # apache
| ac_cv_o_nonblock_inherited=${ac_cv_o_nonblock_inherited=no}
| 
| # rsync
| rsync_cv_HAVE_C99_VSNPRINTF=${rsync_cv_HAVE_C99_VSNPRINTF=yes}
configure:2068: loading site script /home/ubuntu/yocto/poky/meta/site/common-glibc
| # general
| ac_cv_func_calloc_0_nonnull=${ac_cv_func_calloc_0_nonnull=yes}
| ac_cv_func_realloc_works=${ac_cv_func_realloc_works=yes}
| ac_cv_func_realloc_0_nonnull=${ac_cv_func_realloc_0_nonnull=yes}
| ac_cv_func_malloc_works=${ac_cv_func_malloc_works=yes}
| ac_cv_func_malloc_0_nonnull=${ac_cv_func_malloc_0_nonnull=yes}
| ac_cv_func_memcmp_working=${ac_cv_func_memcmp_working=yes}
| ac_cv_func_getpgrp_void=yes
| ac_cv_func_setpgrp_void=yes
| ac_cv_func_setgrent_void=yes
| ac_cv_func_getgrgid_r=${ac_cv_func_getgrgid_r=yes}
| ac_cv_func_getpwuid_r=${ac_cv_func_getpwuid_r=yes}
| ac_cv_func_posix_getpwuid_r=${ac_cv_func_posix_getpwuid_r=yes}
| ac_cv_func_posix_getgrgid_r=${ac_cv_func_posix_getgrgid_r=yes}
| ac_cv_type_uid_t={ac_cv_type_uid_t=yes}
| ac_cv_func_getaddrinfo=${ac_cv_func_getaddrinfo=yes}
| ac_cv_func_strtod=${ac_cv_func_strtod=yes}
| 
| # bash
| bash_cv_getcwd_malloc=${bash_cv_getcwd_malloc=yes}
| 
| # clamav
| clamav_av_func_working_snprintf_long=${clamav_av_func_working_snprintf_long=yes}
| clamav_av_have_in_port_t=${clamav_av_have_in_port_t=yes}
| clamav_av_have_in_addr_t=${clamav_av_have_in_addr_t=yes}
| ac_cv_func_mmap_fixed_mapped=${ac_cv_func_mmap_fixed_mapped=yes}
| 
| # coreutils
| fu_cv_sys_stat_statfs2_bsize=${fu_cv_sys_stat_statfs2_bsize=yes}
| gl_cv_func_getcwd_abort_bug=${gl_cv_func_getcwd_abort_bug=no}
| gl_cv_func_getcwd_null=${gl_cv_func_getcwd_null=yes}
| gl_cv_func_getcwd_path_max=${gl_cv_func_getcwd_path_max=yes}
| ac_cv_func_getgroups_works=${ac_cv_func_getgroups_works=yes}
| gl_cv_func_nanosleep=${gl_cv_func_nanosleep='no (mishandles large arguments)'}
| gl_cv_func_working_mkstemp=${gl_cv_func_working_mkstemp=yes}
| gl_cv_func_working_mktime=${gl_cv_func_working_mktime=yes}
| gl_cv_func_working_utimes=${gl_cv_func_working_utimes=yes}
| 
| # glib
| glib_cv_strlcpy=${glib_cv_strlcpy=no}
| ac_cv_func_printf_unix98=${ac_cv_func_printf_unix98=yes}
| ac_cv_func_snprintf_c99=${ac_cv_func_snprintf_c99=yes}
| ac_cv_func_vsnprintf_c99=${ac_cv_func_vsnprintf_c99=yes}
| glib_cv_compliant_posix_memalign=${glib_cv_compliant_posix_memalign=1}
| glib_cv_long_long_format=${glib_cv_long_long_format=ll}
| # glib-1.x requires this and pkgconfig-native / pkgconfig-nativesdk use
| # that to avoid a dependency loop.
| glib_cv___va_copy=${glib_cv___va_copy=yes}
| glib_cv_va_copy=${glib_cv_va_copy=yes}
| glib_cv_have_qsort_r=${glib_cv_have_qsort_r=yes}
| 
| #dbus-glib
| ac_cv_have_abstract_sockets=${ac_cv_have_abstract_sockets=yes}
| 
| # gnucash
| am_cv_scanf_lld=${am_cv_scanf_lld=yes}
| 
| # guile
| ac_cv_func_pthread_attr_getstack=${ac_cv_func_pthread_attr_getstack=yes}
| 
| #gcc-zlib
| ac_cv_func_getpagesize=${ac_cv_func_getpagesize=yes}
| ac_cv_func_memcpy=${ac_cv_func_memcpy=yes}
| ac_cv_func_strerror=${ac_cv_func_strerror=yes}
| 
| # squid
| ac_cv_af_unix_large_dgram=${ac_cv_af_unix_large_dgram=yes}
| ac_cv_func_setresuid=${ac_cv_func_setresuid=yes}
| ac_cv_func_va_copy=${ac_cv_func_va_copy=yes}
| ac_cv_func___va_copy=${ac_cv_func___va_copy=yes}
| ac_cv_epoll_works=${ac_cv_epoll_works=yes}
| 
| ac_cv_check_sjlj=ssjlj
| 
| # m4
| gt_cv_locale_fr=${gt_cv_locale_fr=fr_FR}
| gl_cv_func_btowc_eof=${gl_cv_func_btowc_eof=yes}
| gl_cv_func_wcrtomb_retval=${gl_cv_func_wcrtomb_retval=yes}
| gl_cv_func_wctob_works=${gl_cv_func_wctob_works=yes}
| gl_cv_func_mbrtowc_incomplete_state=${gl_cv_func_mbrtowc_incomplete_state=yes}
| gl_cv_func_mbrtowc_sanitycheck=${gl_cv_func_mbrtowc_sanitycheck=yes}
| gl_cv_func_mbrtowc_null_arg=${gl_cv_func_mbrtowc_null_arg=yes}
| gl_cv_func_mbrtowc_retval=${gl_cv_func_mbrtowc_retval=yes}
| gl_cv_func_mbrtowc_nul_retval=${gl_cv_func_mbrtowc_nul_retval=yes}
| 
| # va_copy and _va_copy
| ac_cv_va_copy=${ac_cv_va_copy=yes}
| ac_cv___va_copy=${ac_cv___va_copy=yes}
| ac_cv_func_va_copy=${ac_cv_func_va_copy=yes}
| ac_cv_func___va_copy=${ac_cv_func___va_copy=yes}
| 
| # Xorg
| xorg_cv_malloc0_returns_null=${xorg_cv_malloc0_returns_null=yes}
configure:2068: loading site script /home/ubuntu/yocto/poky/meta/site/x86_64-linux
| # general
| ac_cv_va_val_copy=${ac_cv_va_val_copy=no}
| ac_cv_func_lstat_dereferences_slashed_symlink=${ac_cv_func_lstat_dereferences_slashed_symlink=yes}
| ac_cv_func_lstat_empty_string_bug=${ac_cv_func_lstat_empty_string_bug=no}
| ac_cv_func_posix_getpwnam_r=${ac_cv_func_posix_getpwnam_r=yes}
| ac_cv_func_setvbuf_reversed=${ac_cv_func_setvbuf_reversed=no}
| ac_cv_func_stat_empty_string_bug=${ac_cv_func_stat_empty_string_bug=no}
| ac_cv_func_stat_ignores_trailing_slash=${ac_cv_func_stat_ignores_trailing_slash=no}
| ac_libnet_have_packet_socket=${ac_libnet_have_packet_socket=yes}
| ac_cv_linux_vers=${ac_cv_linux_vers=2}
| ac_cv_need_trio=${ac_cv_need_trio=no}
| ac_cv_sizeof_char=${ac_cv_sizeof_char=1}
| ac_cv_sizeof_int=${ac_cv_sizeof_int=4}
| ac_cv_sizeof_unsigned_int=${ac_cv_sizeof_unsigned_int=4}
| ac_cv_sizeof___int64=${ac_cv_sizeof___int64=0}
| ac_cv_sizeof_long=${ac_cv_sizeof_long=8}
| ac_cv_sizeof_unsigned_long=${ac_cv_sizeof_unsigned_long=8}
| ac_cv_sizeof_long_double=${ac_cv_sizeof_long_double=16}
| ac_cv_sizeof_long_int=${ac_cv_sizeof_long_int=8}
| ac_cv_sizeof_long_long=${ac_cv_sizeof_long_long=8}
| ac_cv_sizeof_short=${ac_cv_sizeof_short=2}
| ac_cv_sizeof_unsigned_short=${ac_cv_sizeof_unsigned_short=2}
| ac_cv_sizeof_short_int=${ac_cv_sizeof_short_int=2}
| ac_cv_sizeof_size_t=${ac_cv_sizeof_size_t=8}
| ac_cv_sizeof_uid_t=${ac_cv_sizeof_uid_t=4}
| ac_cv_sizeof_gid_t=${ac_cv_sizeof_gid_t=4}
| ac_cv_sizeof_dev_t=${ac_cv_sizeof_dev_t=8}
| ac_cv_sizeof_void_p=${ac_cv_sizeof_void_p=8}
| ac_cv_strerror_r_SUSv3=${ac_cv_strerror_r_SUSv3=no}
| db_cv_alignp_t=${db_cv_alignp_t='unsigned long long'}
| db_cv_align_t=${db_cv_align_t='unsigned long long'}
| db_cv_fcntl_f_setfd=${db_cv_fcntl_f_setfd=yes}
| db_cv_sprintf_count=${db_cv_sprintf_count=yes}
| 
| # glib
| glib_cv_hasinline=${glib_cv_hasinline=yes}
| glib_cv_has__inline=${glib_cv_has__inline=yes}
| glib_cv_has__inline__=${glib_cv_has__inline__=yes}
| glib_cv_long_long_format=${glib_cv_long_long_format=ll}
| glib_cv_rtldglobal_broken=${glib_cv_rtldglobal_broken=yes}
| glib_cv_sane_realloc=${glib_cv_sane_realloc=yes}
| glib_cv_sizeof_gmutex=${glib_cv_sizeof_gmutex=40}
| glib_cv_sizeof_intmax_t=${glib_cv_sizeof_intmax_t=8}
| glib_cv_sizeof_ptrdiff_t=${glib_cv_sizeof_ptrdiff_t=8}
| glib_cv_sizeof_size_t=${glib_cv_sizeof_size_t=8}
| glib_cv_sizeof_system_thread=${glib_cv_sizeof_system_thread=8}
| glib_cv_stack_grows=${glib_cv_stack_grows=no}
| glib_cv_sys_pthread_cond_timedwait_posix=${glib_cv_sys_pthread_cond_timedwait_posix=yes}
| glib_cv_sys_pthread_getspecific_posix=${glib_cv_sys_pthread_getspecific_posix=yes}
| glib_cv_sys_pthread_mutex_trylock_posix=${glib_cv_sys_pthread_mutex_trylock_posix=yes}
| glib_cv_uscore=${glib_cv_uscore=no}
| glib_cv_va_val_copy=${glib_cv_va_val_copy=no}
| ac_cv_alignof_guint32=4
| ac_cv_alignof_guint64=8
| ac_cv_alignof_unsigned_long=8
| 
| nano_cv_func_regexec_segv_emptystr=${nano_cv_func_regexec_segv_emptystr=no}
| samba_cv_HAVE_VA_COPY=${samba_cv_HAVE_VA_COPY=yes}
| screen_cv_sys_bcopy_overlap=${screen_cv_sys_bcopy_overlap=no}
| screen_cv_sys_fifo_broken_impl=${screen_cv_sys_fifo_broken_impl=yes}
| screen_cv_sys_fifo_usable=${screen_cv_sys_fifo_usable=yes}
| screen_cv_sys_memcpy_overlap=${screen_cv_sys_memcpy_overlap=no}
| screen_cv_sys_memmove_overlap=${screen_cv_sys_memmove_overlap=no}
| screen_cv_sys_select_broken_retval=${screen_cv_sys_select_broken_retval=no}
| screen_cv_sys_sockets_nofs=${screen_cv_sys_sockets_nofs=no}
| screen_cv_sys_sockets_usable=${screen_cv_sys_sockets_usable=yes}
| screen_cv_sys_terminfo_used=${screen_cv_sys_terminfo_used=yes}
| utils_cv_sys_open_max=${utils_cv_sys_open_max=1015}
| 
| # gettext
| am_cv_func_working_getline=${am_cv_func_working_getline=yes}
| 
| #gcc
| ac_cv_lib_m_sin=${ac_cv_lib_m_sin=yes}
| 
| # bash
| bash_cv_func_sigsetjmp=${bash_cv_func_sigsetjmp=present}
| 
| lf_cv_sane_realloc=yes
| as_cv_unaligned_access=${as_cv_unaligned_access=yes}
| 
| #unfs3
| nfsd_cv_broken_setfsuid=${nfsd_cv_broken_setfsuid=0}
| nfsd_cv_func_statfs=${nfsd_cv_func_statfs=statfs2_bsize}
| nfsd_cv_bsd_signals=${nfsd_cv_bsd_signals=yes}
| 
| #apr
| apr_cv_tcp_nodelay_with_cork=${apr_cv_tcp_nodelay_with_cork=yes}
| 
| # lftp
| lftp_cv_va_val_copy=${lftp_cv_va_val_copy=no}
| 
| # slrn
| slrn_cv_va_val_copy=${slrn_cv_va_val_copy=no}
| 
| # grub
| ac_cv_func___ashldi3=no
| ac_cv_func___ashrdi3=no
| ac_cv_func___bswapdi2=no
| ac_cv_func___bswapsi2=no
| ac_cv_func___lshrdi3=no
| ac_cv_func___trampoline_setup=no
| ac_cv_func___ucmpdi2=no
| ac_cv_func__restgpr_14_x=no
| 
| # cvs
| cvs_cv_func_printf_ptr=${cvs_cv_func_printf_ptr=yes}
| 
| # at-spi2-core
| ac_cv_alignof_char=1
| ac_cv_alignof_dbind_pointer=8
| ac_cv_alignof_dbind_struct=1
| ac_cv_alignof_dbus_bool_t=4
| ac_cv_alignof_dbus_int16_t=2
| ac_cv_alignof_dbus_int32_t=4
| ac_cv_alignof_dbus_int64_t=8
| ac_cv_alignof_double=8
configure:2068: loading site script /home/ubuntu/yocto/poky/meta/site/common
| # libelf
| mr_cv_target_elf=${mr_cv_target_elf=yes}
| 
| # Normally kernels have /dev/random enabled
| ac_cv_file__dev_random=${ac_cv_file__dev_random=yes}
| 
| # Avoid sudo to assume void for unsetenv in cross environment, or else it conflicts with
| # target stdlib.h prototype which follows POSIX compiliance. Mark for upstream.
| sudo_cv_func_unsetenv_void=no
| 
| # shadow dir info, to avoid searching build system
| shadow_cv_maildir=${localstatedir}/spool/mail
| shadow_cv_mailfile=Mailbox
| shadow_cv_utmpdir=${localstatedir}/run
| shadow_cv_logdir=${localstatedir}/log
| shadow_cv_passwd_dir=${bindir}
| 
| # python: deactivate a runtime check for ipv6-support in python >=2.7.1 that fails when cross-compiling
| ac_cv_buggy_getaddrinfo=no
| 
| ac_cv_path_SED=${ac_cv_path_SED=sed}
| 
| # General
| ac_cv_have_decl_sys_siglist=${ac_cv_have_decl_sys_siglist=no}
| 
| # bash
| bash_cv_under_sys_siglist=${bash_cv_under_sys_siglist=no}
| bash_cv_sys_siglist=${bash_cv_sys_siglist=no}
configure:2427: looking for aux files: compile config.guess config.sub ltmain.sh missing install-sh
configure:2440:  trying ../git/
configure:2469:   ../git/compile found
configure:2469:   ../git/config.guess found
configure:2469:   ../git/config.sub found
configure:2469:   ../git/ltmain.sh found
configure:2469:   ../git/missing found
configure:2451:   ../git/install-sh found
configure:2605: checking for a BSD-compatible install
configure:2678: result: /home/ubuntu/yocto/rpi-build/tmp/hosttools/install -c
configure:2689: checking whether build environment is sane
configure:2704: result: yes
configure:2854: checking for a race-free mkdir -p
configure:2898: result: /home/ubuntu/yocto/rpi-build/tmp/hosttools/mkdir -p
configure:2905: checking for gawk
configure:2926: found /home/ubuntu/yocto/rpi-build/tmp/hosttools/gawk
configure:2937: result: gawk
configure:2948: checking whether make sets $(MAKE)
configure:2971: result: yes
configure:3001: checking whether make supports nested variables
configure:3019: result: yes
configure:3189: checking build system type
configure:3204: result: x86_64-pc-linux-gnu
configure:3224: checking host system type
configure:3238: result: x86_64-pc-linux-gnu
configure:3279: checking how to print strings
configure:3306: result: printf
configure:3340: checking whether make supports the include directive
configure:3355: make -f confmf.GNU && cat confinc.out
this is the am__doit target
configure:3358: $? = 0
configure:3377: result: yes (GNU style)
configure:3408: checking for x86_64-linux-gcc
configure:3440: result: gcc 
configure:3838: checking for C compiler version
configure:3847: gcc  --version >&5
gcc (Ubuntu 11.4.0-1ubuntu1~22.04.2) 11.4.0
Copyright (C) 2021 Free Software Foundation, Inc.
This is free software; see the source for copying conditions.  There is NO
warranty; not even for MERCHANTABILITY or FITNESS FOR A PARTICULAR PURPOSE.

configure:3858: $? = 0
configure:3847: gcc  -v >&5
Using built-in specs.
COLLECT_GCC=gcc
COLLECT_LTO_WRAPPER=/usr/lib/gcc/x86_64-linux-gnu/11/lto-wrapper
OFFLOAD_TARGET_NAMES=nvptx-none:amdgcn-amdhsa
OFFLOAD_TARGET_DEFAULT=1
Target: x86_64-linux-gnu
Configured with: ../src/configure -v --with-pkgversion='Ubuntu 11.4.0-1ubuntu1~22.04.2' --with-bugurl=file:///usr/share/doc/gcc-11/README.Bugs --enable-languages=c,ada,c++,go,brig,d,fortran,objc,obj-c++,m2 --prefix=/usr --with-gcc-major-version-only --program-suffix=-11 --program-prefix=x86_64-linux-gnu- --enable-shared --enable-linker-build-id --libexecdir=/usr/lib --without-included-gettext --enable-threads=posix --libdir=/usr/lib --enable-nls --enable-bootstrap --enable-clocale=gnu --enable-libstdcxx-debug --enable-libstdcxx-time=yes --with-default-libstdcxx-abi=new --enable-gnu-unique-object --disable-vtable-verify --enable-plugin --enable-default-pie --with-system-zlib --enable-libphobos-checking=release --with-target-system-zlib=auto --enable-objc-gc=auto --enable-multiarch --disable-werror --enable-cet --with-arch-32=i686 --with-abi=m64 --with-multilib-list=m32,m64,mx32 --enable-multilib --with-tune=generic --enable-offload-targets=nvptx-none=/build/gcc-11-2Y5pKs/gcc-11-11.4.0/debian/tmp-nvptx/usr,amdgcn-amdhsa=/build/gcc-11-2Y5pKs/gcc-11-11.4.0/debian/tmp-gcn/usr --without-cuda-driver --enable-checking=release --build=x86_64-linux-gnu --host=x86_64-linux-gnu --target=x86_64-linux-gnu --with-build-config=bootstrap-lto-lean --enable-link-serialization=2
Thread model: posix
Supported LTO compression algorithms: zlib zstd
gcc version 11.4.0 (Ubuntu 11.4.0-1ubuntu1~22.04.2) 
... rest of stderr output deleted ...
configure:3858: $? = 0
configure:3847: gcc  -V >&5
gcc: error: unrecognized command-line option '-V'
gcc: fatal error: no input files
compilation terminated.
configure:3858: $? = 1
configure:3847: gcc  -qversion >&5
gcc: error: unrecognized command-line option '-qversion'; did you mean '--version'?
gcc: fatal error: no input files
compilation terminated.
configure:3858: $? = 1
configure:3847: gcc  -version >&5
gcc: error: unrecognized command-line option '-version'
gcc: fatal error: no input files
compilation terminated.
configure:3858: $? = 1
configure:3878: checking whether the C compiler works
configure:3900: gcc  -isystem/home/ubuntu/yocto/rpi-build/tmp/work/x86_64-linux/pkgconfig-native/0.29.2+gitAUTOINC+d97db4fae4-r0/recipe-sysroot-native/usr/include -O2 -pipe -isystem/home/ubuntu/yocto/rpi-build/tmp/work/x86_64-linux/pkgconfig-native/0.29.2+gitAUTOINC+d97db4fae4-r0/recipe-sysroot-native/usr/include -L/home/ubuntu/yocto/rpi-build/tmp/work/x86_64-linux/pkgconfig-native/0.29.2+gitAUTOINC+d97db4fae4-r0/recipe-sysroot-native/usr/lib                         -L/home/ubuntu/yocto/rpi-build/tmp/work/x86_64-linux/pkgconfig-native/0.29.2+gitAUTOINC+d97db4fae4-r0/recipe-sysroot-native/lib                         -Wl,--enable-new-dtags                         -Wl,-rpath-link,/home/ubuntu/yocto/rpi-build/tmp/work/x86_64-linux/pkgconfig-native/0.29.2+gitAUTOINC+d97db4fae4-r0/recipe-sysroot-native/usr/lib                         -Wl,-rpath-link,/home/ubuntu/yocto/rpi-build/tmp/work/x86_64-linux/pkgconfig-native/0.29.2+gitAUTOINC+d97db4fae4-r0/recipe-sysroot-native/lib                         -Wl,-rpath,/home/ubuntu/yocto/rpi-build/tmp/work/x86_64-linux/pkgconfig-native/0.29.2+gitAUTOINC+d97db4fae4-r0/recipe-sysroot-native/usr/lib                         -Wl,-rpath,/home/ubuntu/yocto/rpi-build/tmp/work/x86_64-linux/pkgconfig-native/0.29.2+gitAUTOINC+d97db4fae4-r0/recipe-sysroot-native/lib                         -Wl,-O1 -Wl,--allow-shlib-undefined -Wl,--dynamic-linker=/home/ubuntu/yocto/rpi-build/tmp/sysroots-uninative/x86_64-linux/lib/ld-linux-x86-64.so.2 conftest.c  >&5
configure:3904: $? = 0
configure:3954: result: yes
configure:3957: checking for C compiler default output file name
configure:3959: result: a.out
configure:3965: checking for suffix of executables
configure:3972: gcc  -o conftest -isystem/home/ubuntu/yocto/rpi-build/tmp/work/x86_64-linux/pkgconfig-native/0.29.2+gitAUTOINC+d97db4fae4-r0/recipe-sysroot-native/usr/include -O2 -pipe -isystem/home/ubuntu/yocto/rpi-build/tmp/work/x86_64-linux/pkgconfig-native/0.29.2+gitAUTOINC+d97db4fae4-r0/recipe-sysroot-native/usr/include -L/home/ubuntu/yocto/rpi-build/tmp/work/x86_64-linux/pkgconfig-native/0.29.2+gitAUTOINC+d97db4fae4-r0/recipe-sysroot-native/usr/lib                         -L/home/ubuntu/yocto/rpi-build/tmp/work/x86_64-linux/pkgconfig-native/0.29.2+gitAUTOINC+d97db4fae4-r0/recipe-sysroot-native/lib                         -Wl,--enable-new-dtags                         -Wl,-rpath-link,/home/ubuntu/yocto/rpi-build/tmp/work/x86_64-linux/pkgconfig-native/0.29.2+gitAUTOINC+d97db4fae4-r0/recipe-sysroot-native/usr/lib                         -Wl,-rpath-link,/home/ubuntu/yocto/rpi-build/tmp/work/x86_64-linux/pkgconfig-native/0.29.2+gitAUTOINC+d97db4fae4-r0/recipe-sysroot-native/lib                         -Wl,-rpath,/home/ubuntu/yocto/rpi-build/tmp/work/x86_64-linux/pkgconfig-native/0.29.2+gitAUTOINC+d97db4fae4-r0/recipe-sysroot-native/usr/lib                         -Wl,-rpath,/home/ubuntu/yocto/rpi-build/tmp/work/x86_64-linux/pkgconfig-native/0.29.2+gitAUTOINC+d97db4fae4-r0/recipe-sysroot-native/lib                         -Wl,-O1 -Wl,--allow-shlib-undefined -Wl,--dynamic-linker=/home/ubuntu/yocto/rpi-build/tmp/sysroots-uninative/x86_64-linux/lib/ld-linux-x86-64.so.2 conftest.c  >&5
configure:3976: $? = 0
configure:3999: result: 
configure:4021: checking whether we are cross compiling
configure:4029: gcc  -o conftest -isystem/home/ubuntu/yocto/rpi-build/tmp/work/x86_64-linux/pkgconfig-native/0.29.2+gitAUTOINC+d97db4fae4-r0/recipe-sysroot-native/usr/include -O2 -pipe -isystem/home/ubuntu/yocto/rpi-build/tmp/work/x86_64-linux/pkgconfig-native/0.29.2+gitAUTOINC+d97db4fae4-r0/recipe-sysroot-native/usr/include -L/home/ubuntu/yocto/rpi-build/tmp/work/x86_64-linux/pkgconfig-native/0.29.2+gitAUTOINC+d97db4fae4-r0/recipe-sysroot-native/usr/lib                         -L/home/ubuntu/yocto/rpi-build/tmp/work/x86_64-linux/pkgconfig-native/0.29.2+gitAUTOINC+d97db4fae4-r0/recipe-sysroot-native/lib                         -Wl,--enable-new-dtags                         -Wl,-rpath-link,/home/ubuntu/yocto/rpi-build/tmp/work/x86_64-linux/pkgconfig-native/0.29.2+gitAUTOINC+d97db4fae4-r0/recipe-sysroot-native/usr/lib                         -Wl,-rpath-link,/home/ubuntu/yocto/rpi-build/tmp/work/x86_64-linux/pkgconfig-native/0.29.2+gitAUTOINC+d97db4fae4-r0/recipe-sysroot-native/lib                         -Wl,-rpath,/home/ubuntu/yocto/rpi-build/tmp/work/x86_64-linux/pkgconfig-native/0.29.2+gitAUTOINC+d97db4fae4-r0/recipe-sysroot-native/usr/lib                         -Wl,-rpath,/home/ubuntu/yocto/rpi-build/tmp/work/x86_64-linux/pkgconfig-native/0.29.2+gitAUTOINC+d97db4fae4-r0/recipe-sysroot-native/lib                         -Wl,-O1 -Wl,--allow-shlib-undefined -Wl,--dynamic-linker=/home/ubuntu/yocto/rpi-build/tmp/sysroots-uninative/x86_64-linux/lib/ld-linux-x86-64.so.2 conftest.c  >&5
configure:4033: $? = 0
configure:4040: ./conftest
configure:4044: $? = 0
configure:4059: result: no
configure:4064: checking for suffix of object files
configure:4087: gcc  -c -isystem/home/ubuntu/yocto/rpi-build/tmp/work/x86_64-linux/pkgconfig-native/0.29.2+gitAUTOINC+d97db4fae4-r0/recipe-sysroot-native/usr/include -O2 -pipe -isystem/home/ubuntu/yocto/rpi-build/tmp/work/x86_64-linux/pkgconfig-native/0.29.2+gitAUTOINC+d97db4fae4-r0/recipe-sysroot-native/usr/include conftest.c >&5
configure:4091: $? = 0
configure:4113: result: o
configure:4117: checking whether the compiler supports GNU C
configure:4137: gcc  -c -isystem/home/ubuntu/yocto/rpi-build/tmp/work/x86_64-linux/pkgconfig-native/0.29.2+gitAUTOINC+d97db4fae4-r0/recipe-sysroot-native/usr/include -O2 -pipe -isystem/home/ubuntu/yocto/rpi-build/tmp/work/x86_64-linux/pkgconfig-native/0.29.2+gitAUTOINC+d97db4fae4-r0/recipe-sysroot-native/usr/include conftest.c >&5
configure:4137: $? = 0
configure:4147: result: yes
configure:4158: checking whether gcc  accepts -g
configure:4179: gcc  -c -g -isystem/home/ubuntu/yocto/rpi-build/tmp/work/x86_64-linux/pkgconfig-native/0.29.2+gitAUTOINC+d97db4fae4-r0/recipe-sysroot-native/usr/include conftest.c >&5
configure:4179: $? = 0
configure:4223: result: yes
configure:4243: checking for gcc  option to enable C11 features
configure:4258: gcc   -c -isystem/home/ubuntu/yocto/rpi-build/tmp/work/x86_64-linux/pkgconfig-native/0.29.2+gitAUTOINC+d97db4fae4-r0/recipe-sysroot-native/usr/include -O2 -pipe -isystem/home/ubuntu/yocto/rpi-build/tmp/work/x86_64-linux/pkgconfig-native/0.29.2+gitAUTOINC+d97db4fae4-r0/recipe-sysroot-native/usr/include conftest.c >&5
configure:4258: $? = 0
configure:4276: result: none needed
configure:4392: checking whether gcc  understands -c and -o together
configure:4415: gcc  -c conftest.c -o conftest2.o
configure:4418: $? = 0
configure:4415: gcc  -c conftest.c -o conftest2.o
configure:4418: $? = 0
configure:4430: result: yes
configure:4449: checking dependency style of gcc 
configure:4561: result: none
configure:4576: checking for a sed that does not truncate output
configure:4646: result: sed
configure:4664: checking for grep that handles long lines and -e
configure:4728: result: /home/ubuntu/yocto/rpi-build/tmp/hosttools/grep
configure:4733: checking for egrep
configure:4801: result: /home/ubuntu/yocto/rpi-build/tmp/hosttools/grep -E
configure:4806: checking for fgrep
configure:4874: result: /home/ubuntu/yocto/rpi-build/tmp/hosttools/grep -F
configure:4910: checking for ld used by gcc 
configure:4978: result: ld 
configure:4985: checking if the linker (ld ) is GNU ld
configure:5001: result: yes
configure:5013: checking for BSD- or MS-compatible name lister (nm)
configure:5068: result: nm
configure:5208: checking the name lister (nm) interface
configure:5216: gcc  -c -isystem/home/ubuntu/yocto/rpi-build/tmp/work/x86_64-linux/pkgconfig-native/0.29.2+gitAUTOINC+d97db4fae4-r0/recipe-sysroot-native/usr/include -O2 -pipe -isystem/home/ubuntu/yocto/rpi-build/tmp/work/x86_64-linux/pkgconfig-native/0.29.2+gitAUTOINC+d97db4fae4-r0/recipe-sysroot-native/usr/include conftest.c >&5
configure:5219: nm "conftest.o"
configure:5222: output
0000000000000000 B some_variable
configure:5229: result: BSD nm
configure:5232: checking whether ln -s works
configure:5236: result: yes
configure:5244: checking the maximum length of command line arguments
configure:5376: result: 1572864
configure:5424: checking how to convert x86_64-pc-linux-gnu file names to x86_64-pc-linux-gnu format
configure:5465: result: func_convert_file_noop
configure:5472: checking how to convert x86_64-pc-linux-gnu file names to toolchain format
configure:5493: result: func_convert_file_noop
configure:5500: checking for ld  option to reload object files
configure:5508: result: -r
configure:5542: checking for x86_64-linux-file
configure:5577: result: no
configure:5587: checking for file
configure:5608: found /home/ubuntu/yocto/rpi-build/tmp/hosttools/file
configure:5619: result: file
configure:5650: checking for x86_64-linux-objdump
configure:5682: result: objdump
configure:5759: checking how to recognize dependent libraries
configure:5960: result: pass_all
configure:6005: checking for x86_64-linux-dlltool
configure:6040: result: no
configure:6050: checking for dlltool
configure:6085: result: no
configure:6115: checking how to associate runtime and link libraries
configure:6143: result: printf %s\n
configure:6160: checking for x86_64-linux-ar
configure:6192: result: ar
configure:6294: checking for archiver @FILE support
configure:6312: gcc  -c -isystem/home/ubuntu/yocto/rpi-build/tmp/work/x86_64-linux/pkgconfig-native/0.29.2+gitAUTOINC+d97db4fae4-r0/recipe-sysroot-native/usr/include -O2 -pipe -isystem/home/ubuntu/yocto/rpi-build/tmp/work/x86_64-linux/pkgconfig-native/0.29.2+gitAUTOINC+d97db4fae4-r0/recipe-sysroot-native/usr/include conftest.c >&5
configure:6312: $? = 0
configure:6316: ar cr libconftest.a @conftest.lst >&5
configure:6319: $? = 0
configure:6324: ar cr libconftest.a @conftest.lst >&5
/home/ubuntu/yocto/poky/scripts/native-intercept/ar: conftest.o: No such file or directory
configure:6327: $? = 1
configure:6339: result: @
configure:6357: checking for x86_64-linux-strip
configure:6389: result: strip
configure:6466: checking for x86_64-linux-ranlib
configure:6498: result: ranlib -D
configure:6645: checking command to parse nm output from gcc  object
configure:6799: gcc  -c -isystem/home/ubuntu/yocto/rpi-build/tmp/work/x86_64-linux/pkgconfig-native/0.29.2+gitAUTOINC+d97db4fae4-r0/recipe-sysroot-native/usr/include -O2 -pipe -isystem/home/ubuntu/yocto/rpi-build/tmp/work/x86_64-linux/pkgconfig-native/0.29.2+gitAUTOINC+d97db4fae4-r0/recipe-sysroot-native/usr/include conftest.c >&5
configure:6802: $? = 0
configure:6806: nm conftest.o \| sed -n -e 's/^.*[ ]\([ABCDGIRSTW][ABCDGIRSTW]*\)[ ][ ]*\([_A-Za-z][_A-Za-z0-9]*\)$/\1 \2 \2/p' | sed '/ __gnu_lto/d' \> conftest.nm
configure:6809: $? = 0
configure:6875: gcc  -o conftest -isystem/home/ubuntu/yocto/rpi-build/tmp/work/x86_64-linux/pkgconfig-native/0.29.2+gitAUTOINC+d97db4fae4-r0/recipe-sysroot-native/usr/include -O2 -pipe -isystem/home/ubuntu/yocto/rpi-build/tmp/work/x86_64-linux/pkgconfig-native/0.29.2+gitAUTOINC+d97db4fae4-r0/recipe-sysroot-native/usr/include -L/home/ubuntu/yocto/rpi-build/tmp/work/x86_64-linux/pkgconfig-native/0.29.2+gitAUTOINC+d97db4fae4-r0/recipe-sysroot-native/usr/lib                         -L/home/ubuntu/yocto/rpi-build/tmp/work/x86_64-linux/pkgconfig-native/0.29.2+gitAUTOINC+d97db4fae4-r0/recipe-sysroot-native/lib                         -Wl,--enable-new-dtags                         -Wl,-rpath-link,/home/ubuntu/yocto/rpi-build/tmp/work/x86_64-linux/pkgconfig-native/0.29.2+gitAUTOINC+d97db4fae4-r0/recipe-sysroot-native/usr/lib                         -Wl,-rpath-link,/home/ubuntu/yocto/rpi-build/tmp/work/x86_64-linux/pkgconfig-native/0.29.2+gitAUTOINC+d97db4fae4-r0/recipe-sysroot-native/lib                         -Wl,-rpath,/home/ubuntu/yocto/rpi-build/tmp/work/x86_64-linux/pkgconfig-native/0.29.2+gitAUTOINC+d97db4fae4-r0/recipe-sysroot-native/usr/lib                         -Wl,-rpath,/home/ubuntu/yocto/rpi-build/tmp/work/x86_64-linux/pkgconfig-native/0.29.2+gitAUTOINC+d97db4fae4-r0/recipe-sysroot-native/lib                         -Wl,-O1 -Wl,--allow-shlib-undefined -Wl,--dynamic-linker=/home/ubuntu/yocto/rpi-build/tmp/sysroots-uninative/x86_64-linux/lib/ld-linux-x86-64.so.2 conftest.c conftstm.o >&5
configure:6878: $? = 0
configure:6916: result: ok
configure:6963: checking for sysroot
configure:6998: result: no
configure:7005: checking for a working dd
configure:7049: result: /home/ubuntu/yocto/rpi-build/tmp/hosttools/dd
configure:7053: checking how to truncate binary pipes
configure:7069: result: /home/ubuntu/yocto/rpi-build/tmp/hosttools/dd bs=4096 count=1
configure:7206: gcc  -c -isystem/home/ubuntu/yocto/rpi-build/tmp/work/x86_64-linux/pkgconfig-native/0.29.2+gitAUTOINC+d97db4fae4-r0/recipe-sysroot-native/usr/include -O2 -pipe -isystem/home/ubuntu/yocto/rpi-build/tmp/work/x86_64-linux/pkgconfig-native/0.29.2+gitAUTOINC+d97db4fae4-r0/recipe-sysroot-native/usr/include conftest.c >&5
configure:7209: $? = 0
configure:7361: checking for x86_64-linux-mt
configure:7396: result: no
configure:7406: checking for mt
configure:7441: result: no
configure:7461: checking if : is a manifest tool
configure:7468: : '-?'
configure:7476: result: no
configure:8201: checking for stdio.h
configure:8201: gcc  -c -isystem/home/ubuntu/yocto/rpi-build/tmp/work/x86_64-linux/pkgconfig-native/0.29.2+gitAUTOINC+d97db4fae4-r0/recipe-sysroot-native/usr/include -O2 -pipe -isystem/home/ubuntu/yocto/rpi-build/tmp/work/x86_64-linux/pkgconfig-native/0.29.2+gitAUTOINC+d97db4fae4-r0/recipe-sysroot-native/usr/include conftest.c >&5
configure:8201: $? = 0
configure:8201: result: yes
configure:8201: checking for stdlib.h
configure:8201: gcc  -c -isystem/home/ubuntu/yocto/rpi-build/tmp/work/x86_64-linux/pkgconfig-native/0.29.2+gitAUTOINC+d97db4fae4-r0/recipe-sysroot-native/usr/include -O2 -pipe -isystem/home/ubuntu/yocto/rpi-build/tmp/work/x86_64-linux/pkgconfig-native/0.29.2+gitAUTOINC+d97db4fae4-r0/recipe-sysroot-native/usr/include conftest.c >&5
configure:8201: $? = 0
configure:8201: result: yes
configure:8201: checking for string.h
configure:8201: gcc  -c -isystem/home/ubuntu/yocto/rpi-build/tmp/work/x86_64-linux/pkgconfig-native/0.29.2+gitAUTOINC+d97db4fae4-r0/recipe-sysroot-native/usr/include -O2 -pipe -isystem/home/ubuntu/yocto/rpi-build/tmp/work/x86_64-linux/pkgconfig-native/0.29.2+gitAUTOINC+d97db4fae4-r0/recipe-sysroot-native/usr/include conftest.c >&5
configure:8201: $? = 0
configure:8201: result: yes
configure:8201: checking for inttypes.h
configure:8201: gcc  -c -isystem/home/ubuntu/yocto/rpi-build/tmp/work/x86_64-linux/pkgconfig-native/0.29.2+gitAUTOINC+d97db4fae4-r0/recipe-sysroot-native/usr/include -O2 -pipe -isystem/home/ubuntu/yocto/rpi-build/tmp/work/x86_64-linux/pkgconfig-native/0.29.2+gitAUTOINC+d97db4fae4-r0/recipe-sysroot-native/usr/include conftest.c >&5
configure:8201: $? = 0
configure:8201: result: yes
configure:8201: checking for stdint.h
configure:8201: gcc  -c -isystem/home/ubuntu/yocto/rpi-build/tmp/work/x86_64-linux/pkgconfig-native/0.29.2+gitAUTOINC+d97db4fae4-r0/recipe-sysroot-native/usr/include -O2 -pipe -isystem/home/ubuntu/yocto/rpi-build/tmp/work/x86_64-linux/pkgconfig-native/0.29.2+gitAUTOINC+d97db4fae4-r0/recipe-sysroot-native/usr/include conftest.c >&5
configure:8201: $? = 0
configure:8201: result: yes
configure:8201: checking for strings.h
configure:8201: gcc  -c -isystem/home/ubuntu/yocto/rpi-build/tmp/work/x86_64-linux/pkgconfig-native/0.29.2+gitAUTOINC+d97db4fae4-r0/recipe-sysroot-native/usr/include -O2 -pipe -isystem/home/ubuntu/yocto/rpi-build/tmp/work/x86_64-linux/pkgconfig-native/0.29.2+gitAUTOINC+d97db4fae4-r0/recipe-sysroot-native/usr/include conftest.c >&5
configure:8201: $? = 0
configure:8201: result: yes
configure:8201: checking for sys/stat.h
configure:8201: gcc  -c -isystem/home/ubuntu/yocto/rpi-build/tmp/work/x86_64-linux/pkgconfig-native/0.29.2+gitAUTOINC+d97db4fae4-r0/recipe-sysroot-native/usr/include -O2 -pipe -isystem/home/ubuntu/yocto/rpi-build/tmp/work/x86_64-linux/pkgconfig-native/0.29.2+gitAUTOINC+d97db4fae4-r0/recipe-sysroot-native/usr/include conftest.c >&5
configure:8201: $? = 0
configure:8201: result: yes
configure:8201: checking for sys/types.h
configure:8201: gcc  -c -isystem/home/ubuntu/yocto/rpi-build/tmp/work/x86_64-linux/pkgconfig-native/0.29.2+gitAUTOINC+d97db4fae4-r0/recipe-sysroot-native/usr/include -O2 -pipe -isystem/home/ubuntu/yocto/rpi-build/tmp/work/x86_64-linux/pkgconfig-native/0.29.2+gitAUTOINC+d97db4fae4-r0/recipe-sysroot-native/usr/include conftest.c >&5
configure:8201: $? = 0
configure:8201: result: yes
configure:8201: checking for unistd.h
configure:8201: gcc  -c -isystem/home/ubuntu/yocto/rpi-build/tmp/work/x86_64-linux/pkgconfig-native/0.29.2+gitAUTOINC+d97db4fae4-r0/recipe-sysroot-native/usr/include -O2 -pipe -isystem/home/ubuntu/yocto/rpi-build/tmp/work/x86_64-linux/pkgconfig-native/0.29.2+gitAUTOINC+d97db4fae4-r0/recipe-sysroot-native/usr/include conftest.c >&5
configure:8201: $? = 0
configure:8201: result: yes
configure:8226: checking for dlfcn.h
configure:8226: gcc  -c -isystem/home/ubuntu/yocto/rpi-build/tmp/work/x86_64-linux/pkgconfig-native/0.29.2+gitAUTOINC+d97db4fae4-r0/recipe-sysroot-native/usr/include -O2 -pipe -isystem/home/ubuntu/yocto/rpi-build/tmp/work/x86_64-linux/pkgconfig-native/0.29.2+gitAUTOINC+d97db4fae4-r0/recipe-sysroot-native/usr/include conftest.c >&5
configure:8226: $? = 0
configure:8226: result: yes
configure:8485: checking for objdir
configure:8501: result: .libs
configure:8761: checking if gcc  supports -fno-rtti -fno-exceptions
configure:8780: gcc  -c -isystem/home/ubuntu/yocto/rpi-build/tmp/work/x86_64-linux/pkgconfig-native/0.29.2+gitAUTOINC+d97db4fae4-r0/recipe-sysroot-native/usr/include -O2 -pipe -isystem/home/ubuntu/yocto/rpi-build/tmp/work/x86_64-linux/pkgconfig-native/0.29.2+gitAUTOINC+d97db4fae4-r0/recipe-sysroot-native/usr/include -fno-rtti -fno-exceptions conftest.c >&5
cc1: warning: command-line option '-fno-rtti' is valid for C++/D/ObjC++ but not for C
configure:8784: $? = 0
configure:8797: result: no
configure:9155: checking for gcc  option to produce PIC
configure:9163: result: -fPIC -DPIC
configure:9171: checking if gcc  PIC flag -fPIC -DPIC works
configure:9190: gcc  -c -isystem/home/ubuntu/yocto/rpi-build/tmp/work/x86_64-linux/pkgconfig-native/0.29.2+gitAUTOINC+d97db4fae4-r0/recipe-sysroot-native/usr/include -O2 -pipe -isystem/home/ubuntu/yocto/rpi-build/tmp/work/x86_64-linux/pkgconfig-native/0.29.2+gitAUTOINC+d97db4fae4-r0/recipe-sysroot-native/usr/include -fPIC -DPIC -DPIC conftest.c >&5
configure:9194: $? = 0
configure:9207: result: yes
configure:9236: checking if gcc  static flag -static works
configure:9265: result: yes
configure:9280: checking if gcc  supports -c -o file.o
configure:9302: gcc  -c -isystem/home/ubuntu/yocto/rpi-build/tmp/work/x86_64-linux/pkgconfig-native/0.29.2+gitAUTOINC+d97db4fae4-r0/recipe-sysroot-native/usr/include -O2 -pipe -isystem/home/ubuntu/yocto/rpi-build/tmp/work/x86_64-linux/pkgconfig-native/0.29.2+gitAUTOINC+d97db4fae4-r0/recipe-sysroot-native/usr/include -o out/conftest2.o conftest.c >&5
configure:9306: $? = 0
configure:9328: result: yes
configure:9336: checking if gcc  supports -c -o file.o
configure:9384: result: yes
configure:9417: checking whether the gcc  linker (ld  -m elf_x86_64) supports shared libraries
configure:10685: result: yes
configure:10722: checking whether -lc should be explicitly linked in
configure:10731: gcc  -c -isystem/home/ubuntu/yocto/rpi-build/tmp/work/x86_64-linux/pkgconfig-native/0.29.2+gitAUTOINC+d97db4fae4-r0/recipe-sysroot-native/usr/include -O2 -pipe -isystem/home/ubuntu/yocto/rpi-build/tmp/work/x86_64-linux/pkgconfig-native/0.29.2+gitAUTOINC+d97db4fae4-r0/recipe-sysroot-native/usr/include conftest.c >&5
configure:10734: $? = 0
configure:10749: gcc  -shared  -fPIC -DPIC conftest.o  -v -Wl,-soname -Wl,conftest -o conftest 2\>\&1 \| /home/ubuntu/yocto/rpi-build/tmp/hosttools/grep  -lc  \>/dev/null 2\>\&1
configure:10752: $? = 0
configure:10766: result: no
configure:10926: checking dynamic linker characteristics
configure:11508: gcc  -o conftest -isystem/home/ubuntu/yocto/rpi-build/tmp/work/x86_64-linux/pkgconfig-native/0.29.2+gitAUTOINC+d97db4fae4-r0/recipe-sysroot-native/usr/include -O2 -pipe -isystem/home/ubuntu/yocto/rpi-build/tmp/work/x86_64-linux/pkgconfig-native/0.29.2+gitAUTOINC+d97db4fae4-r0/recipe-sysroot-native/usr/include -L/home/ubuntu/yocto/rpi-build/tmp/work/x86_64-linux/pkgconfig-native/0.29.2+gitAUTOINC+d97db4fae4-r0/recipe-sysroot-native/usr/lib                         -L/home/ubuntu/yocto/rpi-build/tmp/work/x86_64-linux/pkgconfig-native/0.29.2+gitAUTOINC+d97db4fae4-r0/recipe-sysroot-native/lib                         -Wl,--enable-new-dtags                         -Wl,-rpath-link,/home/ubuntu/yocto/rpi-build/tmp/work/x86_64-linux/pkgconfig-native/0.29.2+gitAUTOINC+d97db4fae4-r0/recipe-sysroot-native/usr/lib                         -Wl,-rpath-link,/home/ubuntu/yocto/rpi-build/tmp/work/x86_64-linux/pkgconfig-native/0.29.2+gitAUTOINC+d97db4fae4-r0/recipe-sysroot-native/lib                         -Wl,-rpath,/home/ubuntu/yocto/rpi-build/tmp/work/x86_64-linux/pkgconfig-native/0.29.2+gitAUTOINC+d97db4fae4-r0/recipe-sysroot-native/usr/lib                         -Wl,-rpath,/home/ubuntu/yocto/rpi-build/tmp/work/x86_64-linux/pkgconfig-native/0.29.2+gitAUTOINC+d97db4fae4-r0/recipe-sysroot-native/lib                         -Wl,-O1 -Wl,--allow-shlib-undefined -Wl,--dynamic-linker=/home/ubuntu/yocto/rpi-build/tmp/sysroots-uninative/x86_64-linux/lib/ld-linux-x86-64.so.2 -Wl,-rpath -Wl,/foo conftest.c  >&5
configure:11508: $? = 0
configure:11747: result: GNU/Linux ld.so
configure:11869: checking how to hardcode library paths into programs
configure:11894: result: immediate
configure:12446: checking whether stripping libraries is possible
configure:12455: result: yes
configure:12497: checking if libtool supports shared libraries
configure:12499: result: yes
configure:12502: checking whether to build shared libraries
configure:12527: result: yes
configure:12530: checking whether to build static libraries
configure:12534: result: no
configure:12584: checking whether make supports nested variables
configure:12602: result: yes
configure:12622: checking for special C compiler options needed for large files
configure:12670: result: no
configure:12676: checking for _FILE_OFFSET_BITS value needed for large files
configure:12702: gcc  -c -isystem/home/ubuntu/yocto/rpi-build/tmp/work/x86_64-linux/pkgconfig-native/0.29.2+gitAUTOINC+d97db4fae4-r0/recipe-sysroot-native/usr/include -O2 -pipe -isystem/home/ubuntu/yocto/rpi-build/tmp/work/x86_64-linux/pkgconfig-native/0.29.2+gitAUTOINC+d97db4fae4-r0/recipe-sysroot-native/usr/include conftest.c >&5
configure:12702: $? = 0
configure:12736: result: no
configure:12827: checking for x86_64-linux-gcc
configure:12859: result: gcc 
configure:13257: checking for C compiler version
configure:13266: gcc  --version >&5
gcc (Ubuntu 11.4.0-1ubuntu1~22.04.2) 11.4.0
Copyright (C) 2021 Free Software Foundation, Inc.
This is free software; see the source for copying conditions.  There is NO
warranty; not even for MERCHANTABILITY or FITNESS FOR A PARTICULAR PURPOSE.

configure:13277: $? = 0
configure:13266: gcc  -v >&5
Using built-in specs.
COLLECT_GCC=gcc
COLLECT_LTO_WRAPPER=/usr/lib/gcc/x86_64-linux-gnu/11/lto-wrapper
OFFLOAD_TARGET_NAMES=nvptx-none:amdgcn-amdhsa
OFFLOAD_TARGET_DEFAULT=1
Target: x86_64-linux-gnu
Configured with: ../src/configure -v --with-pkgversion='Ubuntu 11.4.0-1ubuntu1~22.04.2' --with-bugurl=file:///usr/share/doc/gcc-11/README.Bugs --enable-languages=c,ada,c++,go,brig,d,fortran,objc,obj-c++,m2 --prefix=/usr --with-gcc-major-version-only --program-suffix=-11 --program-prefix=x86_64-linux-gnu- --enable-shared --enable-linker-build-id --libexecdir=/usr/lib --without-included-gettext --enable-threads=posix --libdir=/usr/lib --enable-nls --enable-bootstrap --enable-clocale=gnu --enable-libstdcxx-debug --enable-libstdcxx-time=yes --with-default-libstdcxx-abi=new --enable-gnu-unique-object --disable-vtable-verify --enable-plugin --enable-default-pie --with-system-zlib --enable-libphobos-checking=release --with-target-system-zlib=auto --enable-objc-gc=auto --enable-multiarch --disable-werror --enable-cet --with-arch-32=i686 --with-abi=m64 --with-multilib-list=m32,m64,mx32 --enable-multilib --with-tune=generic --enable-offload-targets=nvptx-none=/build/gcc-11-2Y5pKs/gcc-11-11.4.0/debian/tmp-nvptx/usr,amdgcn-amdhsa=/build/gcc-11-2Y5pKs/gcc-11-11.4.0/debian/tmp-gcn/usr --without-cuda-driver --enable-checking=release --build=x86_64-linux-gnu --host=x86_64-linux-gnu --target=x86_64-linux-gnu --with-build-config=bootstrap-lto-lean --enable-link-serialization=2
Thread model: posix
Supported LTO compression algorithms: zlib zstd
gcc version 11.4.0 (Ubuntu 11.4.0-1ubuntu1~22.04.2) 
... rest of stderr output deleted ...
configure:13277: $? = 0
configure:13266: gcc  -V >&5
gcc: error: unrecognized command-line option '-V'
gcc: fatal error: no input files
compilation terminated.
configure:13277: $? = 1
configure:13266: gcc  -qversion >&5
gcc: error: unrecognized command-line option '-qversion'; did you mean '--version'?
gcc: fatal error: no input files
compilation terminated.
configure:13277: $? = 1
configure:13266: gcc  -version >&5
gcc: error: unrecognized command-line option '-version'
gcc: fatal error: no input files
compilation terminated.
configure:13277: $? = 1
configure:13281: checking whether the compiler supports GNU C
configure:13311: result: yes
configure:13322: checking whether gcc  accepts -g
configure:13387: result: yes
configure:13407: checking for gcc  option to enable C11 features
configure:13440: result: none needed
configure:13556: checking whether gcc  understands -c and -o together
configure:13594: result: yes
configure:13613: checking dependency style of gcc 
configure:13725: result: none
configure:13742: checking for ln
configure:13763: found /home/ubuntu/yocto/rpi-build/tmp/hosttools/ln
configure:13775: result: ln
configure:13784: checking for dirent.h
configure:13784: gcc  -c -isystem/home/ubuntu/yocto/rpi-build/tmp/work/x86_64-linux/pkgconfig-native/0.29.2+gitAUTOINC+d97db4fae4-r0/recipe-sysroot-native/usr/include -O2 -pipe -isystem/home/ubuntu/yocto/rpi-build/tmp/work/x86_64-linux/pkgconfig-native/0.29.2+gitAUTOINC+d97db4fae4-r0/recipe-sysroot-native/usr/include conftest.c >&5
configure:13784: $? = 0
configure:13784: result: yes
configure:13790: checking for unistd.h
configure:13790: result: yes
configure:13796: checking for sys/wait.h
configure:13796: gcc  -c -isystem/home/ubuntu/yocto/rpi-build/tmp/work/x86_64-linux/pkgconfig-native/0.29.2+gitAUTOINC+d97db4fae4-r0/recipe-sysroot-native/usr/include -O2 -pipe -isystem/home/ubuntu/yocto/rpi-build/tmp/work/x86_64-linux/pkgconfig-native/0.29.2+gitAUTOINC+d97db4fae4-r0/recipe-sysroot-native/usr/include conftest.c >&5
configure:13796: $? = 0
configure:13796: result: yes
configure:13802: checking for malloc.h
configure:13802: gcc  -c -isystem/home/ubuntu/yocto/rpi-build/tmp/work/x86_64-linux/pkgconfig-native/0.29.2+gitAUTOINC+d97db4fae4-r0/recipe-sysroot-native/usr/include -O2 -pipe -isystem/home/ubuntu/yocto/rpi-build/tmp/work/x86_64-linux/pkgconfig-native/0.29.2+gitAUTOINC+d97db4fae4-r0/recipe-sysroot-native/usr/include conftest.c >&5
configure:13802: $? = 0
configure:13802: result: yes
configure:13816: checking for bash
configure:13839: found /home/ubuntu/yocto/rpi-build/tmp/hosttools/bash
configure:13851: result: /home/ubuntu/yocto/rpi-build/tmp/hosttools/bash
configure:13867: checking for default search path for .pc files
configure:13886: result: ${libdir}/pkgconfig:${datadir}/pkgconfig
configure:13890: checking for system include path to avoid -I flags
configure:13901: result: /usr/include
configure:13905: checking for system library path to avoid -L flags
configure:13926: result: /usr/lib:/lib
configure:13931: creating ./config.lt

## ------------------ ##
## Running config.lt. ##
## ------------------ ##
config.lt:622: creating libtool
use_indirect_deps=no
configure:15228: checking whether to list both direct and indirect dependencies
configure:15246: result: no
configure:15261: checking for Win32
configure:15271: result: no
configure:15329: checking if prefix should be redefined at runtime
configure:15339: result: no
configure:15385: checking if internal glib should be used
configure:15388: result: yes
configure:15673: checking if host- prefixed tool should be installed
configure:15683: result: yes
configure:15834: creating ./config.status

## ---------------------- ##
## Running config.status. ##
## ---------------------- ##

This file was extended by pkg-config config.status 0.29.2, which was
generated by GNU Autoconf 2.71.  Invocation command line was

  CONFIG_FILES    = 
  CONFIG_HEADERS  = 
  CONFIG_LINKS    = 
  CONFIG_COMMANDS = 
  $ ./config.status 

on DESKTOP-CSPIOE3

config.status:1127: creating Makefile
config.status:1127: creating pkg.m4
config.status:1127: creating check/Makefile
config.status:1127: creating check/config.sh
config.status:1127: creating config.h.win32
config.status:1127: creating config.h
config.status:1341: executing depfiles commands
config.status:1341: executing libtool commands
configure:18054: === configuring in glib (/home/ubuntu/yocto/rpi-build/tmp/work/x86_64-linux/pkgconfig-native/0.29.2+gitAUTOINC+d97db4fae4-r0/build/glib)
configure:18115: running /bin/bash ../../git/glib/configure --disable-option-checking '--prefix=/home/ubuntu/yocto/rpi-build/tmp/work/x86_64-linux/pkgconfig-native/0.29.2+gitAUTOINC+d97db4fae4-r0/recipe-sysroot-native/usr'  '--build=x86_64-linux' '--host=x86_64-linux' '--target=x86_64-linux' '--exec_prefix=/home/ubuntu/yocto/rpi-build/tmp/work/x86_64-linux/pkgconfig-native/0.29.2+gitAUTOINC+d97db4fae4-r0/recipe-sysroot-native/usr' '--bindir=/home/ubuntu/yocto/rpi-build/tmp/work/x86_64-linux/pkgconfig-native/0.29.2+gitAUTOINC+d97db4fae4-r0/recipe-sysroot-native/usr/bin' '--sbindir=/home/ubuntu/yocto/rpi-build/tmp/work/x86_64-linux/pkgconfig-native/0.29.2+gitAUTOINC+d97db4fae4-r0/recipe-sysroot-native/usr/sbin' '--libexecdir=/home/ubuntu/yocto/rpi-build/tmp/work/x86_64-linux/pkgconfig-native/0.29.2+gitAUTOINC+d97db4fae4-r0/recipe-sysroot-native/usr/libexec' '--datadir=/home/ubuntu/yocto/rpi-build/tmp/work/x86_64-linux/pkgconfig-native/0.29.2+gitAUTOINC+d97db4fae4-r0/recipe-sysroot-native/usr/share' '--sysconfdir=/home/ubuntu/yocto/rpi-build/tmp/work/x86_64-linux/pkgconfig-native/0.29.2+gitAUTOINC+d97db4fae4-r0/recipe-sysroot-native/etc' '--sharedstatedir=/home/ubuntu/yocto/rpi-build/tmp/work/x86_64-linux/pkgconfig-native/0.29.2+gitAUTOINC+d97db4fae4-r0/recipe-sysroot-native/com' '--localstatedir=/home/ubuntu/yocto/rpi-build/tmp/work/x86_64-linux/pkgconfig-native/0.29.2+gitAUTOINC+d97db4fae4-r0/recipe-sysroot-native/var' '--libdir=/home/ubuntu/yocto/rpi-build/tmp/work/x86_64-linux/pkgconfig-native/0.29.2+gitAUTOINC+d97db4fae4-r0/recipe-sysroot-native/usr/lib' '--includedir=/home/ubuntu/yocto/rpi-build/tmp/work/x86_64-linux/pkgconfig-native/0.29.2+gitAUTOINC+d97db4fae4-r0/recipe-sysroot-native/usr/include' '--oldincludedir=/home/ubuntu/yocto/rpi-build/tmp/work/x86_64-linux/pkgconfig-native/0.29.2+gitAUTOINC+d97db4fae4-r0/recipe-sysroot-native/usr/include' '--infodir=/home/ubuntu/yocto/rpi-build/tmp/work/x86_64-linux/pkgconfig-native/0.29.2+gitAUTOINC+d97db4fae4-r0/recipe-sysroot-native/usr/share/info' '--mandir=/home/ubuntu/yocto/rpi-build/tmp/work/x86_64-linux/pkgconfig-native/0.29.2+gitAUTOINC+d97db4fae4-r0/recipe-sysroot-native/usr/share/man' '--disable-silent-rules' '--disable-dependency-tracking' '--disable-indirect-deps' '--disable-static' '--with-internal-glib' 'build_alias=x86_64-linux' 'host_alias=x86_64-linux' 'target_alias=x86_64-linux' 'CC=gcc ' 'CFLAGS=-isystem/home/ubuntu/yocto/rpi-build/tmp/work/x86_64-linux/pkgconfig-native/0.29.2+gitAUTOINC+d97db4fae4-r0/recipe-sysroot-native/usr/include -O2 -pipe' 'LDFLAGS=-L/home/ubuntu/yocto/rpi-build/tmp/work/x86_64-linux/pkgconfig-native/0.29.2+gitAUTOINC+d97db4fae4-r0/recipe-sysroot-native/usr/lib                         -L/home/ubuntu/yocto/rpi-build/tmp/work/x86_64-linux/pkgconfig-native/0.29.2+gitAUTOINC+d97db4fae4-r0/recipe-sysroot-native/lib                         -Wl,--enable-new-dtags                         -Wl,-rpath-link,/home/ubuntu/yocto/rpi-build/tmp/work/x86_64-linux/pkgconfig-native/0.29.2+gitAUTOINC+d97db4fae4-r0/recipe-sysroot-native/usr/lib                         -Wl,-rpath-link,/home/ubuntu/yocto/rpi-build/tmp/work/x86_64-linux/pkgconfig-native/0.29.2+gitAUTOINC+d97db4fae4-r0/recipe-sysroot-native/lib                         -Wl,-rpath,/home/ubuntu/yocto/rpi-build/tmp/work/x86_64-linux/pkgconfig-native/0.29.2+gitAUTOINC+d97db4fae4-r0/recipe-sysroot-native/usr/lib                         -Wl,-rpath,/home/ubuntu/yocto/rpi-build/tmp/work/x86_64-linux/pkgconfig-native/0.29.2+gitAUTOINC+d97db4fae4-r0/recipe-sysroot-native/lib                         -Wl,-O1 -Wl,--allow-shlib-undefined -Wl,--dynamic-linker=/home/ubuntu/yocto/rpi-build/tmp/sysroots-uninative/x86_64-linux/lib/ld-linux-x86-64.so.2' 'CPPFLAGS=-isystem/home/ubuntu/yocto/rpi-build/tmp/work/x86_64-linux/pkgconfig-native/0.29.2+gitAUTOINC+d97db4fae4-r0/recipe-sysroot-native/usr/include' 'PKG_CONFIG_PATH=/home/ubuntu/yocto/rpi-build/tmp/work/x86_64-linux/pkgconfig-native/0.29.2+gitAUTOINC+d97db4fae4-r0/recipe-sysroot-native/usr/lib/pkgconfig:/home/ubuntu/yocto/rpi-build/tmp/work/x86_64-linux/pkgconfig-native/0.29.2+gitAUTOINC+d97db4fae4-r0/recipe-sysroot-native/usr/share/pkgconfig' 'PKG_CONFIG_LIBDIR=/home/ubuntu/yocto/rpi-build/tmp/work/x86_64-linux/pkgconfig-native/0.29.2+gitAUTOINC+d97db4fae4-r0/recipe-sysroot-native/usr/lib/pkgconfig' --cache-file=/dev/null --srcdir=../../git/glib

## ---------------- ##
## Cache variables. ##
## ---------------- ##

ac_cv___va_copy=yes
ac_cv_af_unix_large_dgram=yes
ac_cv_alignof_char=1
ac_cv_alignof_dbind_pointer=8
ac_cv_alignof_dbind_struct=1
ac_cv_alignof_dbus_bool_t=4
ac_cv_alignof_dbus_int16_t=2
ac_cv_alignof_dbus_int32_t=4
ac_cv_alignof_dbus_int64_t=8
ac_cv_alignof_double=8
ac_cv_alignof_guint32=4
ac_cv_alignof_guint64=8
ac_cv_alignof_unsigned_long=8
ac_cv_buggy_getaddrinfo=no
ac_cv_build=x86_64-pc-linux-gnu
ac_cv_c_bigendian=no
ac_cv_c_compiler_gnu=yes
ac_cv_c_endian=little
ac_cv_c_littleendian=yes
ac_cv_check_sjlj=ssjlj
ac_cv_conv_longlong_to_float=yes
ac_cv_env_CC_set=set
ac_cv_env_CC_value='gcc '
ac_cv_env_CFLAGS_set=set
ac_cv_env_CFLAGS_value='-isystem/home/ubuntu/yocto/rpi-build/tmp/work/x86_64-linux/pkgconfig-native/0.29.2+gitAUTOINC+d97db4fae4-r0/recipe-sysroot-native/usr/include -O2 -pipe'
ac_cv_env_CPPFLAGS_set=set
ac_cv_env_CPPFLAGS_value=-isystem/home/ubuntu/yocto/rpi-build/tmp/work/x86_64-linux/pkgconfig-native/0.29.2+gitAUTOINC+d97db4fae4-r0/recipe-sysroot-native/usr/include
ac_cv_env_GLIB_CFLAGS_set=
ac_cv_env_GLIB_CFLAGS_value=
ac_cv_env_GLIB_LIBS_set=
ac_cv_env_GLIB_LIBS_value=
ac_cv_env_LDFLAGS_set=set
ac_cv_env_LDFLAGS_value='-L/home/ubuntu/yocto/rpi-build/tmp/work/x86_64-linux/pkgconfig-native/0.29.2+gitAUTOINC+d97db4fae4-r0/recipe-sysroot-native/usr/lib                         -L/home/ubuntu/yocto/rpi-build/tmp/work/x86_64-linux/pkgconfig-native/0.29.2+gitAUTOINC+d97db4fae4-r0/recipe-sysroot-native/lib                         -Wl,--enable-new-dtags                         -Wl,-rpath-link,/home/ubuntu/yocto/rpi-build/tmp/work/x86_64-linux/pkgconfig-native/0.29.2+gitAUTOINC+d97db4fae4-r0/recipe-sysroot-native/usr/lib                         -Wl,-rpath-link,/home/ubuntu/yocto/rpi-build/tmp/work/x86_64-linux/pkgconfig-native/0.29.2+gitAUTOINC+d97db4fae4-r0/recipe-sysroot-native/lib                         -Wl,-rpath,/home/ubuntu/yocto/rpi-build/tmp/work/x86_64-linux/pkgconfig-native/0.29.2+gitAUTOINC+d97db4fae4-r0/recipe-sysroot-native/usr/lib                         -Wl,-rpath,/home/ubuntu/yocto/rpi-build/tmp/work/x86_64-linux/pkgconfig-native/0.29.2+gitAUTOINC+d97db4fae4-r0/recipe-sysroot-native/lib                         -Wl,-O1 -Wl,--allow-shlib-undefined -Wl,--dynamic-linker=/home/ubuntu/yocto/rpi-build/tmp/sysroots-uninative/x86_64-linux/lib/ld-linux-x86-64.so.2'
ac_cv_env_LIBS_set=
ac_cv_env_LIBS_value=
ac_cv_env_LT_SYS_LIBRARY_PATH_set=
ac_cv_env_LT_SYS_LIBRARY_PATH_value=
ac_cv_env_PKG_CONFIG_LIBDIR_set=set
ac_cv_env_PKG_CONFIG_LIBDIR_value=/home/ubuntu/yocto/rpi-build/tmp/work/x86_64-linux/pkgconfig-native/0.29.2+gitAUTOINC+d97db4fae4-r0/recipe-sysroot-native/usr/lib/pkgconfig
ac_cv_env_PKG_CONFIG_PATH_set=set
ac_cv_env_PKG_CONFIG_PATH_value=/home/ubuntu/yocto/rpi-build/tmp/work/x86_64-linux/pkgconfig-native/0.29.2+gitAUTOINC+d97db4fae4-r0/recipe-sysroot-native/usr/lib/pkgconfig:/home/ubuntu/yocto/rpi-build/tmp/work/x86_64-linux/pkgconfig-native/0.29.2+gitAUTOINC+d97db4fae4-r0/recipe-sysroot-native/usr/share/pkgconfig
ac_cv_env_PKG_CONFIG_set=
ac_cv_env_PKG_CONFIG_value=
ac_cv_env_TESTS_SHELL_set=
ac_cv_env_TESTS_SHELL_value=
ac_cv_env_build_alias_set=set
ac_cv_env_build_alias_value=x86_64-linux
ac_cv_env_host_alias_set=set
ac_cv_env_host_alias_value=x86_64-linux
ac_cv_env_target_alias_set=set
ac_cv_env_target_alias_value=x86_64-linux
ac_cv_epoll_works=yes
ac_cv_file__dev_random=yes
ac_cv_file__dev_zero=yes
ac_cv_func___ashldi3=no
ac_cv_func___ashrdi3=no
ac_cv_func___bswapdi2=no
ac_cv_func___bswapsi2=no
ac_cv_func___lshrdi3=no
ac_cv_func___trampoline_setup=no
ac_cv_func___ucmpdi2=no
ac_cv_func___va_copy=yes
ac_cv_func__restgpr_14_x=no
ac_cv_func_calloc_0_nonnull=yes
ac_cv_func_chown_works=yes
ac_cv_func_getaddrinfo=yes
ac_cv_func_getgrgid_r=yes
ac_cv_func_getgroups_works=yes
ac_cv_func_getpagesize=yes
ac_cv_func_getpgrp_void=yes
ac_cv_func_getpwuid_r=yes
ac_cv_func_lstat_dereferences_slashed_symlink=yes
ac_cv_func_lstat_empty_string_bug=no
ac_cv_func_malloc_0_nonnull=yes
ac_cv_func_malloc_works=yes
ac_cv_func_memcmp_working=yes
ac_cv_func_memcpy=yes
ac_cv_func_mmap_fixed_mapped=yes
ac_cv_func_posix_getgrgid_r=yes
ac_cv_func_posix_getpwnam_r=yes
ac_cv_func_posix_getpwuid_r=yes
ac_cv_func_printf_unix98=yes
ac_cv_func_pthread_attr_getstack=yes
ac_cv_func_pthread_key_delete=yes
ac_cv_func_realloc_0_nonnull=yes
ac_cv_func_realloc_works=yes
ac_cv_func_setgrent_void=yes
ac_cv_func_setpgrp_void=yes
ac_cv_func_setresuid=yes
ac_cv_func_setvbuf_reversed=no
ac_cv_func_snprintf_c99=yes
ac_cv_func_stat_empty_string_bug=no
ac_cv_func_stat_ignores_trailing_slash=no
ac_cv_func_strerror=yes
ac_cv_func_strtod=yes
ac_cv_func_utime_null=yes
ac_cv_func_va_copy=yes
ac_cv_func_vsnprintf_c99=yes
ac_cv_have_abstract_sockets=yes
ac_cv_have_decl_sys_siglist=no
ac_cv_have_long_long_format=yes
ac_cv_header_dirent_h=yes
ac_cv_header_dlfcn_h=yes
ac_cv_header_inttypes_h=yes
ac_cv_header_malloc_h=yes
ac_cv_header_stdint_h=yes
ac_cv_header_stdio_h=yes
ac_cv_header_stdlib_h=yes
ac_cv_header_string_h=yes
ac_cv_header_strings_h=yes
ac_cv_header_sys_stat_h=yes
ac_cv_header_sys_types_h=yes
ac_cv_header_sys_wait_h=yes
ac_cv_header_unistd_h=yes
ac_cv_host=x86_64-pc-linux-gnu
ac_cv_lib_m_sin=yes
ac_cv_libnet_endianess=lil
ac_cv_linux_vers=2
ac_cv_need_trio=no
ac_cv_o_nonblock_inherited=no
ac_cv_objext=o
ac_cv_path_EGREP='/home/ubuntu/yocto/rpi-build/tmp/hosttools/grep -E'
ac_cv_path_FGREP='/home/ubuntu/yocto/rpi-build/tmp/hosttools/grep -F'
ac_cv_path_GREP=/home/ubuntu/yocto/rpi-build/tmp/hosttools/grep
ac_cv_path_SED=sed
ac_cv_path_TESTS_SHELL=/home/ubuntu/yocto/rpi-build/tmp/hosttools/bash
ac_cv_path_install='/home/ubuntu/yocto/rpi-build/tmp/hosttools/install -c'
ac_cv_path_lt_DD=/home/ubuntu/yocto/rpi-build/tmp/hosttools/dd
ac_cv_path_mkdir=/home/ubuntu/yocto/rpi-build/tmp/hosttools/mkdir
ac_cv_prog_AR=ar
ac_cv_prog_AWK=gawk
ac_cv_prog_CC='gcc '
ac_cv_prog_LN=ln
ac_cv_prog_OBJDUMP=objdump
ac_cv_prog_RANLIB='ranlib -D'
ac_cv_prog_STRIP=strip
ac_cv_prog_ac_ct_FILECMD=file
ac_cv_prog_cc_c11=
ac_cv_prog_cc_g=yes
ac_cv_prog_cc_stdc=
ac_cv_prog_make_make_set=yes
ac_cv_sizeof___int64=0
ac_cv_sizeof_char=1
ac_cv_sizeof_dev_t=8
ac_cv_sizeof_gid_t=4
ac_cv_sizeof_int=4
ac_cv_sizeof_long=8
ac_cv_sizeof_long_double=16
ac_cv_sizeof_long_int=8
ac_cv_sizeof_long_long=8
ac_cv_sizeof_pid_t=4
ac_cv_sizeof_short=2
ac_cv_sizeof_short_int=2
ac_cv_sizeof_size_t=8
ac_cv_sizeof_uid_t=4
ac_cv_sizeof_unsigned_int=4
ac_cv_sizeof_unsigned_long=8
ac_cv_sizeof_unsigned_short=2
ac_cv_sizeof_void_p=8
ac_cv_strerror_r_SUSv3=no
ac_cv_sys_file_offset_bits=no
ac_cv_sys_largefile_CC=no
ac_cv_sys_restartable_syscalls=yes
ac_cv_type_uid_t='{ac_cv_type_uid_t=yes}'
ac_cv_va_copy=yes
ac_cv_va_val_copy=no
am_cv_CC_dependencies_compiler_type=none
am_cv_func_iconv_works=yes
am_cv_func_working_getline=yes
am_cv_make_support_nested_variables=yes
am_cv_prog_cc_c_o=yes
am_cv_scanf_lld=yes
apr_cv_process_shared_works=no
apr_cv_tcp_nodelay_with_cork=yes
as_cv_unaligned_access=yes
bash_cv_dup2_broken=no
bash_cv_func_sigsetjmp=present
bash_cv_func_strcoll_broken=no
bash_cv_getcwd_calls_popen=no
bash_cv_getcwd_malloc=yes
bash_cv_getenv_redef=yes
bash_cv_have_mbstate_t=yes
bash_cv_job_control_missing=present
bash_cv_must_reinstall_sighandlers=no
bash_cv_opendir_not_robust=no
bash_cv_pgrp_pipe=no
bash_cv_printf_a_format=yes
bash_cv_sys_named_pipes=present
bash_cv_sys_siglist=no
bash_cv_type_rlimit=rlim_t
bash_cv_ulimit_maxfds=yes
bash_cv_under_sys_siglist=no
bash_cv_unusable_rtsigs=no
cvs_cv_func_printf_ptr=yes
db_cv_align_t='unsigned long long'
db_cv_alignp_t='unsigned long long'
db_cv_fcntl_f_setfd=yes
db_cv_path_ar=/usr/bin/ar
db_cv_path_chmod=/bin/chmod
db_cv_path_cp=/bin/cp
db_cv_path_ln=/bin/ln
db_cv_path_mkdir=/bin/mkdir
db_cv_path_ranlib=/usr/bin/ranlib
db_cv_path_rm=/bin/rm
db_cv_path_sh=/bin/sh
db_cv_path_strip=/usr/bin/strip
db_cv_sprintf_count=yes
fu_cv_sys_stat_statfs2_bsize=yes
gl_cv_func_btowc_eof=yes
gl_cv_func_fstatat_zero_flag=yes
gl_cv_func_getcwd_abort_bug=no
gl_cv_func_getcwd_null=yes
gl_cv_func_getcwd_path_max=yes
gl_cv_func_link_follows_symlink=no
gl_cv_func_mbrtowc_incomplete_state=yes
gl_cv_func_mbrtowc_nul_retval=yes
gl_cv_func_mbrtowc_null_arg=yes
gl_cv_func_mbrtowc_retval=yes
gl_cv_func_mbrtowc_sanitycheck=yes
gl_cv_func_nanosleep='no (mishandles large arguments)'
gl_cv_func_sleep_works=yes
gl_cv_func_unlink_busy_text=yes
gl_cv_func_wcrtomb_retval=yes
gl_cv_func_wctob_works=yes
gl_cv_func_working_mkstemp=yes
gl_cv_func_working_mktime=yes
gl_cv_func_working_utimes=yes
gl_cv_have_proc_uptime=yes
gl_cv_header_working_fcntl_h=yes
gl_cv_pipes_are_fifos='yes (1)'
glib_cv___va_copy=yes
glib_cv_compliant_posix_memalign=1
glib_cv_has__inline=yes
glib_cv_has__inline__=yes
glib_cv_hasinline=yes
glib_cv_have_qsort_r=yes
glib_cv_long_long_format=ll
glib_cv_rtldglobal_broken=yes
glib_cv_sane_realloc=yes
glib_cv_sizeof_gmutex=40
glib_cv_sizeof_intmax_t=8
glib_cv_sizeof_ptrdiff_t=8
glib_cv_sizeof_size_t=8
glib_cv_sizeof_system_thread=8
glib_cv_stack_grows=no
glib_cv_strlcpy=no
glib_cv_sys_pthread_cond_timedwait_posix=yes
glib_cv_sys_pthread_getspecific_posix=yes
glib_cv_sys_pthread_mutex_trylock_posix=yes
glib_cv_uscore=no
glib_cv_va_copy=yes
glib_cv_va_val_copy=no
gt_cv_locale_fr=fr_FR
hw_cv_func_snprintf_c99=yes
hw_cv_func_vsnprintf_c99=yes
lf_cv_sane_realloc=yes
lftp_cv_va_val_copy=no
lt_cv_ar_at_file=@
lt_cv_archive_cmds_need_lc=no
lt_cv_deplibs_check_method=pass_all
lt_cv_file_magic_cmd='$MAGIC_CMD'
lt_cv_file_magic_test_file=
lt_cv_ld_reload_flag=-r
lt_cv_nm_interface='BSD nm'
lt_cv_objdir=.libs
lt_cv_path_LD='ld '
lt_cv_path_NM=nm
lt_cv_path_mainfest_tool=no
lt_cv_prog_compiler_c_o=yes
lt_cv_prog_compiler_pic='-fPIC -DPIC'
lt_cv_prog_compiler_pic_works=yes
lt_cv_prog_compiler_rtti_exceptions=no
lt_cv_prog_compiler_static_works=yes
lt_cv_prog_gnu_ld=yes
lt_cv_sharedlib_from_linklib_cmd='printf %s\n'
lt_cv_shlibpath_overrides_runpath=yes
lt_cv_sys_global_symbol_pipe='sed -n -e '\''s/^.*[	 ]\([ABCDGIRSTW][ABCDGIRSTW]*\)[	 ][	 ]*\([_A-Za-z][_A-Za-z0-9]*\)$/\1 \2 \2/p'\'' | sed '\''/ __gnu_lto/d'\'''
lt_cv_sys_global_symbol_to_c_name_address='sed -n -e '\''s/^: \(.*\) .*$/  {"\1", (void *) 0},/p'\'' -e '\''s/^[ABCDGIRSTW][ABCDGIRSTW]* .* \(.*\)$/  {"\1", (void *) \&\1},/p'\'''
lt_cv_sys_global_symbol_to_c_name_address_lib_prefix='sed -n -e '\''s/^: \(.*\) .*$/  {"\1", (void *) 0},/p'\'' -e '\''s/^[ABCDGIRSTW][ABCDGIRSTW]* .* \(lib.*\)$/  {"\1", (void *) \&\1},/p'\'' -e '\''s/^[ABCDGIRSTW][ABCDGIRSTW]* .* \(.*\)$/  {"lib\1", (void *) \&\1},/p'\'''
lt_cv_sys_global_symbol_to_cdecl='sed -n -e '\''s/^T .* \(.*\)$/extern int \1();/p'\'' -e '\''s/^[ABCDGIRSTW][ABCDGIRSTW]* .* \(.*\)$/extern char \1;/p'\'''
lt_cv_sys_global_symbol_to_import=
lt_cv_sys_lib_dlsearch_path_spec='/home/ubuntu/yocto/rpi-build/tmp/work/x86_64-linux/pkgconfig-native/0.29.2+gitAUTOINC+d97db4fae4-r0/recipe-sysroot-native/usr/lib /home/ubuntu/yocto/rpi-build/tmp/work/x86_64-linux/pkgconfig-native/0.29.2+gitAUTOINC+d97db4fae4-r0/recipe-sysroot-native/usr/lib /lib /lib64 /usr/lib /usr/lib64'
lt_cv_sys_max_cmd_len=1572864
lt_cv_to_host_file_cmd=func_convert_file_noop
lt_cv_to_tool_file_cmd=func_convert_file_noop
lt_cv_truncate_bin='/home/ubuntu/yocto/rpi-build/tmp/hosttools/dd bs=4096 count=1'
mr_cv_target_elf=yes
nano_cv_func_regexec_segv_emptystr=no
nfsd_cv_broken_setfsuid=0
nfsd_cv_bsd_signals=yes
nfsd_cv_func_statfs=statfs2_bsize
rsync_cv_HAVE_C99_VSNPRINTF=yes
samba_cv_HAVE_IFACE_AIX=no
samba_cv_HAVE_IFACE_IFCONF=yes
samba_cv_HAVE_IFACE_IFREQ=yes
samba_cv_HAVE_IRIX_SPECIFIC_CAPABILITIES=no
samba_cv_HAVE_VA_COPY=yes
screen_cv_sys_bcopy_overlap=no
screen_cv_sys_fifo_broken_impl=yes
screen_cv_sys_fifo_usable=yes
screen_cv_sys_memcpy_overlap=no
screen_cv_sys_memmove_overlap=no
screen_cv_sys_select_broken_retval=no
screen_cv_sys_sockets_nofs=no
screen_cv_sys_sockets_usable=yes
screen_cv_sys_terminfo_used=yes
shadow_cv_logdir=/home/ubuntu/yocto/rpi-build/tmp/work/x86_64-linux/pkgconfig-native/0.29.2+gitAUTOINC+d97db4fae4-r0/recipe-sysroot-native/var/log
shadow_cv_maildir=/home/ubuntu/yocto/rpi-build/tmp/work/x86_64-linux/pkgconfig-native/0.29.2+gitAUTOINC+d97db4fae4-r0/recipe-sysroot-native/var/spool/mail
shadow_cv_mailfile=Mailbox
shadow_cv_passwd_dir=/home/ubuntu/yocto/rpi-build/tmp/work/x86_64-linux/pkgconfig-native/0.29.2+gitAUTOINC+d97db4fae4-r0/recipe-sysroot-native/usr/bin
shadow_cv_utmpdir=/home/ubuntu/yocto/rpi-build/tmp/work/x86_64-linux/pkgconfig-native/0.29.2+gitAUTOINC+d97db4fae4-r0/recipe-sysroot-native/var/run
slrn_cv_va_val_copy=no
sudo_cv_func_unsetenv_void=no
tcl_cv_api_serial=termios
utils_cv_sys_open_max=1015
xorg_cv_malloc0_returns_null=yes

## ----------------- ##
## Output variables. ##
## ----------------- ##

    -I$(top_builddir)/glib/glib'
ACLOCAL='${SHELL} '\''/home/ubuntu/yocto/rpi-build/tmp/work/x86_64-linux/pkgconfig-native/0.29.2+gitAUTOINC+d97db4fae4-r0/git/missing'\'' aclocal-1.16'
AMDEPBACKSLASH=''
AMDEP_FALSE=''
AMDEP_TRUE='#'
AMTAR='$${TAR-tar}'
AM_BACKSLASH='\'
AM_DEFAULT_V='$(AM_DEFAULT_VERBOSITY)'
AM_DEFAULT_VERBOSITY='1'
AM_V='$(V)'
AR='ar'
AUTOCONF='${SHELL} '\''/home/ubuntu/yocto/rpi-build/tmp/work/x86_64-linux/pkgconfig-native/0.29.2+gitAUTOINC+d97db4fae4-r0/git/missing'\'' autoconf'
AUTOHEADER='${SHELL} '\''/home/ubuntu/yocto/rpi-build/tmp/work/x86_64-linux/pkgconfig-native/0.29.2+gitAUTOINC+d97db4fae4-r0/git/missing'\'' autoheader'
AUTOMAKE='${SHELL} '\''/home/ubuntu/yocto/rpi-build/tmp/work/x86_64-linux/pkgconfig-native/0.29.2+gitAUTOINC+d97db4fae4-r0/git/missing'\'' automake-1.16'
AWK='gawk'
CC='gcc '
CCDEPMODE='depmode=none'
CFLAGS='-isystem/home/ubuntu/yocto/rpi-build/tmp/work/x86_64-linux/pkgconfig-native/0.29.2+gitAUTOINC+d97db4fae4-r0/recipe-sysroot-native/usr/include -O2 -pipe'
CPPFLAGS='-isystem/home/ubuntu/yocto/rpi-build/tmp/work/x86_64-linux/pkgconfig-native/0.29.2+gitAUTOINC+d97db4fae4-r0/recipe-sysroot-native/usr/include'
CSCOPE='cscope'
CTAGS='ctags'
CYGPATH_W='echo'
DEFS='-DHAVE_CONFIG_H'
DEPDIR='.deps'
DLLTOOL='false'
DSYMUTIL=''
DUMPBIN=''
ECHO_C=''
ECHO_N='-n'
ECHO_T=''
EGREP='/home/ubuntu/yocto/rpi-build/tmp/hosttools/grep -E'
ETAGS='etags'
EXEEXT=''
FGREP='/home/ubuntu/yocto/rpi-build/tmp/hosttools/grep -F'
FILECMD='file'
GCOV=''
GCOV_CFLAGS=''
GLIB_CFLAGS='-I$(top_srcdir)/glib -I$(top_srcdir)/glib/glib \
GLIB_LIBS='$(top_builddir)/glib/glib/libglib-2.0.la'
GREP='/home/ubuntu/yocto/rpi-build/tmp/hosttools/grep'
HOST_TOOL_FALSE='#'
HOST_TOOL_TRUE=''
INSTALL_DATA='${INSTALL} -m 644'
INSTALL_PROGRAM='${INSTALL}'
INSTALL_SCRIPT='${INSTALL}'
INSTALL_STRIP_PROGRAM='$(install_sh) -c -s'
INTERNAL_GLIB_FALSE='#'
INTERNAL_GLIB_TRUE=''
LD='ld  -m elf_x86_64'
LDFLAGS='-L/home/ubuntu/yocto/rpi-build/tmp/work/x86_64-linux/pkgconfig-native/0.29.2+gitAUTOINC+d97db4fae4-r0/recipe-sysroot-native/usr/lib                         -L/home/ubuntu/yocto/rpi-build/tmp/work/x86_64-linux/pkgconfig-native/0.29.2+gitAUTOINC+d97db4fae4-r0/recipe-sysroot-native/lib                         -Wl,--enable-new-dtags                         -Wl,-rpath-link,/home/ubuntu/yocto/rpi-build/tmp/work/x86_64-linux/pkgconfig-native/0.29.2+gitAUTOINC+d97db4fae4-r0/recipe-sysroot-native/usr/lib                         -Wl,-rpath-link,/home/ubuntu/yocto/rpi-build/tmp/work/x86_64-linux/pkgconfig-native/0.29.2+gitAUTOINC+d97db4fae4-r0/recipe-sysroot-native/lib                         -Wl,-rpath,/home/ubuntu/yocto/rpi-build/tmp/work/x86_64-linux/pkgconfig-native/0.29.2+gitAUTOINC+d97db4fae4-r0/recipe-sysroot-native/usr/lib                         -Wl,-rpath,/home/ubuntu/yocto/rpi-build/tmp/work/x86_64-linux/pkgconfig-native/0.29.2+gitAUTOINC+d97db4fae4-r0/recipe-sysroot-native/lib                         -Wl,-O1 -Wl,--allow-shlib-undefined -Wl,--dynamic-linker=/home/ubuntu/yocto/rpi-build/tmp/sysroots-uninative/x86_64-linux/lib/ld-linux-x86-64.so.2'
LIBOBJS=''
LIBS=''
LIBTOOL='$(SHELL) $(top_builddir)/libtool'
LIPO=''
LN='ln'
LN_S='ln -s'
LTLIBOBJS=''
LT_SYS_LIBRARY_PATH=''
MAKEINFO='${SHELL} '\''/home/ubuntu/yocto/rpi-build/tmp/work/x86_64-linux/pkgconfig-native/0.29.2+gitAUTOINC+d97db4fae4-r0/git/missing'\'' makeinfo'
MANIFEST_TOOL=':'
MKDIR_P='/home/ubuntu/yocto/rpi-build/tmp/hosttools/mkdir -p'
NATIVE_WIN32_FALSE=''
NATIVE_WIN32_TRUE='#'
NM='nm'
NMEDIT=''
OBJDUMP='objdump'
OBJEXT='o'
OTOOL64=''
OTOOL=''
PACKAGE='pkg-config'
PACKAGE_BUGREPORT='https://gitlab.freedesktop.org/pkg-config/pkg-config'
PACKAGE_NAME='pkg-config'
PACKAGE_STRING='pkg-config 0.29.2'
PACKAGE_TARNAME='pkg-config'
PACKAGE_URL=''
PACKAGE_VERSION='0.29.2'
PATH_SEPARATOR=':'
PKG_CONFIG=''
PKG_CONFIG_LIBDIR='/home/ubuntu/yocto/rpi-build/tmp/work/x86_64-linux/pkgconfig-native/0.29.2+gitAUTOINC+d97db4fae4-r0/recipe-sysroot-native/usr/lib/pkgconfig'
PKG_CONFIG_PATH='/home/ubuntu/yocto/rpi-build/tmp/work/x86_64-linux/pkgconfig-native/0.29.2+gitAUTOINC+d97db4fae4-r0/recipe-sysroot-native/usr/lib/pkgconfig:/home/ubuntu/yocto/rpi-build/tmp/work/x86_64-linux/pkgconfig-native/0.29.2+gitAUTOINC+d97db4fae4-r0/recipe-sysroot-native/usr/share/pkgconfig'
RANLIB='ranlib -D'
SED='sed'
SET_MAKE=''
SHELL='/bin/bash'
STRIP='strip'
TESTS_PKG_CONFIG='${top_builddir}/pkg-config${EXEEXT}'
TESTS_SHELL='/home/ubuntu/yocto/rpi-build/tmp/hosttools/bash'
VERSION='0.29.2'
WARN_CFLAGS=''
WINE=''
ac_ct_AR=''
ac_ct_CC=''
ac_ct_DUMPBIN=''
am__EXEEXT_FALSE=''
am__EXEEXT_TRUE='#'
am__fastdepCC_FALSE=''
am__fastdepCC_TRUE='#'
am__include='include'
am__isrc=' -I$(srcdir)'
am__leading_dot='.'
am__nodep=''
am__quote=''
am__tar='$${TAR-tar} chof - "$$tardir"'
am__untar='$${TAR-tar} xf -'
bindir='/home/ubuntu/yocto/rpi-build/tmp/work/x86_64-linux/pkgconfig-native/0.29.2+gitAUTOINC+d97db4fae4-r0/recipe-sysroot-native/usr/bin'
build='x86_64-pc-linux-gnu'
build_alias='x86_64-linux'
build_cpu='x86_64'
build_os='linux-gnu'
build_vendor='pc'
datadir='/home/ubuntu/yocto/rpi-build/tmp/work/x86_64-linux/pkgconfig-native/0.29.2+gitAUTOINC+d97db4fae4-r0/recipe-sysroot-native/usr/share'
datarootdir='${prefix}/share'
docdir='${datarootdir}/doc/${PACKAGE_TARNAME}'
dvidir='${docdir}'
exec_prefix='/home/ubuntu/yocto/rpi-build/tmp/work/x86_64-linux/pkgconfig-native/0.29.2+gitAUTOINC+d97db4fae4-r0/recipe-sysroot-native/usr'
host='x86_64-pc-linux-gnu'
host_alias='x86_64-linux'
host_cpu='x86_64'
host_os='linux-gnu'
host_vendor='pc'
htmldir='${docdir}'
includedir='/home/ubuntu/yocto/rpi-build/tmp/work/x86_64-linux/pkgconfig-native/0.29.2+gitAUTOINC+d97db4fae4-r0/recipe-sysroot-native/usr/include'
infodir='/home/ubuntu/yocto/rpi-build/tmp/work/x86_64-linux/pkgconfig-native/0.29.2+gitAUTOINC+d97db4fae4-r0/recipe-sysroot-native/usr/share/info'
install_sh='${SHELL} /home/ubuntu/yocto/rpi-build/tmp/work/x86_64-linux/pkgconfig-native/0.29.2+gitAUTOINC+d97db4fae4-r0/git/install-sh'
libdir='/home/ubuntu/yocto/rpi-build/tmp/work/x86_64-linux/pkgconfig-native/0.29.2+gitAUTOINC+d97db4fae4-r0/recipe-sysroot-native/usr/lib'
libexecdir='/home/ubuntu/yocto/rpi-build/tmp/work/x86_64-linux/pkgconfig-native/0.29.2+gitAUTOINC+d97db4fae4-r0/recipe-sysroot-native/usr/libexec'
localedir='${datarootdir}/locale'
localstatedir='/home/ubuntu/yocto/rpi-build/tmp/work/x86_64-linux/pkgconfig-native/0.29.2+gitAUTOINC+d97db4fae4-r0/recipe-sysroot-native/var'
mandir='/home/ubuntu/yocto/rpi-build/tmp/work/x86_64-linux/pkgconfig-native/0.29.2+gitAUTOINC+d97db4fae4-r0/recipe-sysroot-native/usr/share/man'
mkdir_p='$(MKDIR_P)'
native_win32='no'
oldincludedir='/home/ubuntu/yocto/rpi-build/tmp/work/x86_64-linux/pkgconfig-native/0.29.2+gitAUTOINC+d97db4fae4-r0/recipe-sysroot-native/usr/include'
pc_path='${libdir}/pkgconfig:${datadir}/pkgconfig'
pdfdir='${docdir}'
prefix='/home/ubuntu/yocto/rpi-build/tmp/work/x86_64-linux/pkgconfig-native/0.29.2+gitAUTOINC+d97db4fae4-r0/recipe-sysroot-native/usr'
program_transform_name='s,x,x,'
psdir='${docdir}'
runstatedir='${localstatedir}/run'
sbindir='/home/ubuntu/yocto/rpi-build/tmp/work/x86_64-linux/pkgconfig-native/0.29.2+gitAUTOINC+d97db4fae4-r0/recipe-sysroot-native/usr/sbin'
sharedstatedir='/home/ubuntu/yocto/rpi-build/tmp/work/x86_64-linux/pkgconfig-native/0.29.2+gitAUTOINC+d97db4fae4-r0/recipe-sysroot-native/com'
subdirs=' glib'
sysconfdir='/home/ubuntu/yocto/rpi-build/tmp/work/x86_64-linux/pkgconfig-native/0.29.2+gitAUTOINC+d97db4fae4-r0/recipe-sysroot-native/etc'
system_include_path='/usr/include'
system_library_path='/usr/lib:/lib'
target_alias='x86_64-linux'
use_indirect_deps='no'

## ----------- ##
## confdefs.h. ##
## ----------- ##

/* confdefs.h */
#define PACKAGE_NAME "pkg-config"
#define PACKAGE_TARNAME "pkg-config"
#define PACKAGE_VERSION "0.29.2"
#define PACKAGE_STRING "pkg-config 0.29.2"
#define PACKAGE_BUGREPORT "https://gitlab.freedesktop.org/pkg-config/pkg-config"
#define PACKAGE_URL ""
#define PACKAGE "pkg-config"
#define VERSION "0.29.2"
#define HAVE_STDIO_H 1
#define HAVE_STDLIB_H 1
#define HAVE_STRING_H 1
#define HAVE_INTTYPES_H 1
#define HAVE_STDINT_H 1
#define HAVE_STRINGS_H 1
#define HAVE_SYS_STAT_H 1
#define HAVE_SYS_TYPES_H 1
#define HAVE_UNISTD_H 1
#define STDC_HEADERS 1
#define HAVE_DLFCN_H 1
#define LT_OBJDIR ".libs/"
#define HAVE_DIRENT_H 1
#define HAVE_UNISTD_H 1
#define HAVE_SYS_WAIT_H 1
#define HAVE_MALLOC_H 1
#define ENABLE_INDIRECT_DEPS FALSE
#define ENABLE_DEFINE_PREFIX FALSE

configure: exit 0
