1756090832
16314588 15117132 17212 304972 4194304 4194304

1756090833
16314588 14951932 19988 368712 4194304 4194304

1756090833
16314588 14956000 20024 368676 4194304 4194304

1756090833
16314588 14915796 20656 381108 4194304 4194304

1756090833
16314588 14932332 20724 381560 4194304 4194304

1756090833
16314588 14960332 20724 381560 4194304 4194304

1756090833
16314588 14954384 20740 381804 4194304 4194304

1756090833
16314588 14959680 20740 382000 4194304 4194304

1756090833
16314588 14980288 20740 382000 4194304 4194304

1756090833
16314588 14973904 20740 382000 4194304 4194304

1756090833
16314588 14938724 20852 385456 4194304 4194304

1756090833
16314588 14920676 21156 388012 4194304 4194304

1756090833
16314588 14928468 21164 388784 4194304 4194304

1756090833
16314588 14913192 21212 396536 4194304 4194304

1756090833
16314588 14917096 21212 396536 4194304 4194304

1756090833
16314588 14916204 21212 396536 4194304 4194304

1756090834
16314588 14899412 21468 401480 4194304 4194304

1756090834
16314588 14885088 21852 403268 4194304 4194304

1756090834
16314588 14899628 21920 403980 4194304 4194304

1756090834
16314588 14914140 22012 408828 4194304 4194304

1756090834
16314588 14905184 22020 411160 4194304 4194304

1756090834
16314588 14884920 22080 416300 4194304 4194304

1756090834
16314588 14863020 22256 422364 4194304 4194304

1756090834
16314588 14868428 22328 432432 4194304 4194304

1756090834
16314588 14856476 22400 445360 4194304 4194304

1756090834
16314588 14852376 22456 456744 4194304 4194304

1756090834
16314588 14805604 22628 484340 4194304 4194304

1756090834
16314588 14809236 22656 488472 4194304 4194304

1756090834
16314588 14814592 22676 491832 4194304 4194304

1756090834
16314588 14795620 22760 501888 4194304 4194304

1756090834
16314588 14767148 23384 517904 4194304 4194304

1756090834
16314588 14767148 23388 517900 4194304 4194304

1756090835
16314588 14768308 23800 535428 4194304 4194304

1756090835
16314588 14767112 23808 536980 4194304 4194304

1756090835
16314588 14738028 24108 556960 4194304 4194304

1756090835
16314588 14747428 24124 558764 4194304 4194304

1756090835
16314588 14747004 24220 563348 4194304 4194304

1756090835
16314588 14717956 24508 579960 4194304 4194304

1756090835
16314588 14670224 25104 602244 4194304 4194304

1756090835
16314588 14672356 25112 602236 4194304 4194304

1756090835
16314588 14686076 25120 602228 4194304 4194304

1756090835
16314588 14676588 25184 603984 4194304 4194304

1756090835
16314588 14674068 25184 604244 4194304 4194304

1756090835
16314588 14674068 25184 604244 4194304 4194304

1756090835
16314588 14671128 25248 610420 4194304 4194304

1756090835
16314588 14652176 25388 623240 4194304 4194304

1756090835
16314588 14651536 25564 629304 4194304 4194304

1756090835
16314588 14630600 25720 644748 4194304 4194304

1756090835
16314588 14618464 25944 654664 4194304 4194304

1756090835
16314588 14601928 26400 658368 4194304 4194304

1756090835
16314588 14601424 26404 658624 4194304 4194304

1756090836
16314588 14584972 26716 671572 4194304 4194304

1756090836
16314588 14575284 26936 691372 4194304 4194304

1756090836
16314588 14570964 26996 694692 4194304 4194304

1756090836
16314588 14544476 27184 718944 4194304 4194304

1756090836
16314588 14521012 27540 739908 4194304 4194304

1756090836
16314588 14527292 27628 744500 4194304 4194304

1756090836
16314588 14516736 27804 753684 4194304 4194304

1756090836
16314588 14516232 27820 753928 4194304 4194304

1756090836
16314588 14484488 28296 777112 4194304 4194304

1756090836
16314588 14452468 28684 806364 4194304 4194304

1756090836
16314588 14424660 29144 823632 4194304 4194304

1756090836
16314588 14369096 29940 860192 4194304 4194304

1756090836
16314588 14369540 30104 862888 4194304 4194304

1756090836
16314588 14369540 30104 863148 4194304 4194304

1756090836
16314588 14351628 30268 877024 4194304 4194304

1756090837
16314588 14259336 31364 929748 4194304 4194304

1756090837
16314588 14200724 33352 976356 4194304 4194304

1756090837
16314588 14144708 34604 1013324 4194304 4194304

1756090837
16314588 14137860 34992 1023596 4194304 4194304

1756090837
16314588 14056184 36628 1071832 4194304 4194304

1756090837
16314588 14067880 36784 1074232 4194304 4194304

1756090837
16314588 13976000 38212 1122316 4194304 4194304

1756090837
16314588 14006436 38852 1153396 4194304 4194304

1756090837
16314588 13997012 39068 1159420 4194304 4194304

1756090837
16314588 13996508 39072 1159416 4194304 4194304

1756090838
16314588 13980572 39636 1175752 4194304 4194304

1756090838
16314588 13980152 39904 1182764 4194304 4194304

1756090838
16314588 13981704 40072 1188576 4194304 4194304

1756090838
16314588 13919232 41468 1222036 4194304 4194304

1756090838
16314588 13789480 43076 1312728 4194304 4194304

1756090838
16314588 13781924 43288 1324476 4194304 4194304

1756090838
16314588 13784740 43508 1327896 4194304 4194304

1756090838
16314588 13787648 43700 1333424 4194304 4194304

1756090838
16314588 13713512 44888 1374396 4194304 4194304

1756090838
16314588 13700400 45124 1388452 4194304 4194304

1756090838
16314588 13667456 45816 1409860 4194304 4194304

1756090838
16314588 13665972 45832 1410104 4194304 4194304

1756090838
16314588 13670376 46012 1412784 4194304 4194304

1756090838
16314588 13662380 46044 1414312 4194304 4194304

1756090838
16314588 13661876 46048 1414308 4194304 4194304

1756090838
16314588 13665692 46232 1416724 4194304 4194304

1756090839
16314588 13660328 46460 1423516 4194304 4194304

1756090839
16314588 13610720 47568 1450488 4194304 4194304

1756090839
16314588 13588984 48672 1461344 4194304 4194304

1756090839
16314588 13599052 48796 1462260 4194304 4194304

1756090839
16314588 13609792 48872 1463484 4194304 4194304

1756090839
16314588 13554116 51064 1486524 4194304 4194304

1756090839
16314588 13488636 53352 1514072 4194304 4194304

1756090839
16314588 13488636 53356 1514068 4194304 4194304

1756090840
16314588 13479372 54180 1531964 4194304 4194304

1756090840
16314588 13471536 54344 1540900 4194304 4194304

1756090840
16314588 13447040 54700 1560824 4194304 4194304

1756090840
16314588 13449060 54892 1568692 4194304 4194304

1756090840
16314588 13446628 55032 1578432 4194304 4194304

1756090840
16314588 13396848 55908 1607196 4194304 4194304

1756090840
16314588 13451608 56076 1611708 4194304 4194304

1756090840
16314588 13449656 56256 1614388 4194304 4194304

1756090840
16314588 13401248 57224 1634244 4194304 4194304

1756090840
16314588 13386824 57696 1642352 4194304 4194304

1756090840
16314588 13390984 57696 1642352 4194304 4194304

1756090841
16314588 13439824 57704 1642864 4194304 4194304

1756090841
16314588 13452760 57708 1643120 4194304 4194304

1756090841
16314588 13445952 57716 1644672 4194304 4194304

1756090841
16314588 13444480 57728 1644920 4194304 4194304

1756090841
16314588 13424232 57884 1658024 4194304 4194304

1756090841
16314588 13421688 57944 1662996 4194304 4194304

1756090841
16314588 13423520 58012 1666356 4194304 4194304

1756090841
16314588 13389848 58112 1675616 4194304 4194304

1756090841
16314588 13389848 58112 1675616 4194304 4194304

1756090842
16314588 13396316 58260 1677028 4194304 4194304

1756090842
16314588 13412948 58260 1677028 4194304 4194304

1756090842
16314588 13425832 58264 1677024 4194304 4194304

1756090842
16314588 13420660 58288 1677780 4194304 4194304

1756090842
16314588 13416856 58456 1678912 4194304 4194304

1756090842
16314588 13356548 58844 1701256 4194304 4194304

1756090842
16314588 13371212 58896 1707704 4194304 4194304

1756090842
16314588 13385148 58928 1707672 4194304 4194304

1756090842
16314588 13354240 58940 1714680 4194304 4194304

1756090842
16314588 13353748 58940 1714940 4194304 4194304

1756090842
16314588 13372672 59116 1716324 4194304 4194304

1756090843
16314588 13350152 59196 1723800 4194304 4194304

1756090843
16314588 13368044 59240 1726616 4194304 4194304

1756090843
16314588 13353932 59328 1731988 4194304 4194304

1756090843
16314588 13356468 59360 1732476 4194304 4194304

1756090843
16314588 13350700 59544 1732812 4194304 4194304

1756090843
16314588 13350036 59832 1733044 4194304 4194304

1756090843
16314588 13357768 60120 1734048 4194304 4194304

1756090843
16314588 13339096 60288 1734660 4194304 4194304

1756090843
16314588 13351152 60304 1734644 4194304 4194304

1756090843
16314588 13348656 60304 1734644 4194304 4194304

1756090843
16314588 13347676 60304 1734644 4194304 4194304

1756090843
16314588 13353472 60316 1734632 4194304 4194304

1756090844
16314588 13345920 60404 1734544 4194304 4194304

1756090844
16314588 13333176 60632 1738476 4194304 4194304

1756090844
16314588 13330180 60664 1738964 4194304 4194304

1756090844
16314588 13242904 60840 1742120 4194304 4194304

1756090844
16314588 13243352 60888 1742072 4194304 4194304

1756090844
16314588 13241840 60888 1742072 4194304 4194304

1756090845
16314588 13251904 60944 1742276 4194304 4194304

1756090845
16314588 13211044 61116 1745096 4194304 4194304

1756090845
16314588 13204480 61212 1745000 4194304 4194304

1756090845
16314588 13205688 61216 1745256 4194304 4194304

1756090845
16314588 13205688 61216 1745256 4194304 4194304

1756090846
16314588 13215140 61236 1745496 4194304 4194304

1756090846
16314588 13211880 61260 1745472 4194304 4194304

1756090846
16314588 13201200 61356 1745636 4194304 4194304

1756090846
16314588 13217124 61396 1745856 4194304 4194304

1756090846
16314588 13184844 61476 1750584 4194304 4194304

1756090846
16314588 13183964 61476 1750584 4194304 4194304

1756090846
16314588 13183460 61476 1750584 4194304 4194304

1756090847
16314588 13135912 62140 1775400 4194304 4194304

1756090847
16314588 13090804 63276 1808672 4194304 4194304

1756090847
16314588 13090804 63276 1808672 4194304 4194304

1756090847
16314588 13102156 63288 1808660 4194304 4194304

1756090848
16314588 13102300 63440 1811888 4194304 4194304

1756090848
16314588 13043428 64220 1846988 4194304 4194304

1756090848
16314588 13052616 64276 1850052 4194304 4194304

1756090848
16314588 13038688 64400 1859784 4194304 4194304

1756090848
16314588 13004476 64628 1862156 4194304 4194304

1756090848
16314588 13003972 64628 1862156 4194304 4194304

1756090849
16314588 13031668 64976 1866228 4194304 4194304

1756090849
16314588 13025780 65044 1866680 4194304 4194304

1756090849
16314588 13021940 65132 1874792 4194304 4194304

1756090849
16314588 13008864 65172 1876572 4194304 4194304

1756090849
16314588 13008864 65172 1876572 4194304 4194304

1756090850
16314588 13033836 65224 1876520 4194304 4194304

1756090850
16314588 13014596 65272 1876732 4194304 4194304

1756090850
16314588 12978468 65468 1876796 4194304 4194304

1756090850
16314588 12993892 65540 1878056 4194304 4194304

1756090850
16314588 12979216 65604 1878252 4194304 4194304

1756090850
16314588 12989596 65608 1878248 4194304 4194304

1756090850
16314588 12984556 65608 1878248 4194304 4194304

1756090850
16314588 12984556 65608 1878248 4194304 4194304

1756090851
16314588 12991016 65608 1878508 4194304 4194304

1756090851
16314588 12999992 65608 1878508 4194304 4194304

1756090853
16314588 12945152 65760 1879136 4194304 4194304

1756090853
16314588 12944648 65760 1879136 4194304 4194304

1756090853
16314588 12972960 65768 1879128 4194304 4194304

1756090853
16314588 12979724 65768 1879128 4194304 4194304

1756090853
16314588 12943000 65828 1879892 4194304 4194304

1756090853
16314588 12949032 65836 1879884 4194304 4194304

1756090853
16314588 12962280 65856 1880124 4194304 4194304

1756090853
16314588 12967876 65864 1880116 4194304 4194304

1756090854
16314588 12897452 66436 1889164 4194304 4194304

1756090854
16314588 12897452 66436 1889164 4194304 4194304

1756090854
16314588 12890716 66556 1890644 4194304 4194304

1756090854
16314588 12891896 66576 1890624 4194304 4194304

1756090854
16314588 12895536 66592 1890608 4194304 4194304

1756090855
16314588 12951068 66632 1890568 4194304 4194304

1756090855
16314588 12940348 66832 1890628 4194304 4194304

1756090855
16314588 12940348 66832 1890628 4194304 4194304

1756090855
16314588 12938868 66844 1890616 4194304 4194304

1756090855
16314588 12938112 67188 1892864 4194304 4194304

1756090855
16314588 12929284 67288 1893024 4194304 4194304

1756090856
16314588 12896428 67324 1893248 4194304 4194304

1756090856
16314588 12895924 67324 1893248 4194304 4194304

1756090856
16314588 12889188 67376 1894736 4194304 4194304

1756090856
16314588 12898704 67388 1894972 4194304 4194304

1756090856
16314588 12895808 67656 1898344 4194304 4194304

1756090856
16314588 12877412 67948 1899092 4194304 4194304

1756090857
16314588 12873836 68396 1900204 4194304 4194304

1756090857
16314588 12879328 68396 1900204 4194304 4194304

1756090857
16314588 12948076 68424 1901096 4194304 4194304

1756090857
16314588 12911536 68724 1906864 4194304 4194304

1756090857
16314588 12900956 68744 1906844 4194304 4194304

1756090857
16314588 12906232 68800 1907048 4194304 4194304

1756090857
16314588 12904776 68820 1907288 4194304 4194304

1756090858
16314588 12888364 68896 1909032 4194304 4194304

1756090858
16314588 12884092 68896 1909032 4194304 4194304

1756090858
16314588 12883644 68896 1909032 4194304 4194304

1756090858
16314588 12840480 68924 1919224 4194304 4194304

1756090859
16314588 12813756 69228 1938940 4194304 4194304

1756090859
16314588 12792264 69372 1943736 4194304 4194304

1756090859
16314588 12792264 69372 1943736 4194304 4194304

1756090859
16314588 12799020 69420 1947132 4194304 4194304

1756090859
16314588 12808648 69420 1948248 4194304 4194304

1756090859
16314588 12808296 69452 1955476 4194304 4194304

1756090860
16314588 12732396 70416 1970632 4194304 4194304

1756090860
16314588 12730848 70796 1976492 4194304 4194304

1756090860
16314588 12730848 70796 1976492 4194304 4194304

1756090860
16314588 12736104 70944 1990924 4194304 4194304

1756090860
16314588 12734340 70948 1991836 4194304 4194304

1756090860
16314588 12689996 71276 2017768 4194304 4194304

1756090861
16314588 12638912 71584 2037480 4194304 4194304

1756090861
16314588 12632548 71644 2045220 4194304 4194304

1756090861
16314588 12629024 71644 2046000 4194304 4194304

1756090861
16314588 12629024 71644 2046000 4194304 4194304

1756090861
16314588 12611180 71672 2060140 4194304 4194304

1756090861
16314588 12569796 71960 2071552 4194304 4194304

1756090861
16314588 12616328 72136 2071376 4194304 4194304

1756090862
16314588 12583568 72256 2071776 4194304 4194304

1756090862
16314588 12614100 72280 2072012 4194304 4194304

1756090862
16314588 12629100 72288 2072264 4194304 4194304

1756090862
16314588 12629100 72288 2072264 4194304 4194304

1756090862
16314588 12622972 72308 2072244 4194304 4194304

1756090862
16314588 12629208 72308 2072572 4194304 4194304

1756090862
16314588 12624316 72312 2073188 4194304 4194304

1756090862
16314588 12580744 72440 2073460 4194304 4194304

1756090862
16314588 12595728 72480 2073420 4194304 4194304

1756090862
16314588 12580712 72516 2073384 4194304 4194304

1756090863
16314588 12536688 72656 2074024 4194304 4194304

1756090863
16314588 12536688 72656 2074024 4194304 4194304

1756090863
16314588 12539000 72900 2080900 4194304 4194304

1756090863
16314588 12533248 73100 2086256 4194304 4194304

1756090863
16314588 12579124 73116 2086240 4194304 4194304

1756090863
16314588 12599372 73136 2086220 4194304 4194304

1756090863
16314588 12586996 73168 2086188 4194304 4194304

1756090864
16314588 12570412 73288 2086588 4194304 4194304

1756090864
16314588 12556436 73316 2086560 4194304 4194304

1756090864
16314588 12554924 73316 2086560 4194304 4194304

1756090864
16314588 12569596 73324 2086552 4194304 4194304

1756090864
16314588 12567456 73344 2087328 4194304 4194304

1756090864
16314588 12534140 73508 2087164 4194304 4194304

1756090864
16314588 12550316 73572 2087100 4194304 4194304

1756090864
16314588 12538156 73588 2087084 4194304 4194304

1756090864
16314588 12557824 73596 2087076 4194304 4194304

1756090865
16314588 12551780 73608 2087064 4194304 4194304

1756090865
16314588 12524428 73608 2087064 4194304 4194304

1756090865
16314588 12524428 73608 2087064 4194304 4194304

1756090865
16314588 12519496 73664 2088080 4194304 4194304

1756090865
16314588 12524148 73672 2088072 4194304 4194304

1756090865
16314588 12457860 74172 2102392 4194304 4194304

1756090866
16314588 12418172 74584 2117580 4194304 4194304

1756090866
16314588 12418172 74584 2117580 4194304 4194304

1756090866
16314588 12425056 74732 2122632 4194304 4194304

1756090866
16314588 12421896 75000 2133384 4194304 4194304

1756090866
16314588 12318044 75272 2146632 4194304 4194304

1756090866
16314588 12317268 75372 2149652 4194304 4194304

1756090867
16314588 12321056 75380 2149644 4194304 4194304

1756090867
16314588 12412716 75384 2149640 4194304 4194304

1756090867
16314588 12395444 75384 2149640 4194304 4194304

1756090867
16314588 12395444 75384 2149640 4194304 4194304

1756090867
16314588 12342532 75756 2166408 4194304 4194304

1756090867
16314588 12335196 75864 2168380 4194304 4194304

1756090867
16314588 12330428 75948 2171936 4194304 4194304

1756090868
16314588 12364448 76792 2195012 4194304 4194304

1756090868
16314588 12364448 76796 2195008 4194304 4194304

1756090868
16314588 12329536 77200 2213896 4194304 4194304

1756090868
16314588 12271784 77968 2246148 4194304 4194304

1756090869
16314588 12290156 77968 2246928 4194304 4194304

1756090869
16314588 12284104 78000 2247936 4194304 4194304

1756090869
16314588 12295044 78000 2248196 4194304 4194304

1756090869
16314588 12295044 78000 2248196 4194304 4194304

1756090869
16314588 12300944 78008 2248708 4194304 4194304

1756090869
16314588 12293756 78072 2253492 4194304 4194304

1756090869
16314588 12296572 78124 2257080 4194304 4194304

1756090869
16314588 12292212 78136 2257328 4194304 4194304

1756090870
16314588 12240480 78188 2262216 4194304 4194304

1756090870
16314588 12240480 78188 2262216 4194304 4194304

1756090870
16314588 12264704 78368 2263596 4194304 4194304

1756090870
16314588 12243320 78600 2266364 4194304 4194304

1756090870
16314588 12245896 78636 2267628 4194304 4194304

1756090870
16314588 12233708 78776 2270348 4194304 4194304

1756090870
16314588 12232260 78860 2271304 4194304 4194304

1756090871
16314588 12219580 78904 2272560 4194304 4194304

1756090871
16314588 12197888 78964 2273540 4194304 4194304

1756090871
16314588 12197888 78964 2273540 4194304 4194304

1756090871
16314588 12427932 79096 2277588 4194304 4194304

1756090871
16314588 12476176 79192 2283212 4194304 4194304

1756090871
16314588 12483504 79204 2283200 4194304 4194304

1756090871
16314588 12474592 79208 2283196 4194304 4194304

1756090872
16314588 12472028 79772 2289392 4194304 4194304

1756090872
16314588 12454008 79840 2289584 4194304 4194304

1756090872
16314588 12454008 79840 2289584 4194304 4194304

1756090872
16314588 12414752 82188 2313116 4194304 4194304

1756090873
16314588 12527732 84428 2347276 4194304 4194304

1756090873
16314588 12527732 84428 2347276 4194304 4194304

1756090873
16314588 12458216 86604 2368708 4194304 4194304

1756090873
16314588 12514860 87284 2372188 4194304 4194304

1756090873
16314588 12504188 88612 2381780 4194304 4194304

1756090874
16314588 12482200 91408 2415904 4194304 4194304

1756090874
16314588 12498772 91436 2417436 4194304 4194304

1756090874
16314588 12539932 91440 2417432 4194304 4194304

1756090874
16314588 12534076 91440 2417952 4194304 4194304

1756090874
16314588 12533576 91440 2417952 4194304 4194304

1756090874
16314588 12533760 91452 2418720 4194304 4194304

1756090874
16314588 12474912 91744 2427360 4194304 4194304

1756090875
16314588 12366016 92244 2441940 4194304 4194304

1756090875
16314588 12331012 92320 2445764 4194304 4194304

1756090875
16314588 12330508 92320 2445764 4194304 4194304

1756090875
16314588 12298636 92444 2453608 4194304 4194304

1756090876
16314588 12195828 92668 2461964 4194304 4194304

1756090876
16314588 12182916 92696 2462716 4194304 4194304

1756090876
16314588 12176056 92696 2462716 4194304 4194304

1756090876
16314588 12176056 92696 2462716 4194304 4194304

1756090876
16314588 12170204 92724 2463876 4194304 4194304

1756090876
16314588 12204052 92932 2468828 4194304 4194304

1756090877
16314588 12252028 93104 2471256 4194304 4194304

1756090877
16314588 12239400 93124 2472276 4194304 4194304

1756090877
16314588 12220284 93152 2473288 4194304 4194304

1756090877
16314588 12220284 93156 2473284 4194304 4194304

1756090877
16314588 12189640 93460 2488848 4194304 4194304

1756090878
16314588 12180100 93460 2489108 4194304 4194304

1756090878
16314588 12210480 93476 2489612 4194304 4194304

1756090878
16314588 12178200 93520 2490608 4194304 4194304

1756090878
16314588 12177696 93520 2490608 4194304 4194304

1756090879
16314588 12124188 94248 2503288 4194304 4194304

1756090879
16314588 12085588 94248 2503288 4194304 4194304

1756090879
16314588 12085588 94248 2503288 4194304 4194304

1756090879
16314588 12082644 94288 2504256 4194304 4194304

1756090879
16314588 12065796 94292 2504512 4194304 4194304

1756090880
16314588 12040196 94364 2504700 4194304 4194304

1756090880
16314588 12039724 94364 2504700 4194304 4194304

1756090880
16314588 12039220 94368 2504696 4194304 4194304

1756090880
16314588 12058048 94440 2505440 4194304 4194304

1756090881
16314588 12086836 94516 2505624 4194304 4194304

1756090881
16314588 12060412 94516 2505624 4194304 4194304

1756090881
16314588 12060412 94516 2505624 4194304 4194304

1756090881
16314588 12217740 94588 2506848 4194304 4194304

1756090882
16314588 12260404 94616 2507080 4194304 4194304

1756090882
16314588 12259900 94616 2507080 4194304 4194304

1756090882
16314588 12249472 94784 2517480 4194304 4194304

1756090882
16314588 12272900 94832 2519252 4194304 4194304

1756090883
16314588 12295516 94920 2520204 4194304 4194304

1756090883
16314588 12303316 94920 2520204 4194304 4194304

1756090883
16314588 12303316 94920 2520204 4194304 4194304

1756090883
16314588 12319248 94920 2520204 4194304 4194304

1756090883
16314588 12303860 94976 2521556 4194304 4194304

1756090883
16314588 12302216 94984 2521548 4194304 4194304

1756090883
16314588 12317392 94996 2521796 4194304 4194304

1756090883
16314588 12307916 95040 2522792 4194304 4194304

1756090883
16314588 12313220 95052 2522780 4194304 4194304

1756090884
16314588 12297916 95128 2523224 4194304 4194304

1756090884
16314588 12293052 95136 2523572 4194304 4194304

1756090884
16314588 12293052 95136 2523572 4194304 4194304

1756090884
16314588 12296656 95180 2524820 4194304 4194304

1756090884
16314588 12300788 95260 2524740 4194304 4194304

1756090884
16314588 12286212 95328 2525452 4194304 4194304

1756090884
16314588 12298680 95360 2525420 4194304 4194304

1756090884
16314588 12279840 95436 2525344 4194304 4194304

1756090885
16314588 12288844 95880 2537588 4194304 4194304

1756090885
16314588 12287836 95880 2537588 4194304 4194304

1756090885
16314588 12292620 95892 2538876 4194304 4194304

1756090885
16314588 12290292 95892 2539396 4194304 4194304

1756090885
16314588 12289788 95892 2539396 4194304 4194304

1756090885
16314588 12251364 95972 2559348 4194304 4194304

1756090887
16314588 12243884 95992 2561148 4194304 4194304

1756090887
16314588 12245964 95992 2561148 4194304 4194304

1756090887
16314588 12256796 96000 2562180 4194304 4194304

1756090887
16314588 12248932 96016 2567624 4194304 4194304

1756090887
16314588 12241236 96016 2571044 4194304 4194304

1756090887
16314588 12241236 96016 2571304 4194304 4194304

1756090887
16314588 12219328 96080 2582612 4194304 4194304

1756090887
16314588 12209856 96124 2596924 4194304 4194304

1756090887
16314588 12179792 96208 2609680 4194304 4194304

1756090887
16314588 12189848 96236 2617192 4194304 4194304

1756090887
16314588 12175796 96244 2623116 4194304 4194304

1756090887
16314588 12171896 96280 2625552 4194304 4194304

1756090888
16314588 12143992 96304 2637792 4194304 4194304

1756090888
16314588 12143608 96304 2637792 4194304 4194304

1756090888
16314588 12145308 96316 2645060 4194304 4194304

1756090888
16314588 12144064 96320 2646356 4194304 4194304

1756090888
16314588 12130836 96376 2655304 4194304 4194304

1756090888
16314588 12137416 96388 2655292 4194304 4194304

1756090889
16314588 12112328 96760 2665204 4194304 4194304

1756090889
16314588 12097848 96784 2665712 4194304 4194304

1756090889
16314588 12097848 96784 2665712 4194304 4194304

1756090889
16314588 12102384 96908 2673128 4194304 4194304

1756090889
16314588 12099792 96908 2673388 4194304 4194304

1756090889
16314588 12220260 96980 2688344 4194304 4194304

1756090889
16314588 12222796 96980 2688344 4194304 4194304

1756090889
16314588 12225372 96980 2689676 4194304 4194304

1756090890
16314588 12207944 97044 2692576 4194304 4194304

1756090890
16314588 12190508 97072 2692808 4194304 4194304

1756090890
16314588 12190508 97072 2692808 4194304 4194304

1756090890
16314588 12193600 97236 2699404 4194304 4194304

1756090890
16314588 12127044 97312 2701408 4194304 4194304

1756090891
16314588 12042644 97316 2703648 4194304 4194304

1756090891
16314588 12042644 97316 2703648 4194304 4194304

1756090891
16314588 12044556 97320 2703644 4194304 4194304

1756090892
16314588 11983216 97356 2707152 4194304 4194304

1756090892
16314588 11983216 97356 2707152 4194304 4194304

1756090893
16314588 11918092 97368 2711244 4194304 4194304

1756090893
16314588 11918092 97368 2711244 4194304 4194304

1756090894
16314588 11958560 97392 2714640 4194304 4194304

1756090894
16314588 11958560 97392 2714640 4194304 4194304

1756090895
16314588 11976332 97416 2718720 4194304 4194304

1756090895
16314588 12025684 97416 2718720 4194304 4194304

1756090895
16314588 12004020 97416 2719240 4194304 4194304

1756090895
16314588 12004020 97416 2719240 4194304 4194304

1756090895
16314588 12044872 97444 2719992 4194304 4194304

1756090895
16314588 12067428 97556 2720400 4194304 4194304

1756090895
16314588 12105348 97760 2725504 4194304 4194304

1756090895
16314588 12124536 97764 2725500 4194304 4194304

1756090895
16314588 12122372 97768 2725756 4194304 4194304

1756090896
16314588 12096516 97964 2730252 4194304 4194304

1756090896
16314588 12076988 97976 2732384 4194304 4194304

1756090896
16314588 12076988 97976 2732384 4194304 4194304

1756090896
16314588 12089656 98116 2735944 4194304 4194304

1756090896
16314588 12085392 98132 2736188 4194304 4194304

1756090897
16314588 12045740 98196 2743164 4194304 4194304

1756090897
16314588 12045740 98196 2743164 4194304 4194304

1756090897
16314588 12045260 98204 2751532 4194304 4194304

1756090898
16314588 12016688 98244 2753104 4194304 4194304

1756090898
16314588 12016688 98244 2753104 4194304 4194304

1756090898
16314588 12034904 98244 2753104 4194304 4194304

1756090899
16314588 11997804 98280 2758400 4194304 4194304

1756090899
16314588 11997804 98280 2758400 4194304 4194304

1756090899
16314588 12141280 98284 2763516 4194304 4194304

1756090900
16314588 12102744 98408 2769328 4194304 4194304

1756090900
16314588 12102744 98408 2769328 4194304 4194304

1756090900
16314588 12123824 98448 2770164 4194304 4194304

1756090900
16314588 12126000 98456 2771112 4194304 4194304

1756090901
16314588 12103532 98524 2779168 4194304 4194304

1756090901
16314588 12103532 98524 2779168 4194304 4194304

1756090901
16314588 12101204 98528 2789132 4194304 4194304

1756090902
16314588 12082840 98560 2791196 4194304 4194304

1756090902
16314588 12082840 98560 2791196 4194304 4194304

1756090902
16314588 12082728 98652 2803300 4194304 4194304

1756090903
16314588 12068828 98664 2809456 4194304 4194304

1756090903
16314588 12068828 98664 2809456 4194304 4194304

1756090903
16314588 12017824 98704 2822676 4194304 4194304

1756090904
16314588 12004424 98732 2827628 4194304 4194304

1756090904
16314588 12004424 98732 2827628 4194304 4194304

1756090904
16314588 11976756 99788 2849712 4194304 4194304

1756090904
16314588 11995320 99816 2850464 4194304 4194304

1756090905
16314588 11958236 100524 2868256 4194304 4194304

1756090905
16314588 11958236 100524 2868256 4194304 4194304

1756090905
16314588 11965300 100736 2869084 4194304 4194304

1756090905
16314588 11977388 101112 2870268 4194304 4194304

1756090905
16314588 11973084 101488 2871452 4194304 4194304

1756090905
16314588 11987536 103032 2875768 4194304 4194304

1756090906
16314588 11936144 105876 2884840 4194304 4194304

1756090906
16314588 11936144 105880 2884836 4194304 4194304

1756090907
16314588 11832320 111848 2938480 4194304 4194304

1756090907
16314588 11832320 111848 2938480 4194304 4194304

1756090907
16314588 11846148 111968 2942904 4194304 4194304

1756090907
16314588 11831256 112204 2948832 4194304 4194304

1756090907
16314588 11823560 112248 2948916 4194304 4194304

1756090907
16314588 11826380 112260 2948904 4194304 4194304

1756090908
16314588 11814016 112380 2949512 4194304 4194304

1756090908
16314588 11793268 112408 2949512 4194304 4194304

1756090908
16314588 11793268 112408 2949512 4194304 4194304

1756090908
16314588 11805988 112444 2949476 4194304 4194304

1756090908
16314588 11802852 112492 2949536 4194304 4194304

1756090908
16314588 11801396 112556 2950768 4194304 4194304

1756090909
16314588 11791580 112636 2950812 4194304 4194304

1756090909
16314588 11790572 112636 2950812 4194304 4194304

1756090909
16314588 11808304 112656 2951052 4194304 4194304

1756090909
16314588 11838132 112684 2952688 4194304 4194304

1756090909
16314588 11853072 112736 2955328 4194304 4194304

1756090910
16314588 11814740 112768 2955564 4194304 4194304

1756090910
16314588 11813228 112768 2955564 4194304 4194304

1756090910
16314588 11842124 112872 2960120 4194304 4194304

1756090910
16314588 11846852 112904 2960528 4194304 4194304

1756090910
16314588 11840996 112972 2960696 4194304 4194304

1756090911
16314588 11877852 113068 2961928 4194304 4194304

1756090911
16314588 11877348 113068 2961928 4194304 4194304

1756090911
16314588 11901540 113076 2961992 4194304 4194304

1756090911
16314588 11906840 113076 2962020 4194304 4194304

1756090911
16314588 11913616 113080 2962016 4194304 4194304

1756090911
16314588 11890652 113388 2963180 4194304 4194304

1756090911
16314588 11899896 113392 2963176 4194304 4194304

1756090911
16314588 11884084 113772 2973236 4194304 4194304

1756090912
16314588 11880844 113844 2977520 4194304 4194304

1756090912
16314588 11871144 113860 2978804 4194304 4194304

1756090912
16314588 11871144 113860 2978804 4194304 4194304

1756090912
16314588 11883624 113916 2980036 4194304 4194304

1756090912
16314588 11883304 113976 2981512 4194304 4194304

1756090912
16314588 11843484 114800 3002788 4194304 4194304

1756090912
16314588 11841616 114844 3005864 4194304 4194304

1756090912
16314588 11855372 114880 3006608 4194304 4194304

1756090912
16314588 11861284 114904 3006844 4194304 4194304

1756090913
16314588 11820988 115352 3022484 4194304 4194304

1756090913
16314588 11822688 115676 3029864 4194304 4194304

1756090913
16314588 11807072 115680 3030120 4194304 4194304

1756090913
16314588 11807072 115684 3030116 4194304 4194304

1756090913
16314588 11823460 115700 3030100 4194304 4194304

1756090913
16314588 11811784 115784 3030808 4194304 4194304

1756090913
16314588 11817404 115852 3030828 4194304 4194304

1756090913
16314588 11813540 115960 3030980 4194304 4194304

1756090913
16314588 11816900 116000 3031200 4194304 4194304

1756090913
16314588 11824860 116000 3031200 4194304 4194304

1756090913
16314588 11822360 116032 3031304 4194304 4194304

1756090914
16314588 11821712 116072 3032516 4194304 4194304

1756090914
16314588 11809680 116148 3032440 4194304 4194304

1756090914
16314588 11806656 116308 3032540 4194304 4194304

1756090914
16314588 11806152 116308 3032540 4194304 4194304

1756090914
16314588 11817520 116324 3032524 4194304 4194304

1756090914
16314588 11795832 116688 3041780 4194304 4194304

1756090914
16314588 11802112 116712 3044356 4194304 4194304

1756090914
16314588 11816728 116728 3043560 4194304 4194304

1756090914
16314588 11819912 116736 3043812 4194304 4194304

1756090914
16314588 11815920 116836 3044484 4194304 4194304

1756090914
16314588 11825148 116836 3044484 4194304 4194304

1756090914
16314588 11830084 116848 3044476 4194304 4194304

1756090914
16314588 11814156 116960 3045016 4194304 4194304

1756090915
16314588 11790016 117128 3049376 4194304 4194304

1756090915
16314588 11780896 117140 3049624 4194304 4194304

1756090915
16314588 11780392 117144 3049620 4194304 4194304

1756090915
16314588 11793180 117192 3050612 4194304 4194304

1756090915
16314588 11800324 117220 3052316 4194304 4194304

1756090915
16314588 11819800 117252 3052940 4194304 4194304

1756090915
16314588 11822220 117252 3053200 4194304 4194304

1756090915
16314588 11790404 117584 3057672 4194304 4194304

1756090915
16314588 11790408 117608 3059988 4194304 4194304

1756090915
16314588 11755960 118036 3075948 4194304 4194304

1756090915
16314588 11767576 118068 3076676 4194304 4194304

1756090916
16314588 11736528 118312 3086120 4194304 4194304

1756090916
16314588 11736528 118312 3086120 4194304 4194304

1756090916
16314588 11754280 118312 3086380 4194304 4194304

1756090916
16314588 11735876 119312 3097760 4194304 4194304

1756090916
16314588 11736052 119328 3097744 4194304 4194304

1756090916
16314588 11712444 119608 3102124 4194304 4194304

1756090917
16314588 11715016 119652 3102220 4194304 4194304

1756090917
16314588 11705540 119684 3102188 4194304 4194304

1756090917
16314588 11705540 119684 3102188 4194304 4194304

1756090917
16314588 11702236 119688 3116104 4194304 4194304

1756090918
16314588 11704812 119732 3125484 4194304 4194304

1756090918
16314588 11722440 119732 3125484 4194304 4194304

1756090918
16314588 11692720 119740 3125584 4194304 4194304

1756090918
16314588 11692720 119740 3125584 4194304 4194304

1756090918
16314588 11701592 119840 3126268 4194304 4194304

1756090918
16314588 11717588 119880 3126228 4194304 4194304

1756090918
16314588 11697928 120392 3135656 4194304 4194304

1756090919
16314588 11528020 121432 3240420 4194304 4194304

1756090919
16314588 11528020 121432 3240420 4194304 4194304

1756090919
16314588 11556204 121484 3251492 4194304 4194304

1756090920
16314588 11546936 121492 3254688 4194304 4194304

1756090920
16314588 11546684 121492 3254720 4194304 4194304

1756090921
16314588 11544476 121608 3265776 4194304 4194304

1756090921
16314588 11518576 121864 3277748 4194304 4194304

1756090921
16314588 11518576 121864 3277748 4194304 4194304

1756090921
16314588 11500336 122228 3295380 4194304 4194304

1756090921
16314588 11490292 122640 3321048 4194304 4194304

1756090921
16314588 11494748 122684 3325992 4194304 4194304

1756090921
16314588 11466920 122948 3346676 4194304 4194304

1756090921
16314588 11467048 123092 3348776 4194304 4194304

1756090921
16314588 11468268 123284 3351184 4194304 4194304

1756090921
16314588 11473328 123300 3351348 4194304 4194304

1756090922
16314588 11428532 123848 3361852 4194304 4194304

1756090922
16314588 11428532 123848 3361852 4194304 4194304

1756090922
16314588 11429688 124156 3382072 4194304 4194304

1756090922
16314588 11444832 124156 3382332 4194304 4194304

1756090922
16314588 11455496 124156 3383372 4194304 4194304

1756090922
16314588 11399884 124500 3412732 4194304 4194304

1756090922
16314588 11405096 124516 3414536 4194304 4194304

1756090922
16314588 11375280 124928 3432944 4194304 4194304

1756090923
16314588 11323496 125480 3464412 4194304 4194304

1756090923
16314588 11328364 125748 3474284 4194304 4194304

1756090923
16314588 11325816 125904 3482188 4194304 4194304

1756090923
16314588 11304912 126104 3488228 4194304 4194304

1756090923
16314588 11304912 126104 3488228 4194304 4194304

1756090923
16314588 11328560 126160 3493892 4194304 4194304

1756090923
16314588 11299744 126372 3504956 4194304 4194304

1756090923
16314588 11252520 126912 3532468 4194304 4194304

1756090923
16314588 11215068 127372 3563556 4194304 4194304

1756090923
16314588 11181804 127940 3598940 4194304 4194304

1756090924
16314588 11157316 128400 3617312 4194304 4194304

1756090924
16314588 11133536 128560 3622092 4194304 4194304

1756090924
16314588 11133536 128560 3622092 4194304 4194304

1756090924
16314588 11149628 128632 3622020 4194304 4194304

1756090924
16314588 11164128 128684 3621968 4194304 4194304

1756090924
16314588 11114052 129908 3637972 4194304 4194304

1756090924
16314588 11122220 129920 3638440 4194304 4194304

1756090925
16314588 11093800 130212 3641076 4194304 4194304

1756090925
16314588 11076484 130228 3642544 4194304 4194304

1756090925
16314588 11076484 130228 3642544 4194304 4194304

1756090925
16314588 11082992 130300 3643252 4194304 4194304

1756090925
16314588 11103856 130372 3643960 4194304 4194304

1756090925
16314588 11119772 130396 3644196 4194304 4194304

1756090925
16314588 11129648 130400 3644192 4194304 4194304

1756090925
16314588 11094232 130552 3650408 4194304 4194304

1756090925
16314588 11111556 130588 3651672 4194304 4194304

1756090925
16314588 11082300 131124 3661268 4194304 4194304

1756090925
16314588 11097580 131136 3661256 4194304 4194304

1756090925
16314588 11098828 131176 3662360 4194304 4194304

1756090926
16314588 11074284 131636 3676200 4194304 4194304

1756090926
16314588 11042308 132156 3682440 4194304 4194304

1756090926
16314588 11042308 132156 3682700 4194304 4194304

1756090926
16314588 11043968 132516 3686760 4194304 4194304

1756090926
16314588 11046076 132532 3692724 4194304 4194304

1756090926
16314588 11021164 133856 3704484 4194304 4194304

1756090926
16314588 11013316 134780 3716528 4194304 4194304

1756090926
16314588 11009688 135492 3722464 4194304 4194304

1756090926
16314588 10989384 136656 3735324 4194304 4194304

1756090926
16314588 10955120 137244 3756420 4194304 4194304

1756090927
16314588 10922144 137720 3776296 4194304 4194304

1756090927
16314588 10921640 137720 3776296 4194304 4194304

1756090927
16314588 10938312 137720 3776556 4194304 4194304

1756090927
16314588 10946560 137756 3776780 4194304 4194304

1756090927
16314588 10949096 137772 3776880 4194304 4194304

1756090927
16314588 10949744 137820 3777844 4194304 4194304

1756090927
16314588 10951656 137832 3777832 4194304 4194304

1756090927
16314588 10939376 137856 3778200 4194304 4194304

1756090927
16314588 10943456 137892 3778200 4194304 4194304

1756090927
16314588 10937468 137908 3778220 4194304 4194304

1756090927
16314588 10933104 137956 3779040 4194304 4194304

1756090927
16314588 10941768 137976 3779324 4194304 4194304

1756090928
16314588 10935108 137976 3779348 4194304 4194304

1756090928
16314588 10929480 138040 3778588 4194304 4194304

1756090928
16314588 10929480 138040 3778588 4194304 4194304

1756090928
16314588 10928596 138072 3778556 4194304 4194304

1756090928
16314588 10936224 138072 3778556 4194304 4194304

1756090928
16314588 10944404 138072 3778556 4194304 4194304

1756090928
16314588 10926516 138112 3778508 4194304 4194304

1756090928
16314588 10945188 138128 3778492 4194304 4194304

1756090928
16314588 10938768 138152 3778728 4194304 4194304

1756090928
16314588 10924604 138248 3779348 4194304 4194304

1756090929
16314588 10886668 138720 3794092 4194304 4194304

1756090929
16314588 10886668 138720 3794092 4194304 4194304

1756090929
16314588 10903820 140768 3811684 4194304 4194304

1756090930
16314588 10876664 140808 3811876 4194304 4194304

1756090930
16314588 10876664 140808 3811876 4194304 4194304

1756090931
16314588 10851856 140868 3817944 4194304 4194304

1756090931
16314588 10851856 140868 3817944 4194304 4194304

1756090932
16314588 10873664 140868 3818860 4194304 4194304

1756090932
16314588 10873664 140868 3818860 4194304 4194304

1756090932
16314588 10896000 140872 3819084 4194304 4194304

1756090932
16314588 10880676 141008 3825188 4194304 4194304

1756090933
16314588 10866236 141096 3826320 4194304 4194304

1756090933
16314588 10866236 141096 3826320 4194304 4194304

1756090933
16314588 10881992 141572 3834592 4194304 4194304

1756090933
16314588 10864216 141860 3838684 4194304 4194304

1756090934
16314588 10854788 141872 3839280 4194304 4194304

1756090934
16314588 10854284 141876 3839276 4194304 4194304

1756090934
16314588 10864020 141900 3842108 4194304 4194304

1756090934
16314588 10862480 141984 3847160 4194304 4194304

1756090934
16314588 10867888 142136 3849336 4194304 4194304

1756090934
16314588 10858056 142280 3855392 4194304 4194304

1756090934
16314588 10858664 142336 3858112 4194304 4194304

1756090935
16314588 10858364 142360 3858348 4194304 4194304

1756090935
16314588 10829040 142488 3864364 4194304 4194304

1756090935
16314588 10829040 142488 3864364 4194304 4194304

1756090935
16314588 10815732 143152 3889948 4194304 4194304

1756090935
16314588 10810924 143212 3894772 4194304 4194304

1756090936
16314588 10801128 143388 3903552 4194304 4194304

1756090936
16314588 10800120 143388 3903552 4194304 4194304

1756090936
16314588 10800120 143388 3903552 4194304 4194304

1756090936
16314588 10783592 143732 3917932 4194304 4194304

1756090937
16314588 10752228 143788 3917956 4194304 4194304

1756090937
16314588 10752228 143788 3917956 4194304 4194304

1756090938
16314588 10745652 143836 3920000 4194304 4194304

1756090938
16314588 10745652 143836 3920000 4194304 4194304

1756090939
16314588 10755984 143860 3921824 4194304 4194304

1756090939
16314588 10755984 143860 3921824 4194304 4194304

1756090939
16314588 10771644 143868 3921860 4194304 4194304

1756090939
16314588 10776928 143872 3923096 4194304 4194304

1756090939
16314588 10768304 143980 3924640 4194304 4194304

1756090940
16314588 10749060 144068 3924836 4194304 4194304

1756090940
16314588 10749060 144068 3924836 4194304 4194304

1756090940
16314588 10761392 144080 3924824 4194304 4194304

1756090941
16314588 10755072 144148 3925468 4194304 4194304

1756090941
16314588 10748908 144148 3925536 4194304 4194304

1756090941
16314588 10748908 144148 3925536 4194304 4194304

1756090941
16314588 10771648 144236 3926820 4194304 4194304

1756090941
16314588 10761236 144320 3929568 4194304 4194304

1756090941
16314588 10768704 144324 3929612 4194304 4194304

1756090942
16314588 10741036 144472 3930064 4194304 4194304

1756090942
16314588 10741036 144472 3930064 4194304 4194304

1756090942
16314588 10756124 144536 3931012 4194304 4194304

1756090942
16314588 10758776 144708 3932432 4194304 4194304

1756090943
16314588 10739596 144716 3932060 4194304 4194304

1756090943
16314588 10739596 144716 3932060 4194304 4194304

1756090944
16314588 10737788 144716 3932276 4194304 4194304

1756090944
16314588 10737788 144716 3932276 4194304 4194304

1756090945
16314588 10738700 144732 3933948 4194304 4194304

1756090945
16314588 10738700 144732 3933948 4194304 4194304

1756090946
16314588 10727932 144760 3935064 4194304 4194304

1756090946
16314588 10727932 144760 3935064 4194304 4194304

1756090947
16314588 10730504 144772 3935568 4194304 4194304

1756090947
16314588 10730504 144772 3935568 4194304 4194304

1756090947
16314588 10741052 144784 3936388 4194304 4194304

1756090947
16314588 10742540 144920 3938576 4194304 4194304

1756090948
16314588 10711224 144932 3939136 4194304 4194304

1756090948
16314588 10710720 144932 3939136 4194304 4194304

1756090949
16314588 10709692 144944 3939908 4194304 4194304

1756090949
16314588 10709692 144944 3939908 4194304 4194304

1756090950
16314588 10713112 144968 3941060 4194304 4194304

1756090950
16314588 10713112 144968 3941060 4194304 4194304

1756090950
16314588 10741272 144976 3941420 4194304 4194304

1756090950
16314588 10731048 145152 3943032 4194304 4194304

1756090951
16314588 10709028 145176 3943468 4194304 4194304

1756090951
16314588 10708524 145176 3943468 4194304 4194304

1756090952
16314588 10687064 145192 3943840 4194304 4194304

1756090952
16314588 10687064 145192 3943840 4194304 4194304

1756090953
16314588 10706968 145228 3948692 4194304 4194304

1756090953
16314588 10711664 145228 3948692 4194304 4194304

1756090954
16314588 10695048 145240 3948624 4194304 4194304

1756090954
16314588 10695048 145240 3948624 4194304 4194304

1756090955
16314588 10700640 145240 3949852 4194304 4194304

1756090955
16314588 10700640 145240 3949852 4194304 4194304

1756090956
16314588 10662356 145252 3950056 4194304 4194304

1756090956
16314588 10662356 145252 3950056 4194304 4194304

1756090957
16314588 10692172 145256 3951284 4194304 4194304

1756090957
16314588 10691164 145256 3951284 4194304 4194304

1756090958
16314588 10692744 145292 3952320 4194304 4194304

1756090958
16314588 10692744 145292 3952320 4194304 4194304

1756090958
16314588 10727336 145336 3954096 4194304 4194304

1756090959
16314588 10646124 145352 3955640 4194304 4194304

1756090959
16314588 10646124 145352 3955640 4194304 4194304

1756090960
16314588 10644472 145404 3957124 4194304 4194304

1756090960
16314588 10644472 145404 3957124 4194304 4194304

1756090960
16314588 10674672 145404 3957124 4194304 4194304

1756090961
16314588 10520788 145424 3959216 4194304 4194304

1756090961
16314588 10520788 145424 3959216 4194304 4194304

1756090962
16314588 10549224 145436 3960056 4194304 4194304

1756090962
16314588 10548720 145436 3960056 4194304 4194304

1756090962
16314588 10688200 145452 3959744 4194304 4194304

1756090963
16314588 10699904 145584 3961440 4194304 4194304

1756090963
16314588 10692224 145588 3961956 4194304 4194304

1756090963
16314588 10692224 145588 3961956 4194304 4194304

1756090963
16314588 10688812 145776 3963332 4194304 4194304

1756090964
16314588 10698064 145952 3965412 4194304 4194304

1756090964
16314588 10689144 145952 3965412 4194304 4194304

1756090964
16314588 10688640 145952 3965412 4194304 4194304

1756090964
16314588 10696096 146000 3964880 4194304 4194304

1756090965
16314588 10674416 146100 3965948 4194304 4194304

1756090965
16314588 10674416 146100 3965948 4194304 4194304

1756090965
16314588 10689456 146140 3965908 4194304 4194304

1756090966
16314588 10688356 146300 3967796 4194304 4194304

1756090966
16314588 10671060 146300 3967836 4194304 4194304

1756090966
16314588 10670556 146300 3967836 4194304 4194304

1756090966
16314588 10634396 146948 4012008 4194304 4194304

1756090966
16314588 10632064 146968 4012824 4194304 4194304

1756090967
16314588 10626136 147080 4013348 4194304 4194304

1756090967
16314588 10626136 147080 4013348 4194304 4194304

1756090967
16314588 10629776 147328 4018580 4194304 4194304

1756090967
16314588 10617736 147468 4020208 4194304 4194304

1756090968
16314588 10599256 147560 4020824 4194304 4194304

1756090968
16314588 10599256 147560 4020824 4194304 4194304

1756090968
16314588 10626588 147956 4024820 4194304 4194304

1756090969
16314588 10637312 148048 4024700 4194304 4194304

1756090969
16314588 10617936 148052 4025044 4194304 4194304

1756090969
16314588 10617936 148052 4025044 4194304 4194304

1756090969
16314588 10644812 148244 4025632 4194304 4194304

1756090970
16314588 10598652 148308 4027616 4194304 4194304

1756090970
16314588 10598652 148308 4027616 4194304 4194304

1756090971
16314588 10582516 148320 4028572 4194304 4194304

1756090971
16314588 10582516 148320 4028572 4194304 4194304

1756090972
16314588 10606128 148340 4029208 4194304 4194304

1756090972
16314588 10606128 148340 4029208 4194304 4194304

1756090973
16314588 10587416 148380 4031884 4194304 4194304

1756090973
16314588 10587416 148380 4031884 4194304 4194304

1756090974
16314588 10601796 148400 4031676 4194304 4194304

1756090974
16314588 10602316 148400 4031676 4194304 4194304

1756090975
16314588 10582796 148424 4033044 4194304 4194304

1756090975
16314588 10582796 148424 4033044 4194304 4194304

1756090976
16314588 10609964 148424 4034404 4194304 4194304

1756090976
16314588 10608956 148424 4034404 4194304 4194304

1756090977
16314588 10606016 148424 4036588 4194304 4194304

1756090977
16314588 10606796 148424 4036588 4194304 4194304

1756090978
16314588 10598264 148444 4037124 4194304 4194304

1756090978
16314588 10597760 148444 4037124 4194304 4194304

1756090978
16314588 10600336 148460 4037368 4194304 4194304

1756090979
16314588 10512428 148472 4038768 4194304 4194304

1756090979
16314588 10512428 148472 4038768 4194304 4194304

1756090980
16314588 10471488 148488 4039976 4194304 4194304

1756090980
16314588 10488472 148488 4039976 4194304 4194304

1756090980
16314588 10488472 148488 4039976 4194304 4194304

1756090981
16314588 10411884 148920 4049768 4194304 4194304

1756090981
16314588 10411884 148920 4049768 4194304 4194304

1756090981
16314588 10449760 148920 4049768 4194304 4194304

1756090981
16314588 10532872 148980 4049912 4194304 4194304

1756090982
16314588 10522532 148984 4050344 4194304 4194304

1756090982
16314588 10522532 148984 4050344 4194304 4194304

1756090982
16314588 10581880 149140 4051508 4194304 4194304

1756090983
16314588 10576156 149156 4051704 4194304 4194304

1756090983
16314588 10575652 149156 4051704 4194304 4194304

1756090984
16314588 10605344 149192 4052204 4194304 4194304

1756090984
16314588 10610804 149192 4052204 4194304 4194304

1756090984
16314588 10612136 149192 4052204 4194304 4194304

1756090984
16314588 10585408 149296 4053412 4194304 4194304

1756090985
16314588 10570928 149304 4055144 4194304 4194304

1756090985
16314588 10570928 149304 4055144 4194304 4194304

1756090985
16314588 10605748 149352 4056136 4194304 4194304

1756090985
16314588 10588804 149700 4068724 4194304 4194304

1756090986
16314588 10581972 149740 4070080 4194304 4194304

1756090986
16314588 10571436 149740 4069820 4194304 4194304

1756090986
16314588 10571436 149740 4069820 4194304 4194304

1756090986
16314588 10586976 149768 4069532 4194304 4194304

1756090986
16314588 10583568 149880 4069940 4194304 4194304

1756090988
16314588 10570224 149884 4070060 4194304 4194304

1756090988
16314588 10570224 149884 4070060 4194304 4194304

1756090989
16314588 10545584 149912 4071968 4194304 4194304

1756090989
16314588 10545584 149912 4071968 4194304 4194304

1756090990
16314588 10531824 149940 4072292 4194304 4194304

1756090990
16314588 10531824 149940 4072292 4194304 4194304

1756090991
16314588 10536736 149960 4073356 4194304 4194304

1756090991
16314588 10536736 149960 4073356 4194304 4194304

1756090992
16314588 10539208 149988 4075220 4194304 4194304

1756090992
16314588 10539208 149988 4075220 4194304 4194304

1756090992
16314588 10558496 150000 4076836 4194304 4194304

1756090993
16314588 10525320 150020 4079148 4194304 4194304

1756090993
16314588 10525320 150020 4079148 4194304 4194304

1756090994
16314588 10423764 150028 4081844 4194304 4194304

1756090994
16314588 10423260 150028 4081844 4194304 4194304

1756090995
16314588 10456076 150032 4084636 4194304 4194304

1756090995
16314588 10455572 150032 4084636 4194304 4194304

1756090996
16314588 10415844 150052 4087624 4194304 4194304

1756090996
16314588 10415340 150052 4087624 4194304 4194304

1756090997
16314588 10445128 150056 4091312 4194304 4194304

1756090997
16314588 10445128 150056 4091312 4194304 4194304

1756090997
16314588 10457140 150060 4092160 4194304 4194304

1756090998
16314588 10432280 150076 4095664 4194304 4194304

1756090998
16314588 10435632 150076 4096444 4194304 4194304

1756090998
16314588 10435632 150076 4096444 4194304 4194304

1756090999
16314588 10383384 150088 4103304 4194304 4194304

1756090999
16314588 10382880 150088 4103304 4194304 4194304

1756090999
16314588 10484264 150104 4108756 4194304 4194304

1756091000
16314588 10439076 150112 4112908 4194304 4194304

1756091000
16314588 10439076 150112 4112908 4194304 4194304

1756091001
16314588 10387708 150144 4126676 4194304 4194304

1756091001
16314588 10387204 150144 4126676 4194304 4194304

1756091002
16314588 10462360 150156 4142356 4194304 4194304

1756091002
16314588 10469900 150156 4142356 4194304 4194304

1756091002
16314588 10468764 150156 4142616 4194304 4194304

1756091002
16314588 10478560 150164 4143388 4194304 4194304

1756091002
16314588 10446188 150264 4153184 4194304 4194304

1756091003
16314588 10454144 150360 4158548 4194304 4194304

1756091003
16314588 10432644 150524 4166184 4194304 4194304

1756091003
16314588 10432644 150524 4166184 4194304 4194304

1756091003
16314588 10438328 150540 4169680 4194304 4194304

1756091003
16314588 10433872 150612 4175496 4194304 4194304

1756091003
16314588 10426312 150628 4177820 4194304 4194304

1756091004
16314588 10416352 150968 4186740 4194304 4194304

1756091004
16314588 10356728 151608 4206128 4194304 4194304

1756091004
16314588 10356728 151616 4206380 4194304 4194304

1756091005
16314588 10201352 154412 4286840 4194304 4194304

1756091005
16314588 10200848 154412 4286840 4194304 4194304

1756091006
16314588 10081288 156672 4360880 4194304 4194304

1756091006
16314588 10081288 156672 4360880 4194304 4194304

1756091007
16314588 9979452 157388 4462352 4194304 4194304

1756091007
16314588 9979056 157392 4462348 4194304 4194304

1756091008
16314588 9834528 157480 4566912 4194304 4194304

1756091008
16314588 9834276 157480 4567040 4194304 4194304

1756091009
16314588 9718492 161156 4653600 4194304 4194304

1756091009
16314588 9718492 161160 4653856 4194304 4194304

1756091010
16314588 9619720 165668 4745432 4194304 4194304

1756091010
16314588 9618740 165672 4745428 4194304 4194304

1756091011
16314588 9493860 170008 4826492 4194304 4194304

1756091011
16314588 9493360 170012 4826488 4194304 4194304

1756091012
16314588 9394748 174836 4918164 4194304 4194304

1756091012
16314588 9394244 174836 4918164 4194304 4194304

1756091013
16314588 9253284 179680 5006680 4194304 4194304

1756091013
16314588 9253284 179680 5006680 4194304 4194304

1756091014
16314588 9143816 182656 5093392 4194304 4194304

1756091014
16314588 9143816 182656 5093392 4194304 4194304

1756091014
16314588 9120984 183116 5137524 4194304 4194304

1756091015
16314588 9010404 183668 5182732 4194304 4194304

1756091015
16314588 9009900 183672 5182988 4194304 4194304

1756091016
16314588 8831604 184128 5260128 4194304 4194304

1756091016
16314588 8831604 184128 5260128 4194304 4194304

1756091017
16314588 8631952 186168 5332264 4194304 4194304

1756091017
16314588 8631448 186168 5332264 4194304 4194304

1756091018
16314588 8578612 188140 5380172 4194304 4194304

1756091018
16314588 8535668 189680 5390072 4194304 4194304

1756091018
16314588 8535164 189684 5390068 4194304 4194304

1756091019
16314588 8415648 193164 5415240 4194304 4194304

1756091019
16314588 8415648 193168 5415236 4194304 4194304

1756091020
16314588 8392900 195360 5427924 4194304 4194304

1756091020
16314588 8393468 196772 5437172 4194304 4194304

1756091020
16314588 8393468 196780 5437164 4194304 4194304

1756091022
16314588 8331296 197884 5445532 4194304 4194304

1756091022
16314588 8331296 197888 5445528 4194304 4194304

1756091022
16314588 8307064 198312 5447964 4194304 4194304

1756091022
16314588 8307064 198316 5447960 4194304 4194304

1756091023
16314588 8285972 200484 5468468 4194304 4194304

1756091023
16314588 8285972 200484 5468468 4194304 4194304

1756091024
16314588 8193740 202636 5532444 4194304 4194304

1756091024
16314588 8193740 202636 5532704 4194304 4194304

1756091024
16314588 8209908 202636 5533484 4194304 4194304

1756091025
16314588 8216112 202736 5549116 4194304 4194304

1756091025
16314588 8216112 202736 5549116 4194304 4194304

1756091025
16314588 8231764 202744 5550148 4194304 4194304

1756091026
16314588 8251832 202848 5561824 4194304 4194304

1756091026
16314588 8251832 202848 5561824 4194304 4194304

1756091026
16314588 8244296 202876 5564656 4194304 4194304

1756091027
16314588 8306332 202884 5569068 4194304 4194304

1756091027
16314588 8292936 203348 5580804 4194304 4194304

1756091027
16314588 8292936 203348 5581064 4194304 4194304

1756091027
16314588 8276528 204056 5593356 4194304 4194304

1756091027
16314588 8273336 204132 5594320 4194304 4194304

1756091028
16314588 8187496 205668 5617340 4194304 4194304

1756091028
16314588 8179216 205684 5617584 4194304 4194304

1756091028
16314588 8178900 205684 5617584 4194304 4194304

1756091029
16314588 8100472 207492 5652892 4194304 4194304

1756091029
16314588 8078864 207540 5654664 4194304 4194304

1756091029
16314588 8078360 207540 5654664 4194304 4194304

1756091029
16314588 8046552 208500 5676584 4194304 4194304

1756091030
16314588 7963408 209108 5696612 4194304 4194304

1756091030
16314588 7962916 209108 5696612 4194304 4194304

1756091031
16314588 7951708 211008 5746168 4194304 4194304

1756091031
16314588 7950700 211012 5746424 4194304 4194304

1756091032
16314588 7841904 212864 5791236 4194304 4194304

1756091032
16314588 7841464 212864 5791236 4194304 4194304

1756091033
16314588 7766448 214612 5832932 4194304 4194304

1756091033
16314588 7766448 214616 5832928 4194304 4194304

1756091034
16314588 7733404 217100 5892228 4194304 4194304

1756091034
16314588 7733404 217100 5892228 4194304 4194304

1756091035
16314588 7645352 218088 5941968 4194304 4194304

1756091035
16314588 7644848 218088 5941968 4194304 4194304

1756091036
16314588 7613216 219184 5985056 4194304 4194304

1756091036
16314588 7613216 219184 5985056 4194304 4194304

1756091037
16314588 7590604 220068 6022416 4194304 4194304

1756091037
16314588 7590604 220068 6022416 4194304 4194304

1756091038
16314588 7503216 220180 6085880 4194304 4194304

1756091038
16314588 7503216 220180 6085880 4194304 4194304

1756091039
16314588 7450768 220256 6145268 4194304 4194304

1756091039
16314588 7450768 220256 6145268 4194304 4194304

1756091039
16314588 7458508 220256 6148128 4194304 4194304

1756091040
16314588 7384904 220324 6197564 4194304 4194304

1756091040
16314588 7384400 220324 6197564 4194304 4194304

1756091041
16314588 7290460 220384 6277948 4194304 4194304

1756091041
16314588 7290460 220384 6278208 4194304 4194304

1756091041
16314588 7306852 220620 6299292 4194304 4194304

1756091041
16314588 7315164 220624 6299548 4194304 4194304

1756091042
16314588 7299180 220728 6306804 4194304 4194304

1756091042
16314588 7299180 220728 6306804 4194304 4194304

1756091043
16314588 7301812 221028 6322996 4194304 4194304

1756091043
16314588 7266344 221048 6325316 4194304 4194304

1756091043
16314588 7266344 221052 6325312 4194304 4194304

1756091043
16314588 7265440 221264 6335760 4194304 4194304

1756091044
16314588 7241344 221492 6347456 4194304 4194304

1756091044
16314588 7240840 221496 6347452 4194304 4194304

1756091044
16314588 7245416 222300 6365368 4194304 4194304

1756091045
16314588 7196676 222664 6385068 4194304 4194304

1756091045
16314588 7202504 222664 6385068 4194304 4194304

1756091045
16314588 7177692 223180 6402232 4194304 4194304

1756091045
16314588 7163492 223216 6403236 4194304 4194304

1756091046
16314588 7131760 223548 6417436 4194304 4194304

1756091046
16314588 7131256 223548 6417436 4194304 4194304

1756091047
16314588 7093300 224052 6441552 4194304 4194304

1756091047
16314588 7092796 224052 6441552 4194304 4194304

1756091048
16314588 7098260 224916 6477088 4194304 4194304

1756091048
16314588 7023372 225684 6501300 4194304 4194304

1756091048
16314588 7023372 225684 6501300 4194304 4194304

1756091048
16314588 7014064 225896 6506808 4194304 4194304

1756091049
16314588 6967512 226388 6529008 4194304 4194304

1756091049
16314588 6966508 226388 6529268 4194304 4194304

1756091050
16314588 6910756 227256 6564872 4194304 4194304

1756091050
16314588 6910756 227256 6564872 4194304 4194304

1756091051
16314588 6859224 228208 6616416 4194304 4194304

1756091051
16314588 6859224 228208 6616416 4194304 4194304

1756091052
16314588 6793080 229060 6664176 4194304 4194304

1756091052
16314588 6793080 229060 6664176 4194304 4194304

1756091053
16314588 6760048 230056 6713768 4194304 4194304

1756091053
16314588 6759544 230056 6713768 4194304 4194304

1756091054
16314588 6693676 230872 6755016 4194304 4194304

1756091054
16314588 6693172 230876 6755012 4194304 4194304

1756091056
16314588 6667536 231048 6764200 4194304 4194304

1756091056
16314588 6667536 231048 6764200 4194304 4194304

1756091056
16314588 6548264 231236 6778572 4194304 4194304

1756091056
16314588 6548264 231236 6778572 4194304 4194304

1756091057
16314588 6418608 231696 6816120 4194304 4194304

1756091057
16314588 6418608 231696 6816120 4194304 4194304

1756091058
16314588 6572100 233696 6863616 4194304 4194304

1756091058
16314588 6571616 233696 6863616 4194304 4194304

1756091059
16314588 6482440 234404 6900092 4194304 4194304

1756091059
16314588 6482440 234404 6900092 4194304 4194304

1756091060
16314588 6441516 235248 6953284 4194304 4194304

1756091060
16314588 6441516 235252 6953280 4194304 4194304

1756091061
16314588 6360796 236460 7008136 4194304 4194304

1756091061
16314588 6360796 236460 7008136 4194304 4194304

1756091061
16314588 6368080 237088 7028428 4194304 4194304

1756091062
16314588 6322852 237984 7061560 4194304 4194304

1756091062
16314588 6322852 237984 7061820 4194304 4194304

1756091063
16314588 6204876 239372 7134828 4194304 4194304

1756091063
16314588 6204876 239372 7134828 4194304 4194304

1756091063
16314588 6222188 239656 7154180 4194304 4194304

1756091064
16314588 6161500 241344 7210280 4194304 4194304

1756091064
16314588 6160996 241344 7210280 4194304 4194304

1756091064
16314588 6170060 241492 7214812 4194304 4194304

1756091064
16314588 6138640 242172 7250252 4194304 4194304

1756091065
16314588 6071248 244184 7285940 4194304 4194304

1756091065
16314588 6071248 244184 7286200 4194304 4194304

1756091066
16314588 6066408 246376 7332800 4194304 4194304

1756091066
16314588 6065460 246376 7332800 4194304 4194304

1756091067
16314588 6059128 246396 7343760 4194304 4194304

1756091067
16314588 6014696 246484 7350952 4194304 4194304

1756091067
16314588 6014696 246484 7350952 4194304 4194304

1756091067
16314588 6020396 246496 7353800 4194304 4194304

1756091067
16314588 6010776 246528 7362384 4194304 4194304

1756091068
16314588 5976300 246580 7370652 4194304 4194304

1756091068
16314588 5976300 246580 7370652 4194304 4194304

1756091068
16314588 5992320 246580 7371172 4194304 4194304

1756091068
16314588 5987000 246604 7378456 4194304 4194304

1756091068
16314588 6001688 246616 7379744 4194304 4194304

1756091069
16314588 5993880 246628 7383632 4194304 4194304

1756091069
16314588 5917928 246708 7391092 4194304 4194304

1756091069
16314588 5917928 246708 7391092 4194304 4194304

1756091070
16314588 5873792 246736 7404928 4194304 4194304

1756091070
16314588 5872784 246736 7404928 4194304 4194304

1756091070
16314588 5907448 246748 7410664 4194304 4194304

1756091071
16314588 5881076 246824 7424108 4194304 4194304

1756091071
16314588 5880572 246824 7424108 4194304 4194304

1756091071
16314588 5875240 246824 7427228 4194304 4194304

1756091072
16314588 5866516 246884 7443356 4194304 4194304

1756091072
16314588 5866516 246884 7443356 4194304 4194304

1756091072
16314588 5896168 246896 7444644 4194304 4194304

1756091072
16314588 5877648 246952 7454216 4194304 4194304

1756091073
16314588 5870696 247088 7465000 4194304 4194304

1756091073
16314588 5879504 247092 7466296 4194304 4194304

1756091073
16314588 5843236 247092 7469652 4194304 4194304

1756091073
16314588 5843236 247092 7469652 4194304 4194304

1756091073
16314588 5859172 247232 7476660 4194304 4194304

1756091073
16314588 5876112 247232 7476660 4194304 4194304

1756091074
16314588 5859208 247292 7481040 4194304 4194304

1756091074
16314588 5815320 247816 7489616 4194304 4194304

1756091074
16314588 5815320 247816 7489616 4194304 4194304

1756091074
16314588 5831052 247828 7490124 4194304 4194304

1756091074
16314588 5842468 247856 7493020 4194304 4194304

1756091075
16314588 5783912 248100 7509816 4194304 4194304

1756091075
16314588 5783912 248100 7509816 4194304 4194304

1756091075
16314588 5802380 248104 7510332 4194304 4194304

1756091075
16314588 5796420 248380 7519496 4194304 4194304

1756091076
16314588 5750688 248480 7530392 4194304 4194304

1756091076
16314588 5750688 248480 7530392 4194304 4194304

1756091077
16314588 5753464 248616 7545816 4194304 4194304

1756091077
16314588 5723656 248624 7550532 4194304 4194304

1756091077
16314588 5729116 248624 7550532 4194304 4194304

1756091077
16314588 5745836 248652 7555300 4194304 4194304

1756091078
16314588 5735428 248724 7564532 4194304 4194304

1756091078
16314588 5700288 248792 7570760 4194304 4194304

1756091078
16314588 5700288 248792 7570760 4194304 4194304

1756091078
16314588 5709032 248816 7573824 4194304 4194304

1756091078
16314588 5688404 249020 7579348 4194304 4194304

1756091078
16314588 5698944 249020 7579608 4194304 4194304

1756091079
16314588 5671992 249088 7585260 4194304 4194304

1756091079
16314588 5671992 249088 7585260 4194304 4194304

1756091080
16314588 5610988 249116 7595960 4194304 4194304

1756091080
16314588 5609980 249116 7595960 4194304 4194304

1756091081
16314588 5549600 249144 7603248 4194304 4194304

1756091081
16314588 5549600 249144 7603248 4194304 4194304

1756091082
16314588 5535572 249172 7612048 4194304 4194304

1756091082
16314588 5535572 249172 7612048 4194304 4194304

1756091083
16314588 5513904 249196 7619760 4194304 4194304

1756091083
16314588 5513904 249196 7619760 4194304 4194304

1756091084
16314588 5504000 249224 7630168 4194304 4194304

1756091084
16314588 5504000 249224 7630168 4194304 4194304

1756091085
16314588 5472600 249240 7639808 4194304 4194304

1756091085
16314588 5472096 249240 7639808 4194304 4194304

1756091086
16314588 5481900 249244 7649236 4194304 4194304

1756091086
16314588 5481900 249244 7649236 4194304 4194304

1756091087
16314588 5545876 249276 7665616 4194304 4194304

1756091087
16314588 5545532 249276 7665616 4194304 4194304

1756091087
16314588 5572044 249284 7667688 4194304 4194304

1756091089
16314588 5540528 249296 7682004 4194304 4194304

1756091089
16314588 5540528 249296 7682004 4194304 4194304

1756091090
16314588 5563100 249476 7693824 4194304 4194304

1756091090
16314588 5537140 249548 7699764 4194304 4194304

1756091090
16314588 5536700 249548 7699764 4194304 4194304

1756091091
16314588 5532840 249696 7711876 4194304 4194304

1756091091
16314588 5514552 249908 7717928 4194304 4194304

1756091091
16314588 5480800 249908 7720008 4194304 4194304

1756091091
16314588 5480800 249908 7720008 4194304 4194304

1756091092
16314588 5481824 249952 7739676 4194304 4194304

1756091092
16314588 5481824 249952 7739676 4194304 4194304

1756091093
16314588 5491404 249996 7757208 4194304 4194304

1756091093
16314588 5491404 249996 7757208 4194304 4194304

1756091094
16314588 5510184 250020 7766392 4194304 4194304

1756091094
16314588 5433164 250024 7774608 4194304 4194304

1756091094
16314588 5433164 250024 7774608 4194304 4194304

1756091095
16314588 5389992 250044 7787640 4194304 4194304

1756091095
16314588 5389992 250044 7787640 4194304 4194304

1756091096
16314588 5456568 250072 7796756 4194304 4194304

1756091096
16314588 5420624 250088 7805276 4194304 4194304

1756091096
16314588 5420624 250092 7805272 4194304 4194304

1756091097
16314588 5432300 250116 7809196 4194304 4194304

1756091097
16314588 5458784 250252 7819520 4194304 4194304

1756091097
16314588 5456948 250260 7819512 4194304 4194304

1756091097
16314588 5456444 250260 7819512 4194304 4194304

1756091097
16314588 5462468 250260 7819772 4194304 4194304

1756091098
16314588 5438644 250448 7828048 4194304 4194304

1756091098
16314588 5727004 250460 7836876 4194304 4194304

1756091098
16314588 5727004 250460 7836876 4194304 4194304

1756091099
16314588 5709520 250476 7857188 4194304 4194304

1756091099
16314588 5709520 250476 7857188 4194304 4194304

1756091100
16314588 5703908 250476 7866236 4194304 4194304

1756091100
16314588 5714764 250560 7874212 4194304 4194304

1756091100
16314588 5714764 250560 7874212 4194304 4194304

1756091101
16314588 5723536 250604 7883824 4194304 4194304

1756091101
16314588 5699604 250616 7892132 4194304 4194304

1756091101
16314588 5699100 250616 7892132 4194304 4194304

1756091102
16314588 5659892 250640 7908600 4194304 4194304

1756091102
16314588 5663012 250640 7908600 4194304 4194304

1756091103
16314588 5696464 250688 7912076 4194304 4194304

1756091103
16314588 5717416 250712 7915012 4194304 4194304

1756091103
16314588 5695324 250760 7920424 4194304 4194304

1756091103
16314588 5665628 250760 7922764 4194304 4194304

1756091103
16314588 5665124 250760 7922764 4194304 4194304

1756091104
16314588 5626312 250780 7929232 4194304 4194304

1756091104
16314588 5606800 250784 7932348 4194304 4194304

1756091104
16314588 5606800 250784 7932348 4194304 4194304

1756091105
16314588 5617356 250816 7942844 4194304 4194304

1756091105
16314588 5616852 250816 7942844 4194304 4194304

1756091106
16314588 5449596 250980 7952112 4194304 4194304

1756091106
16314588 5449596 250980 7952112 4194304 4194304

1756091107
16314588 5431744 250980 7959816 4194304 4194304

1756091107
16314588 5431744 250980 7959816 4194304 4194304

1756091108
16314588 5476548 250980 7970400 4194304 4194304

1756091108
16314588 5483048 250980 7970400 4194304 4194304

1756091109
16314588 5489648 250984 7983140 4194304 4194304

1756091109
16314588 5489648 250984 7983140 4194304 4194304

1756091110
16314588 5423008 250992 7990180 4194304 4194304

1756091110
16314588 5422504 250992 7990180 4194304 4194304

1756091111
16314588 5486808 251020 8006856 4194304 4194304

1756091111
16314588 5486808 251020 8006856 4194304 4194304

1756091111
16314588 5516928 251024 8007632 4194304 4194304

1756091112
16314588 5479300 251132 8017796 4194304 4194304

1756091112
16314588 5465424 251144 8021684 4194304 4194304

1756091112
16314588 5465424 251144 8021684 4194304 4194304

1756091113
16314588 5314368 251244 8030664 4194304 4194304

1756091113
16314588 5314368 251244 8030664 4194304 4194304

1756091114
16314588 5301348 251256 8036368 4194304 4194304

1756091114
16314588 5301348 251256 8036368 4194304 4194304

1756091114
16314588 5325988 251256 8036368 4194304 4194304

1756091115
16314588 5279120 251264 8044232 4194304 4194304

1756091115
16314588 5279120 251264 8044232 4194304 4194304

1756091116
16314588 5241484 251328 8051456 4194304 4194304

1756091116
16314588 5241484 251328 8051456 4194304 4194304

1756091117
16314588 5253528 251392 8057952 4194304 4194304

1756091117
16314588 5264688 251400 8059244 4194304 4194304

1756091117
16314588 5264184 251400 8059244 4194304 4194304

1756091118
16314588 5239672 251520 8061240 4194304 4194304

1756091118
16314588 5193920 251744 8073236 4194304 4194304

1756091118
16314588 5193100 251748 8073232 4194304 4194304

1756091119
16314588 5119752 251852 8103036 4194304 4194304

1756091119
16314588 5119248 251852 8103036 4194304 4194304

1756091120
16314588 5112684 252196 8128996 4194304 4194304

1756091120
16314588 5112684 252196 8128996 4194304 4194304

1756091121
16314588 5148908 252908 8144096 4194304 4194304

1756091121
16314588 5148404 252908 8144096 4194304 4194304

1756091123
16314588 5150060 252916 8144868 4194304 4194304

1756091123
16314588 5150060 252916 8144868 4194304 4194304

1756091123
16314588 5112792 252916 8146908 4194304 4194304

1756091123
16314588 5112792 252916 8146908 4194304 4194304

1756091124
16314588 5290944 252932 8148712 4194304 4194304

1756091124
16314588 5364996 252940 8155796 4194304 4194304

1756091124
16314588 5311968 252944 8157652 4194304 4194304

1756091124
16314588 5311968 252944 8157652 4194304 4194304

1756091125
16314588 5307424 253076 8167340 4194304 4194304

1756091125
16314588 5310980 253080 8168116 4194304 4194304

1756091125
16314588 5310476 253080 8168116 4194304 4194304

1756091126
16314588 5258076 253220 8182964 4194304 4194304

1756091126
16314588 5258076 253220 8182964 4194304 4194304

1756091127
16314588 5305180 253284 8189400 4194304 4194304

1756091127
16314588 5283300 253320 8193104 4194304 4194304

1756091127
16314588 5297032 253320 8193364 4194304 4194304

1756091127
16314588 5297032 253320 8193364 4194304 4194304

1756091128
16314588 5323552 253440 8197664 4194304 4194304

1756091128
16314588 5346648 253460 8201396 4194304 4194304

1756091128
16314588 5308868 253460 8204692 4194304 4194304

1756091128
16314588 5308868 253460 8204692 4194304 4194304

1756091129
16314588 5331968 253784 8212428 4194304 4194304

1756091129
16314588 5248732 254008 8228152 4194304 4194304

1756091129
16314588 5248228 254008 8228152 4194304 4194304

1756091130
16314588 5249516 254380 8253288 4194304 4194304

1756091130
16314588 5263124 254380 8258084 4194304 4194304

1756091130
16314588 5260780 254380 8258084 4194304 4194304

1756091131
16314588 5169744 254796 8276908 4194304 4194304

1756091131
16314588 5168996 254800 8277944 4194304 4194304

1756091131
16314588 5167988 254800 8277944 4194304 4194304

1756091135
16314588 4892888 256400 8395072 4194304 4194304

1756091135
16314588 4892888 256400 8395332 4194304 4194304

1756091136
16314588 4943368 256440 8408452 4194304 4194304

1756091136
16314588 4942360 256440 8408452 4194304 4194304

1756091136
16314588 4926768 256508 8414864 4194304 4194304

1756091137
16314588 4921376 256520 8421352 4194304 4194304

1756091137
16314588 4921376 256520 8421352 4194304 4194304

1756091138
16314588 4927132 256644 8436000 4194304 4194304

1756091138
16314588 4927132 256644 8436000 4194304 4194304

1756091139
16314588 4884284 256896 8445424 4194304 4194304

1756091139
16314588 4884284 256896 8445424 4194304 4194304

1756091140
16314588 4859032 256972 8454288 4194304 4194304

1756091140
16314588 4859032 256972 8454288 4194304 4194304

1756091141
16314588 4870364 257080 8464228 4194304 4194304

1756091141
16314588 4870364 257080 8464228 4194304 4194304

1756091142
16314588 4837404 257172 8476780 4194304 4194304

1756091142
16314588 4837404 257172 8476780 4194304 4194304

1756091143
16314588 4849792 257300 8489600 4194304 4194304

1756091143
16314588 4849792 257300 8489600 4194304 4194304

1756091143
16314588 4853608 257312 8490368 4194304 4194304

1756091144
16314588 4797492 257384 8498812 4194304 4194304

1756091144
16314588 4797492 257384 8498812 4194304 4194304

1756091145
16314588 4836420 257536 8509260 4194304 4194304

1756091145
16314588 4836420 257536 8509260 4194304 4194304

1756091146
16314588 4918988 257652 8517192 4194304 4194304

1756091146
16314588 4897928 257700 8523384 4194304 4194304

1756091146
16314588 4897928 257700 8523384 4194304 4194304

1756091147
16314588 4904620 257932 8538828 4194304 4194304

1756091147
16314588 4872448 257952 8540628 4194304 4194304

1756091147
16314588 4872448 257952 8540628 4194304 4194304

1756091147
16314588 4891204 258100 8544120 4194304 4194304

1756091148
16314588 4863648 258448 8556000 4194304 4194304

1756091148
16314588 4847660 258452 8557296 4194304 4194304

1756091148
16314588 4847660 258452 8557296 4194304 4194304

1756091149
16314588 4834836 258572 8575136 4194304 4194304

1756091149
16314588 4834836 258572 8575396 4194304 4194304

1756091150
16314588 4850680 258988 8604068 4194304 4194304

1756091150
16314588 4849168 258988 8604068 4194304 4194304

1756091150
16314588 4848664 258988 8604068 4194304 4194304

1756091150
16314588 4825220 259540 8621796 4194304 4194304

1756091151
16314588 4787156 259628 8627168 4194304 4194304

1756091151
16314588 4787156 259628 8627168 4194304 4194304

1756091151
16314588 4798756 259688 8639744 4194304 4194304

1756091151
16314588 4814832 259688 8640004 4194304 4194304

1756091152
16314588 4765272 260036 8650116 4194304 4194304

1756091152
16314588 4768744 260044 8651148 4194304 4194304

1756091152
16314588 4767736 260044 8653228 4194304 4194304

1756091152
16314588 4777960 260044 8653228 4194304 4194304

1756091152
16314588 4761432 260220 8662104 4194304 4194304

1756091153
16314588 4732212 260232 8673232 4194304 4194304

1756091153
16314588 4732488 260232 8673232 4194304 4194304

1756091154
16314588 4687532 260260 8697268 4194304 4194304

1756091154
16314588 4687532 260260 8697268 4194304 4194304

1756091155
16314588 4618496 260320 8719376 4194304 4194304

1756091155
16314588 4618496 260320 8719376 4194304 4194304

1756091155
16314588 4667436 260344 8726036 4194304 4194304

1756091157
16314588 4666488 260348 8730080 4194304 4194304

1756091157
16314588 4665984 260348 8730080 4194304 4194304

1756091158
16314588 4565680 260408 8746892 4194304 4194304

1756091158
16314588 4565680 260408 8746892 4194304 4194304

1756091159
16314588 4468012 260440 8755968 4194304 4194304

1756091159
16314588 4468012 260440 8755968 4194304 4194304

1756091160
16314588 4444512 260448 8763584 4194304 4194304

1756091160
16314588 4444512 260448 8763584 4194304 4194304

1756091161
16314588 4434308 260472 8771808 4194304 4194304

1756091161
16314588 4434308 260472 8771808 4194304 4194304

1756091162
16314588 4415928 260504 8780884 4194304 4194304

1756091162
16314588 4415928 260504 8780884 4194304 4194304

1756091163
16314588 4476060 260520 8792876 4194304 4194304

1756091163
16314588 4476580 260520 8792876 4194304 4194304

1756091163
16314588 4485784 260520 8792876 4194304 4194304

1756091164
16314588 4417356 260616 8802568 4194304 4194304

1756091164
16314588 4417092 260616 8802568 4194304 4194304

1756091165
16314588 4415852 260632 8810872 4194304 4194304

1756091165
16314588 4392128 260640 8816852 4194304 4194304

1756091165
16314588 4392128 260640 8816852 4194304 4194304

1756091166
16314588 4399616 260796 8832636 4194304 4194304

1756091166
16314588 4382752 260796 8833676 4194304 4194304

1756091166
16314588 4382248 260796 8833676 4194304 4194304

1756091167
16314588 4421460 260840 8844812 4194304 4194304

1756091167
16314588 4384636 260916 8852184 4194304 4194304

1756091167
16314588 4384636 260916 8852184 4194304 4194304

1756091167
16314588 4401648 260948 8854232 4194304 4194304

1756091168
16314588 4326664 260964 8872120 4194304 4194304

1756091168
16314588 4326664 260964 8872380 4194304 4194304

1756091169
16314588 4349556 260992 8892784 4194304 4194304

1756091169
16314588 4349052 260992 8893044 4194304 4194304

1756091170
16314588 4414596 260996 8917248 4194304 4194304

1756091170
16314588 4414596 260996 8917248 4194304 4194304

1756091170
16314588 4478092 260996 8928948 4194304 4194304

1756091171
16314588 4405908 261004 8939560 4194304 4194304

1756091171
16314588 4405908 261004 8939560 4194304 4194304

1756091172
16314588 4295468 261020 8955388 4194304 4194304

1756091172
16314588 4295468 261020 8955388 4194304 4194304

1756091173
16314588 4349608 261044 8972132 4194304 4194304

1756091173
16314588 4348600 261044 8972132 4194304 4194304

1756091173
16314588 4371720 261044 8972652 4194304 4194304

1756091174
16314588 4289308 261068 8986880 4194304 4194304

1756091174
16314588 4289308 261068 8986880 4194304 4194304

1756091175
16314588 4329588 261084 8999344 4194304 4194304

1756091175
16314588 4329588 261084 8999344 4194304 4194304

1756091176
16314588 4265768 261100 9006348 4194304 4194304

1756091176
16314588 4283428 261100 9006932 4194304 4194304

1756091176
16314588 4267516 261108 9008092 4194304 4194304

1756091176
16314588 4267012 261108 9008092 4194304 4194304

1756091177
16314588 4206336 261288 9019188 4194304 4194304

1756091177
16314588 4205832 261288 9019188 4194304 4194304

1756091177
16314588 4217132 261332 9021484 4194304 4194304

1756091178
16314588 4236960 261380 9031000 4194304 4194304

1756091178
16314588 4236960 261380 9031000 4194304 4194304

1756091178
16314588 4247384 261388 9032032 4194304 4194304

1756091179
16314588 4225592 261428 9043324 4194304 4194304

1756091179
16314588 4225592 261428 9043324 4194304 4194304

1756091180
16314588 4214732 261500 9051312 4194304 4194304

1756091180
16314588 4231428 261540 9059656 4194304 4194304

1756091180
16314588 4220628 261540 9059916 4194304 4194304

1756091180
16314588 4220124 261540 9059916 4194304 4194304

1756091180
16314588 4231840 261788 9070848 4194304 4194304

1756091181
16314588 4227160 261792 9073444 4194304 4194304

1756091181
16314588 4261084 261808 9078628 4194304 4194304

1756091181
16314588 4216432 261816 9083612 4194304 4194304

1756091181
16314588 4216432 261816 9083612 4194304 4194304

1756091182
16314588 4081896 261932 9098648 4194304 4194304

1756091182
16314588 4081896 261932 9098648 4194304 4194304

1756091182
16314588 4133044 261956 9102524 4194304 4194304

1756091183
16314588 4077176 261960 9113936 4194304 4194304

1756091183
16314588 4077176 261960 9113936 4194304 4194304

1756091184
16314588 4043540 262012 9125584 4194304 4194304

1756091184
16314588 4023396 262012 9128848 4194304 4194304

1756091184
16314588 4023396 262012 9128848 4194304 4194304

                                                                                                                                                                                                                                                                                                                                                                                                                                                                                                                                                                                                                                                                                                                                                                                                                                                                                                                                                                                                                                                                                                                                                                                                                                                                                                                                                                                                                                                                                                                                                                                                      