1756090833
0.6470588235294118 0.3088235294117647 0.012254901960784314

1756090833
0.75 0.21875 0.0

1756090833
0.697986577181208 0.26174496644295303 0.013422818791946308

1756090833
0.625 0.3333333333333333 0.0

1756090833
0.6 0.4 0.0

1756090833
0.6666666666666666 0.3333333333333333 0.0

1756090833
0.6153846153846154 0.3076923076923077 0.0

1756090833
0.7142857142857143 0.2857142857142857 0.0

1756090833
0.6666666666666666 0.3333333333333333 0.0

1756090833
0.8645833333333334 0.125 0.010416666666666666

1756090833
0.8333333333333334 0.15555555555555556 0.0

1756090833
0.8 0.2 0.0

1756090833
0.6904761904761905 0.2857142857142857 0.0

1756090833
0.0 0.0 0.0

1756090833
0.0 0.0 1.0

1756090834
0.6310679611650486 0.34951456310679613 0.0

1756090834
0.6326530612244898 0.3163265306122449 0.02040816326530612

1756090834
0.6666666666666666 0.3333333333333333 0.0

1756090834
0.5862068965517241 0.3103448275862069 0.034482758620689655

1756090834
0.45454545454545453 0.45454545454545453 0.0

1756090834
0.7397260273972602 0.2602739726027397 0.0

1756090834
0.6601941747572816 0.3106796116504854 0.0

1756090834
0.5666666666666667 0.36666666666666664 0.03333333333333333

1756090834
0.5757575757575758 0.36363636363636365 0.030303030303030304

1756090834
0.6551724137931034 0.27586206896551724 0.034482758620689655

1756090834
0.71900826446281 0.2396694214876033 0.01652892561983471

1756090834
0.7368421052631579 0.2631578947368421 0.0

1756090834
0.6842105263157895 0.3157894736842105 0.0

1756090834
0.6610169491525424 0.3050847457627119 0.0

1756090834
0.6481481481481481 0.2962962962962963 0.037037037037037035

1756090834
0.0 0.0 0.0

1756090835
0.7228915662650602 0.24096385542168675 0.012048192771084338

1756090835
0.5714285714285714 0.42857142857142855 0.0

1756090835
0.6363636363636364 0.3246753246753247 0.012987012987012988

1756090835
1.0 0.0 0.0

1756090835
0.5625 0.4375 0.0

1756090835
0.7441860465116279 0.23255813953488372 0.011627906976744186

1756090835
0.6271186440677966 0.3474576271186441 0.00847457627118644

1756090835
0.5 0.5 0.0

1756090835
0.6666666666666666 0.3333333333333333 0.0

1756090835
0.5728155339805825 0.4174757281553398 0.0

1756090835
0.6666666666666666 0.3333333333333333 0.0

1756090835
1.0 0.0 0.0

1756090835
0.5121951219512195 0.4634146341463415 0.0

1756090835
0.7 0.2857142857142857 0.0

1756090835
0.6666666666666666 0.30303030303030304 0.0

1756090835
0.7142857142857143 0.23376623376623376 0.025974025974025976

1756090835
0.7073170731707317 0.2682926829268293 0.024390243902439025

1756090835
0.5714285714285714 0.39285714285714285 0.0

1756090835
0.0 0.0 0.0

1756090836
0.6415094339622641 0.3018867924528302 0.018867924528301886

1756090836
0.639344262295082 0.3442622950819672 0.0

1756090836
0.7727272727272727 0.22727272727272727 0.0

1756090836
0.7142857142857143 0.21428571428571427 0.02857142857142857

1756090836
0.6363636363636364 0.32727272727272727 0.01818181818181818

1756090836
0.631578947368421 0.3684210526315789 0.0

1756090836
0.7142857142857143 0.25 0.0

1756090836
0.75 0.25 0.0

1756090836
0.6238532110091743 0.3486238532110092 0.01834862385321101

1756090836
0.6890756302521008 0.2857142857142857 0.008403361344537815

1756090836
0.547945205479452 0.4246575342465753 0.0

1756090836
0.6533333333333333 0.30666666666666664 0.03333333333333333

1756090836
0.6363636363636364 0.2727272727272727 0.0

1756090836
0.0 0.0 0.0

1756090836
0.6041666666666666 0.3541666666666667 0.0

1756090837
0.562962962962963 0.4074074074074074 0.007407407407407408

1756090837
0.4972067039106145 0.4860335195530726 0.0111731843575419

1756090837
0.5483870967741935 0.40860215053763443 0.010752688172043012

1756090837
0.5 0.42857142857142855 0.03571428571428571

1756090837
0.5169491525423728 0.4406779661016949 0.025423728813559324

1756090837
0.42857142857142855 0.42857142857142855 0.0

1756090837
0.6285714285714286 0.3619047619047619 0.009523809523809525

1756090837
0.5789473684210527 0.42105263157894735 0.0

1756090837
0.36363636363636365 0.5454545454545454 0.0

1756090837
0.0 0.0 0.0

1756090838
0.6041666666666666 0.3541666666666667 0.020833333333333332

1756090838
0.5652173913043478 0.391304347826087 0.0

1756090838
0.625 0.375 0.0

1756090838
0.5425531914893617 0.40425531914893614 0.010638297872340425

1756090838
0.5431472081218274 0.4365482233502538 0.0

1756090838
0.5333333333333333 0.43333333333333335 0.0

1756090838
0.46153846153846156 0.46153846153846156 0.0

1756090838
0.6363636363636364 0.3181818181818182 0.0

1756090838
0.6056338028169014 0.38028169014084506 0.007042253521126761

1756090838
0.5128205128205128 0.4358974358974359 0.0

1756090838
0.5205479452054794 0.4657534246575342 0.0

1756090838
0.6666666666666666 0.3333333333333333 0.0

1756090838
0.5714285714285714 0.42857142857142855 0.0

1756090838
0.6 0.3 0.0

1756090838
0.0 0.0 0.0

1756090838
0.42857142857142855 0.5714285714285714 0.0

1756090839
0.5111111111111111 0.4444444444444444 0.0

1756090839
0.5747126436781609 0.40804597701149425 0.005747126436781609

1756090839
0.4807692307692308 0.4807692307692308 0.009615384615384616

1756090839
0.3333333333333333 0.6666666666666666 0.0

1756090839
0.3076923076923077 0.6153846153846154 0.0

1756090839
0.47474747474747475 0.4898989898989899 0.005050505050505051

1756090839
0.46551724137931033 0.5129310344827587 0.0

1756090839
0.6666666666666666 0.3333333333333333 0.0

1756090840
0.4095238095238095 0.4857142857142857 0.05714285714285714

1756090840
0.46511627906976744 0.46511627906976744 0.0

1756090840
0.49122807017543857 0.45614035087719296 0.0

1756090840
0.5454545454545454 0.36363636363636365 0.0

1756090840
0.71875 0.28125 0.0

1756090840
0.6518518518518519 0.3111111111111111 0.0

1756090840
0.5714285714285714 0.3673469387755102 0.0

1756090840
0.5476190476190477 0.40476190476190477 0.023809523809523808

1756090840
0.5497076023391813 0.391812865497076 0.0

1756090840
0.47794117647058826 0.4485294117647059 0.022058823529411766

1756090840
0.0 0.0 0.0

1756090841
0.37383177570093457 0.5514018691588785 0.009345794392523364

1756090841
0.42105263157894735 0.5 0.02631578947368421

1756090841
0.5384615384615384 0.4153846153846154 0.0

1756090841
0.5579710144927537 0.391304347826087 0.0

1756090841
0.441340782122905 0.4581005586592179 0.027932960893854747

1756090841
0.46153846153846156 0.46153846153846156 0.015384615384615385

1756090841
0.47058823529411764 0.43137254901960786 0.0196078431372549

1756090841
0.5555555555555556 0.38562091503267976 0.006535947712418301

1756090841
0.0 0.0 0.0

1756090842
0.512 0.424 0.008

1756090842
0.4444444444444444 0.4444444444444444 0.0

1756090842
0.35714285714285715 0.5714285714285714 0.0

1756090842
0.5660377358490566 0.3584905660377358 0.0

1756090842
0.5980392156862745 0.3333333333333333 0.0

1756090842
0.5214723926380368 0.4171779141104294 0.006134969325153374

1756090842
0.37142857142857144 0.5714285714285714 0.0

1756090842
0.4489795918367347 0.46938775510204084 0.0

1756090842
0.5882352941176471 0.3333333333333333 0.0

1756090842
0.0 0.0 0.0

1756090842
0.6097560975609756 0.3170731707317073 0.0

1756090843
0.6195652173913043 0.32608695652173914 0.0

1756090843
0.5394736842105263 0.3684210526315789 0.013157894736842105

1756090843
0.6222222222222222 0.31851851851851853 0.007407407407407408

1756090843
0.6451612903225806 0.3064516129032258 0.0

1756090843
0.5402298850574713 0.3563218390804598 0.0

1756090843
0.6222222222222222 0.28888888888888886 0.022222222222222223

1756090843
0.6111111111111112 0.3055555555555556 0.0

1756090843
0.5939849624060151 0.3383458646616541 0.0

1756090843
0.4473684210526316 0.4473684210526316 0.0

1756090843
0.3333333333333333 0.6666666666666666 0.0

1756090843
0.0 0.0 0.0

1756090843
0.53125 0.375 0.0

1756090844
0.6129032258064516 0.3225806451612903 0.0

1756090844
0.5149253731343284 0.40671641791044777 0.0

1756090844
0.4090909090909091 0.5681818181818182 0.0

1756090844
0.6685393258426966 0.3258426966292135 0.0

1756090844
0.8125 0.1875 0.0

1756090844
1.0 0.0 0.0

1756090845
0.7751937984496124 0.2248062015503876 0.0

1756090845
0.7977099236641222 0.20038167938931298 0.0

1756090845
0.859504132231405 0.14049586776859505 0.0

1756090845
0.782608695652174 0.21739130434782608 0.0

1756090845
0.0 0.0 0.0

1756090846
0.890625 0.109375 0.0

1756090846
0.8103448275862069 0.1896551724137931 0.0

1756090846
0.855072463768116 0.14492753623188406 0.0

1756090846
0.79 0.21 0.0

1756090846
0.858085808580858 0.1419141914191419 0.0

1756090846
0.8333333333333334 0.16666666666666666 0.0

1756090846
0.0 0.0 0.0

1756090847
0.8463114754098361 0.15368852459016394 0.0

1756090847
0.7637540453074434 0.23624595469255663 0.0

1756090847
0.0 0.0 0.0

1756090847
0.8 0.2 0.0

1756090848
0.85 0.1375 0.0

1756090848
0.8248730964467005 0.1751269035532995 0.0

1756090848
0.88 0.12 0.0

1756090848
0.7724550898203593 0.2275449101796407 0.0

1756090848
0.8469387755102041 0.15306122448979592 0.0

1756090848
0.0 0.0 0.0

1756090849
0.8128654970760234 0.1871345029239766 0.0

1756090849
0.7769230769230769 0.2153846153846154 0.0

1756090849
0.8646864686468647 0.1353135313531353 0.0

1756090849
0.782608695652174 0.21739130434782608 0.0

1756090849
0.0 0.0 0.0

1756090850
0.78 0.2 0.0

1756090850
0.8275862068965517 0.1724137931034483 0.0

1756090850
0.8284518828451883 0.17154811715481172 0.0

1756090850
0.8467432950191571 0.1532567049808429 0.0

1756090850
0.7619047619047619 0.2261904761904762 0.011904761904761904

1756090850
0.8571428571428571 0.14285714285714285 0.0

1756090850
0.8461538461538461 0.15384615384615385 0.0

1756090850
0.0 0.0 0.0

1756090851
0.8875 0.1125 0.0

1756090851
0.8952879581151832 0.10471204188481675 0.0

1756090853
0.9209302325581395 0.07906976744186046 0.0

1756090853
0.0 0.0 0.0

1756090853
0.8421052631578947 0.15789473684210525 0.0

1756090853
0.8076923076923077 0.19230769230769232 0.0

1756090853
0.888235294117647 0.11176470588235295 0.0

1756090853
0.8631578947368421 0.1368421052631579 0.0

1756090853
0.8532110091743119 0.14678899082568808 0.0

1756090853
0.8648648648648649 0.13513513513513514 0.0

1756090854
0.7961783439490446 0.20382165605095542 0.0

1756090854
0.0 0.0 0.0

1756090854
0.777292576419214 0.22270742358078602 0.0

1756090854
0.74 0.26 0.0

1756090854
0.696078431372549 0.30392156862745096 0.0

1756090855
0.7898550724637681 0.21014492753623187 0.0

1756090855
0.7738095238095238 0.2261904761904762 0.0

1756090855
0.6666666666666666 0.3333333333333333 0.0

1756090855
0.75 0.25 0.0

1756090855
0.7883211678832117 0.2116788321167883 0.0

1756090855
0.8245614035087719 0.17543859649122806 0.0

1756090856
0.8151658767772512 0.1848341232227488 0.0

1756090856
0.75 0.25 0.0

1756090856
0.8205128205128205 0.1794871794871795 0.0

1756090856
0.8717948717948718 0.1282051282051282 0.0

1756090856
0.760797342192691 0.23588039867109634 0.0

1756090856
0.7527472527472527 0.24725274725274726 0.0

1756090857
0.7961783439490446 0.20382165605095542 0.0

1756090857
0.5 0.5 0.0

1756090857
0.7155963302752294 0.28440366972477066 0.0

1756090857
0.7704918032786885 0.22950819672131148 0.0

1756090857
0.7463768115942029 0.2536231884057971 0.0

1756090857
0.75 0.25 0.0

1756090857
0.7333333333333333 0.26666666666666666 0.0

1756090858
0.7527472527472527 0.24725274725274726 0.0

1756090858
0.6666666666666666 0.3333333333333333 0.0

1756090858
0.0 0.0 0.0

1756090858
0.7850467289719626 0.21495327102803738 0.0

1756090859
0.7572115384615384 0.24278846153846154 0.0

1756090859
0.7222222222222222 0.2777777777777778 0.0

1756090859
0.6666666666666666 0.3333333333333333 0.0

1756090859
0.7714285714285715 0.22857142857142856 0.0

1756090859
0.7714285714285715 0.22857142857142856 0.0

1756090859
0.782608695652174 0.21739130434782608 0.0

1756090860
0.8239130434782609 0.17608695652173914 0.0

1756090860
0.8035714285714286 0.19642857142857142 0.0

1756090860
0.75 0.25 0.0

1756090860
0.8031496062992126 0.1968503937007874 0.0

1756090860
0.8571428571428571 0.14285714285714285 0.0

1756090860
0.7976190476190477 0.20238095238095238 0.0

1756090861
0.8595890410958904 0.1404109589041096 0.0

1756090861
0.8773584905660378 0.12264150943396226 0.0

1756090861
0.8888888888888888 0.1111111111111111 0.0

1756090861
0.0 0.0 0.0

1756090861
0.9066666666666666 0.09333333333333334 0.0

1756090861
0.8351648351648352 0.16483516483516483 0.0

1756090861
0.8484848484848485 0.15151515151515152 0.0

1756090862
0.8691588785046729 0.1308411214953271 0.0

1756090862
0.7608695652173914 0.2391304347826087 0.0

1756090862
0.9333333333333333 0.06666666666666667 0.0

1756090862
0.75 0.25 0.0

1756090862
0.8431372549019608 0.1568627450980392 0.0

1756090862
0.8461538461538461 0.15384615384615385 0.0

1756090862
0.8833333333333333 0.11666666666666667 0.0

1756090862
0.8847583643122676 0.11524163568773234 0.0

1756090862
0.9019607843137255 0.09803921568627451 0.0

1756090862
0.8631578947368421 0.1368421052631579 0.0

1756090863
0.8729508196721312 0.12704918032786885 0.0

1756090863
1.0 0.0 0.0

1756090863
0.8235294117647058 0.17647058823529413 0.0

1756090863
0.8521739130434782 0.14782608695652175 0.0

1756090863
0.7916666666666666 0.20833333333333334 0.0

1756090863
0.8396946564885496 0.16030534351145037 0.0

1756090863
0.8837209302325582 0.11627906976744186 0.0

1756090864
0.9106145251396648 0.0893854748603352 0.0

1756090864
0.8857142857142857 0.11428571428571428 0.0

1756090864
0.0 0.0 0.0

1756090864
0.8846153846153846 0.11538461538461539 0.0

1756090864
0.8410596026490066 0.15894039735099338 0.0

1756090864
0.8803088803088803 0.11969111969111969 0.0

1756090864
0.8778625954198473 0.12213740458015267 0.0

1756090864
0.8378378378378378 0.16216216216216217 0.0

1756090864
0.8421052631578947 0.15789473684210525 0.0

1756090865
0.8545454545454545 0.14545454545454545 0.0

1756090865
0.9156626506024096 0.08433734939759036 0.0

1756090865
0.6666666666666666 0.3333333333333333 0.0

1756090865
0.9375 0.0625 0.0

1756090865
0.8521739130434782 0.14782608695652175 0.0

1756090865
0.8615384615384616 0.13846153846153847 0.0

1756090866
0.8098159509202454 0.1901840490797546 0.0

1756090866
0.75 0.25 0.0

1756090866
0.828125 0.171875 0.0

1756090866
0.8352272727272727 0.16477272727272727 0.0

1756090866
0.8551532033426184 0.14484679665738162 0.0

1756090866
0.8253968253968254 0.1746031746031746 0.0

1756090867
0.8260869565217391 0.17391304347826086 0.0

1756090867
0.8767123287671232 0.1232876712328767 0.0

1756090867
0.868421052631579 0.13157894736842105 0.0

1756090867
0.6666666666666666 0.3333333333333333 0.0

1756090867
0.8633879781420765 0.1366120218579235 0.0

1756090867
0.8409090909090909 0.1590909090909091 0.0

1756090867
0.8620689655172413 0.13793103448275862 0.0

1756090868
0.8614457831325302 0.13855421686746988 0.0

1756090868
0.0 0.0 0.0

1756090868
0.821656050955414 0.17834394904458598 0.0

1756090868
0.8682634730538922 0.1317365269461078 0.0

1756090869
0.7931034482758621 0.20689655172413793 0.0

1756090869
0.8777777777777778 0.12222222222222222 0.0

1756090869
0.8947368421052632 0.10526315789473684 0.0

1756090869
1.0 0.0 0.0

1756090869
0.9259259259259259 0.07407407407407407 0.0

1756090869
0.9151515151515152 0.08484848484848485 0.0

1756090869
0.910828025477707 0.08917197452229299 0.0

1756090869
0.9166666666666666 0.08333333333333333 0.0

1756090870
0.9053497942386831 0.09465020576131687 0.0

1756090870
0.75 0.25 0.0

1756090870
0.9402985074626866 0.05970149253731343 0.0

1756090870
0.9104477611940298 0.08955223880597014 0.0

1756090870
0.8968253968253969 0.10317460317460317 0.0

1756090870
0.8994082840236687 0.10059171597633136 0.0

1756090870
0.9222222222222223 0.07777777777777778 0.0

1756090871
0.9274193548387096 0.07258064516129033 0.0

1756090871
0.9195402298850575 0.08045977011494253 0.0

1756090871
1.0 0.0 0.0

1756090871
0.9044117647058824 0.09558823529411764 0.0

1756090871
0.83203125 0.16796875 0.0

1756090871
0.8620689655172413 0.13793103448275862 0.0

1756090871
0.7894736842105263 0.21052631578947367 0.0

1756090872
0.8797814207650273 0.12021857923497267 0.0

1756090872
0.8461538461538461 0.15384615384615385 0.0

1756090872
0.0 0.0 0.0

1756090872
0.8356435643564356 0.16435643564356436 0.0

1756090873
0.7465277777777778 0.25 0.0

1756090873
0.5 0.5 0.0

1756090873
0.6816326530612244 0.3142857142857143 0.0

1756090873
0.5833333333333334 0.4166666666666667 0.0

1756090873
0.6037735849056604 0.3490566037735849 0.009433962264150943

1756090874
0.6269592476489029 0.335423197492163 0.0

1756090874
0.5263157894736842 0.42105263157894735 0.0

1756090874
0.5 0.4444444444444444 0.0

1756090874
0.5555555555555556 0.4166666666666667 0.0

1756090874
1.0 0.0 0.0

1756090874
0.7407407407407407 0.2222222222222222 0.0

1756090874
0.7370689655172413 0.23706896551724138 0.004310344827586207

1756090875
0.7247899159663865 0.2689075630252101 0.0

1756090875
0.8793103448275862 0.1206896551724138 0.0

1756090875
0.75 0.25 0.0

1756090875
0.8070175438596491 0.19298245614035087 0.0

1756090876
0.8597785977859779 0.14022140221402213 0.0

1756090876
0.9367088607594937 0.06329113924050633 0.0

1756090876
0.8823529411764706 0.11764705882352941 0.0

1756090876
0.0 0.0 0.0

1756090876
0.8987341772151899 0.10126582278481013 0.0

1756090876
0.8801652892561983 0.11776859504132231 0.0

1756090877
0.8627450980392157 0.13725490196078433 0.0

1756090877
0.9 0.1 0.0

1756090877
0.926829268292683 0.07317073170731707 0.0

1756090877
0.75 0.25 0.0

1756090877
0.8861911987860395 0.11380880121396054 0.0

1756090878
0.875 0.125 0.0

1756090878
0.8846153846153846 0.11538461538461539 0.0

1756090878
0.9178082191780822 0.0821917808219178 0.0

1756090878
0.0 0.0 0.0

1756090879
0.8936484490398818 0.10635155096011817 0.0

1756090879
0.9067796610169492 0.09322033898305085 0.0

1756090879
1.0 0.0 0.0

1756090879
0.8949044585987261 0.10509554140127389 0.0

1756090879
0.9174311926605505 0.08256880733944955 0.0

1756090880
0.9251336898395722 0.0748663101604278 0.0

1756090880
0.6666666666666666 0.3333333333333333 0.0

1756090880
0.75 0.25 0.0

1756090880
0.9233576642335767 0.07664233576642336 0.0

1756090881
0.8651960784313726 0.13480392156862744 0.0

1756090881
0.9 0.1 0.0

1756090881
1.0 0.0 0.0

1756090881
0.8996478873239436 0.09859154929577464 0.0

1756090882
0.8484848484848485 0.14285714285714285 0.0

1756090882
0.0 0.0 0.0

1756090882
0.7299771167048055 0.1853546910755149 0.009153318077803204

1756090882
0.6838235294117647 0.13970588235294118 0.0

1756090883
0.631336405529954 0.1336405529953917 0.0

1756090883
0.0 0.0 0.0

1756090883
0.5 0.5 0.0

1756090883
0.5 0.0 0.0

1756090883
0.5381944444444444 0.15625 0.0

1756090883
0.5365853658536586 0.12195121951219512 0.0

1756090883
0.5467625899280576 0.1366906474820144 0.0

1756090883
0.5196850393700787 0.1732283464566929 0.0

1756090883
0.5 0.21739130434782608 0.0

1756090884
0.5048543689320388 0.21359223300970873 0.0

1756090884
0.5333333333333333 0.15555555555555556 0.0

1756090884
0.3333333333333333 0.3333333333333333 0.0

1756090884
0.5328467153284672 0.17518248175182483 0.0

1756090884
0.4533333333333333 0.32 0.0

1756090884
0.5441176470588235 0.20588235294117646 0.0

1756090884
0.4036697247706422 0.1926605504587156 0.0

1756090884
0.449438202247191 0.1348314606741573 0.0

1756090885
0.4186046511627907 0.19069767441860466 0.0

1756090885
0.0 0.0 0.0

1756090885
0.5333333333333333 0.23333333333333334 0.0

1756090885
0.0 0.0 0.0

1756090885
0.75 0.25 0.0

1756090885
0.6067415730337079 0.19101123595505617 0.0

1756090887
0.5555555555555556 0.3333333333333333 0.0

1756090887
0.0 0.0 0.0

1756090887
0.5 0.3333333333333333 0.0

1756090887
0.47368421052631576 0.3157894736842105 0.017543859649122806

1756090887
0.5925925925925926 0.2222222222222222 0.0

1756090887
0.0 0.0 0.0

1756090887
0.5853658536585366 0.21951219512195122 0.0

1756090887
0.5585585585585585 0.26126126126126126 0.0

1756090887
0.5181347150259067 0.29533678756476683 0.0

1756090887
0.5625 0.265625 0.0

1756090887
0.5783132530120482 0.1927710843373494 0.0

1756090887
0.5454545454545454 0.2 0.0

1756090888
0.5207100591715976 0.16568047337278108 0.0

1756090888
0.0 0.0 0.0

1756090888
0.40186915887850466 0.27102803738317754 0.0

1756090888
0.43333333333333335 0.26666666666666666 0.0

1756090888
0.4962686567164179 0.16417910447761194 0.0

1756090888
0.5 0.20588235294117646 0.0

1756090889
0.497907949790795 0.12552301255230125 0.0

1756090889
0.4140625 0.1875 0.0234375

1756090889
0.0 0.0 0.0

1756090889
0.4878048780487805 0.21951219512195122 0.0

1756090889
0.5510204081632653 0.16326530612244897 0.0

1756090889
0.49411764705882355 0.20784313725490197 0.00392156862745098

1756090889
0.3125 0.375 0.0

1756090889
0.45108695652173914 0.19021739130434784 0.0

1756090890
0.38095238095238093 0.24867724867724866 0.0

1756090890
0.391304347826087 0.21739130434782608 0.0

1756090890
0.0 0.0 0.0

1756090890
0.3254437869822485 0.2781065088757396 0.0

1756090890
0.7581699346405228 0.20915032679738563 0.0

1756090891
0.8892508143322475 0.11074918566775244 0.0

1756090891
0.0 0.0 0.0

1756090891
0.9215686274509803 0.0784313725490196 0.0

1756090892
0.9238505747126436 0.07614942528735633 0.0

1756090892
0.0 0.0 0.0

1756090893
0.8725 0.1275 0.0

1756090893
0.0 0.0 0.0

1756090894
0.8940149625935162 0.1059850374064838 0.0

1756090894
0.0 0.0 0.0

1756090895
0.8806404657933042 0.08733624454148471 0.005822416302765648

1756090895
0.7735849056603774 0.16981132075471697 0.0

1756090895
0.819672131147541 0.09836065573770492 0.0

1756090895
0.0 0.0 0.0

1756090895
0.71900826446281 0.14049586776859505 0.0

1756090895
0.5793103448275863 0.19310344827586207 0.0

1756090895
0.4838709677419355 0.15591397849462366 0.0

1756090895
0.14285714285714285 0.5714285714285714 0.0

1756090895
0.5 0.16666666666666666 0.0

1756090896
0.4646017699115044 0.17699115044247787 0.0

1756090896
0.4264705882352941 0.11764705882352941 0.0

1756090896
0.0 0.0 0.0

1756090896
0.4214876033057851 0.1487603305785124 0.0

1756090896
0.40963855421686746 0.1566265060240964 0.0

1756090897
0.27378964941569284 0.11686143572621036 0.0

1756090897
0.0 0.0 0.0

1756090897
0.266384778012685 0.11627906976744186 0.0

1756090898
0.27089337175792505 0.13256484149855907 0.0

1756090898
0.0 0.0 0.0

1756090898
0.3333333333333333 0.16666666666666666 0.0

1756090899
0.23661270236612703 0.11457036114570361 0.0012453300124533001

1756090899
0.0 0.0 0.0

1756090899
0.16071428571428573 0.06696428571428571 0.0

1756090900
0.12430939226519337 0.09944751381215469 0.0055248618784530384

1756090900
0.0 0.0 0.0

1756090900
0.07142857142857142 0.11428571428571428 0.0

1756090900
0.15517241379310345 0.10344827586206896 0.0

1756090901
0.049107142857142856 0.04017857142857143 0.0

1756090901
0.0 0.0 0.0

1756090901
0.10401188707280833 0.09658246656760773 0.0

1756090902
0.24822695035460993 0.14184397163120568 0.0070921985815602835

1756090902
0.0 0.0 0.0

1756090902
0.1263537906137184 0.14620938628158844 0.0

1756090903
0.31496062992125984 0.16535433070866143 0.0

1756090903
0.0 0.0 0.0

1756090903
0.7797202797202797 0.2097902097902098 0.0

1756090904
0.7280701754385965 0.2675438596491228 0.0043859649122807015

1756090904
0.0 0.0 0.0

1756090904
0.6650602409638554 0.3325301204819277 0.0

1756090904
0.45161290322580644 0.5483870967741935 0.0

1756090905
0.7097701149425287 0.29022988505747127 0.0

1756090905
1.0 0.0 0.0

1756090905
0.788135593220339 0.211864406779661 0.0

1756090905
0.746268656716418 0.2537313432835821 0.0

1756090905
0.7439024390243902 0.25609756097560976 0.0

1756090905
0.8018018018018018 0.1891891891891892 0.0

1756090906
0.7213114754098361 0.16065573770491803 0.0

1756090906
0.0 0.0 0.0

1756090907
0.6483103879849812 0.14267834793491865 0.0012515644555694619

1756090907
0.0 0.0 0.0

1756090907
0.7 0.2 0.0

1756090907
0.7513227513227513 0.13227513227513227 0.005291005291005291

1756090907
0.6847826086956522 0.15217391304347827 0.0

1756090907
0.8181818181818182 0.1590909090909091 0.0

1756090908
0.7615062761506276 0.12133891213389121 0.0

1756090908
0.7699115044247787 0.1415929203539823 0.0

1756090908
0.0 0.0 0.0

1756090908
0.7407407407407407 0.18518518518518517 0.0

1756090908
0.7714285714285715 0.1380952380952381 0.0

1756090908
0.6952380952380952 0.1523809523809524 0.0

1756090909
0.8714859437751004 0.1285140562248996 0.0

1756090909
0.0 0.0 0.0

1756090909
0.8807339449541285 0.11009174311926606 0.0

1756090909
0.7851239669421488 0.07024793388429752 0.0

1756090909
0.6782608695652174 0.0782608695652174 0.0

1756090910
0.7081339712918661 0.14832535885167464 0.009569377990430622

1756090910
0.0 0.0 0.0

1756090910
0.5756676557863502 0.26706231454005935 0.002967359050445104

1756090910
0.20833333333333334 0.16666666666666666 0.041666666666666664

1756090910
0.19480519480519481 0.11688311688311688 0.045454545454545456

1756090911
0.15498154981549817 0.17343173431734318 0.08856088560885608

1756090911
0.0 0.0 0.0

1756090911
0.20689655172413793 0.20689655172413793 0.0

1756090911
0.2 0.25 0.0

1756090911
0.28125 0.15625 0.0

1756090911
0.2765273311897106 0.1639871382636656 0.003215434083601286

1756090911
0.2 0.2 0.0

1756090911
0.26380368098159507 0.1656441717791411 0.006134969325153374

1756090912
0.3 0.13846153846153847 0.0

1756090912
0.36538461538461536 0.15384615384615385 0.0

1756090912
0.0 0.0 0.0

1756090912
0.36363636363636365 0.18181818181818182 0.0

1756090912
0.38461538461538464 0.18461538461538463 0.0

1756090912
0.2981651376146789 0.3165137614678899 0.0045871559633027525

1756090912
0.24770642201834864 0.3211009174311927 0.01834862385321101

1756090912
0.21428571428571427 0.27380952380952384 0.011904761904761904

1756090912
0.40476190476190477 0.23809523809523808 0.0

1756090913
0.3488372093023256 0.26356589147286824 0.0

1756090913
0.31645569620253167 0.3037974683544304 0.0

1756090913
0.3157894736842105 0.2631578947368421 0.02631578947368421

1756090913
0.0 0.0 0.0

1756090913
0.37142857142857144 0.2 0.0

1756090913
0.344 0.176 0.0

1756090913
0.3076923076923077 0.19230769230769232 0.0

1756090913
0.319634703196347 0.273972602739726 0.0

1756090913
0.3387096774193548 0.25806451612903225 0.0

1756090913
0.18181818181818182 0.45454545454545453 0.0

1756090913
0.41333333333333333 0.18666666666666668 0.0

1756090914
0.36923076923076925 0.23076923076923078 0.0

1756090914
0.38271604938271603 0.5061728395061729 0.0

1756090914
0.5 0.3 0.0

1756090914
0.0 0.0 0.0

1756090914
0.6470588235294118 0.35294117647058826 0.0

1756090914
0.7268292682926829 0.2097560975609756 0.024390243902439025

1756090914
0.6206896551724138 0.29310344827586204 0.0

1756090914
0.42105263157894735 0.2631578947368421 0.0

1756090914
0.41304347826086957 0.15217391304347827 0.0

1756090914
0.44776119402985076 0.11940298507462686 0.0

1756090914
0.4444444444444444 0.1111111111111111 0.0

1756090914
0.47058823529411764 0.13725490196078433 0.0

1756090914
0.55 0.15833333333333333 0.0

1756090915
0.4444444444444444 0.2962962962962963 0.0

1756090915
0.3448275862068966 0.2413793103448276 0.0

1756090915
0.0 0.0 0.0

1756090915
0.3488372093023256 0.23255813953488372 0.0

1756090915
0.3582089552238806 0.16417910447761194 0.0

1756090915
0.38235294117647056 0.23529411764705882 0.0

1756090915
0.42857142857142855 0.14285714285714285 0.0

1756090915
0.389937106918239 0.18238993710691823 0.0

1756090915
0.359375 0.34375 0.0

1756090915
0.3319838056680162 0.17813765182186234 0.0

1756090915
0.26666666666666666 0.13333333333333333 0.0

1756090916
0.40804597701149425 0.12643678160919541 0.034482758620689655

1756090916
0.0 0.0 0.0

1756090916
0.3333333333333333 0.1111111111111111 0.0

1756090916
0.2708333333333333 0.13095238095238096 0.0

1756090916
0.2608695652173913 0.21739130434782608 0.0

1756090916
0.24043715846994534 0.12568306010928962 0.0

1756090917
0.18421052631578946 0.10526315789473684 0.0

1756090917
0.1810344827586207 0.12931034482758622 0.0

1756090917
0.0 0.0 0.0

1756090917
0.16181229773462782 0.17475728155339806 0.0

1756090918
0.18401937046004843 0.14043583535108958 0.002421307506053269

1756090918
0.14285714285714285 0.2857142857142857 0.0

1756090918
0.26582278481012656 0.17721518987341772 0.0

1756090918
0.0 0.0 0.0

1756090918
0.37373737373737376 0.20202020202020202 0.0

1756090918
0.0 0.6666666666666666 0.0

1756090918
0.36904761904761907 0.23809523809523808 0.0

1756090919
0.3432343234323432 0.26567656765676567 0.0

1756090919
0.0 0.0 0.0

1756090919
0.5632183908045977 0.21839080459770116 0.0

1756090920
0.6875 0.1875 0.0

1756090920
0.0 0.0 0.0

1756090921
0.46153846153846156 0.14102564102564102 0.11538461538461539

1756090921
0.36666666666666664 0.17777777777777778 0.03333333333333333

1756090921
0.0 0.0 0.0

1756090921
0.291970802919708 0.32116788321167883 0.0072992700729927005

1756090921
0.266304347826087 0.18478260869565216 0.0

1756090921
0.2962962962962963 0.18518518518518517 0.0

1756090921
0.3333333333333333 0.1347517730496454 0.0

1756090921
0.2916666666666667 0.25 0.0

1756090921
0.4732824427480916 0.3511450381679389 0.007633587786259542

1756090921
0.6956521739130435 0.21739130434782608 0.0

1756090922
0.5572519083969466 0.19083969465648856 0.030534351145038167

1756090922
0.0 0.0 0.0

1756090922
0.48412698412698413 0.24603174603174602 0.0

1756090922
0.3333333333333333 0.5 0.0

1756090922
0.3333333333333333 0.3333333333333333 0.0

1756090922
0.4482758620689655 0.3045977011494253 0.0

1756090922
0.375 0.375 0.0

1756090922
0.3611111111111111 0.2388888888888889 0.13333333333333333

1756090923
0.4946236559139785 0.25806451612903225 0.010752688172043012

1756090923
0.5957446808510638 0.2765957446808511 0.0

1756090923
0.5294117647058824 0.3235294117647059 0.0

1756090923
0.6129032258064516 0.1935483870967742 0.0

1756090923
0.0 0.0 0.0

1756090923
0.5945945945945946 0.1891891891891892 0.0

1756090923
0.5357142857142857 0.21428571428571427 0.0

1756090923
0.3770491803278688 0.19672131147540983 0.0

1756090923
0.19883040935672514 0.2631578947368421 0.011695906432748537

1756090923
0.4117647058823529 0.23529411764705882 0.0

1756090924
0.43956043956043955 0.24175824175824176 0.06593406593406594

1756090924
0.4107142857142857 0.30357142857142855 0.0

1756090924
0.0 0.0 0.0

1756090924
0.42857142857142855 0.2857142857142857 0.0

1756090924
0.3333333333333333 0.4166666666666667 0.0

1756090924
0.3980891719745223 0.28662420382165604 0.0031847133757961785

1756090924
0.35555555555555557 0.24444444444444444 0.0

1756090925
0.3169230769230769 0.2 0.0

1756090925
0.3055555555555556 0.125 0.0

1756090925
0.0 0.0 0.0

1756090925
0.3023255813953488 0.18604651162790697 0.0

1756090925
0.3181818181818182 0.16477272727272727 0.0

1756090925
0.2857142857142857 0.42857142857142855 0.0

1756090925
0.3333333333333333 0.3333333333333333 0.0

1756090925
0.4935064935064935 0.22727272727272727 0.0

1756090925
0.46153846153846156 0.3076923076923077 0.0

1756090925
0.4434782608695652 0.1826086956521739 0.0

1756090925
0.25 0.25 0.0

1756090925
0.46226415094339623 0.14150943396226415 0.0

1756090926
0.3541666666666667 0.25 0.010416666666666666

1756090926
0.37142857142857144 0.3142857142857143 0.0

1756090926
0.0 0.0 0.0

1756090926
0.37777777777777777 0.2 0.0

1756090926
0.42857142857142855 0.17857142857142858 0.0

1756090926
0.38235294117647056 0.18382352941176472 0.0

1756090926
0.26851851851851855 0.2037037037037037 0.0

1756090926
0.32857142857142857 0.21428571428571427 0.0

1756090926
0.3384615384615385 0.23846153846153847 0.0

1756090926
0.3953488372093023 0.20930232558139536 0.0

1756090927
0.42 0.27 0.0

1756090927
0.0 0.0 0.0

1756090927
0.3333333333333333 0.3333333333333333 0.0

1756090927
0.3717948717948718 0.1794871794871795 0.0

1756090927
0.41935483870967744 0.16129032258064516 0.0

1756090927
0.4258064516129032 0.12903225806451613 0.0

1756090927
0.34782608695652173 0.21739130434782608 0.0

1756090927
0.4186046511627907 0.12790697674418605 0.0

1756090927
0.4318181818181818 0.11363636363636363 0.0

1756090927
0.463768115942029 0.07246376811594203 0.0

1756090927
0.42857142857142855 0.1349206349206349 0.015873015873015872

1756090927
0.34375 0.1875 0.15625

1756090928
0.4583333333333333 0.20833333333333334 0.020833333333333332

1756090928
0.4144144144144144 0.12612612612612611 0.02702702702702703

1756090928
0.0 0.0 0.0

1756090928
0.3617021276595745 0.1702127659574468 0.0

1756090928
0.2903225806451613 0.2903225806451613 0.0

1756090928
0.3148148148148148 0.25925925925925924 0.0

1756090928
0.4205607476635514 0.1308411214953271 0.0

1756090928
0.3684210526315789 0.21052631578947367 0.0

1756090928
0.4117647058823529 0.14705882352941177 0.0

1756090928
0.4576271186440678 0.09322033898305085 0.0

1756090929
0.19154228855721392 0.09950248756218906 0.017412935323383085

1756090929
0.0 0.0 0.0

1756090929
0.10344827586206896 0.17771883289124668 0.002652519893899204

1756090930
0.11007025761124122 0.09601873536299765 0.0

1756090930
0.0 0.0 0.0

1756090931
0.06956521739130435 0.07950310559006211 0.011180124223602485

1756090931
0.0 0.0 0.0

1756090932
0.07481296758104738 0.08104738154613467 0.0012468827930174563

1756090932
0.0 0.0 0.0

1756090932
0.07509881422924901 0.10276679841897234 0.0

1756090932
0.17478510028653296 0.1318051575931232 0.0

1756090933
0.1553398058252427 0.1262135922330097 0.0048543689320388345

1756090933
0.0 0.0 0.0

1756090933
0.11618257261410789 0.17842323651452283 0.004149377593360996

1756090933
0.13875598086124402 0.16507177033492823 0.0

1756090934
0.15827338129496402 0.1366906474820144 0.0

1756090934
0.0 0.0 0.0

1756090934
0.16666666666666666 0.1956521739130435 0.0

1756090934
0.2727272727272727 0.19318181818181818 0.0

1756090934
0.37735849056603776 0.22641509433962265 0.0

1756090934
0.3727810650887574 0.1834319526627219 0.0

1756090934
0.234375 0.21875 0.0

1756090935
0.27586206896551724 0.2413793103448276 0.0

1756090935
0.26666666666666666 0.20833333333333334 0.0

1756090935
0.0 0.0 0.0

1756090935
0.22826086956521738 0.2608695652173913 0.021739130434782608

1756090935
0.2206896551724138 0.23448275862068965 0.0

1756090936
0.1628721541155867 0.15061295971978983 0.005253940455341506

1756090936
0.25 0.0 0.0

1756090936
0.0 0.0 0.0

1756090936
0.1495176848874598 0.16237942122186494 0.0

1756090937
0.1736842105263158 0.21578947368421053 0.0

1756090937
0.0 0.0 0.0

1756090938
0.25682382133995035 0.11786600496277916 0.0

1756090938
0.0 0.0 0.0

1756090939
0.10757946210268948 0.14792176039119803 0.004889975550122249

1756090939
0.0 0.0 0.0

1756090939
0.038338658146964855 0.14376996805111822 0.0

1756090939
0.19117647058823528 0.22058823529411764 0.0

1756090939
0.25 0.18243243243243243 0.0

1756090940
0.13970588235294118 0.15808823529411764 0.0

1756090940
0.0 0.0 0.0

1756090940
0.0625 0.25 0.0

1756090941
0.06105834464043419 0.12890094979647218 0.005427408412483039

1756090941
0.08771929824561403 0.07017543859649122 0.0

1756090941
0.0 0.0 0.0

1756090941
0.07936507936507936 0.16825396825396827 0.0

1756090941
0.14207650273224043 0.15300546448087432 0.0

1756090941
0.175 0.125 0.0

1756090942
0.12962962962962962 0.12962962962962962 0.0

1756090942
0.0 0.0 0.0

1756090942
0.07142857142857142 0.11224489795918367 0.0

1756090942
0.08771929824561403 0.06432748538011696 0.005847953216374269

1756090943
0.06642066420664207 0.042435424354243544 0.0

1756090943
0.0 0.0 0.0

1756090944
0.02372034956304619 0.018726591760299626 0.0

1756090944
0.0 0.0 0.0

1756090945
0.11097256857855362 0.02493765586034913 0.0

1756090945
0.0 0.0 0.0

1756090946
0.09181141439205956 0.060794044665012405 0.0037220843672456576

1756090946
0.0 0.0 0.0

1756090947
0.1095890410958904 0.031133250311332503 0.0

1756090947
0.0 0.0 0.0

1756090947
0.13756613756613756 0.031746031746031744 0.0

1756090947
0.22857142857142856 0.05714285714285714 0.0

1756090948
0.22026431718061673 0.06607929515418502 0.0

1756090948
0.0 0.0 0.0

1756090949
0.10416666666666667 0.09068627450980392 0.011029411764705883

1756090949
0.0 0.0 0.0

1756090950
0.1812577065351418 0.07891491985203453 0.0

1756090950
0.0 0.0 0.0

1756090950
0.184375 0.1125 0.0

1756090950
0.30158730158730157 0.1164021164021164 0.0

1756090951
0.23183391003460208 0.18339100346020762 0.01384083044982699

1756090951
0.0 0.0 0.0

1756090952
0.19853836784409257 0.1315468940316687 0.001218026796589525

1756090952
0.0 0.0 0.0

1756090953
0.2746305418719212 0.09852216748768473 0.003694581280788177

1756090953
0.0 0.0 0.0

1756090954
0.22388059701492538 0.208955223880597 0.014925373134328358

1756090954
0.0 0.0 0.0

1756090955
0.2576832151300236 0.1536643026004728 0.0

1756090955
0.0 0.0 0.0

1756090956
0.15298507462686567 0.2027363184079602 0.0024875621890547263

1756090956
0.0 0.0 0.0

1756090957
0.2234567901234568 0.19135802469135801 0.056790123456790124

1756090957
0.0 0.0 0.0

1756090958
0.2128463476070529 0.22292191435768263 0.0012594458438287153

1756090958
0.0 0.0 0.0

1756090958
0.24630541871921183 0.19704433497536947 0.0

1756090959
0.36175710594315247 0.3178294573643411 0.0

1756090959
0.0 0.0 0.0

1756090960
0.6749688667496887 0.3138231631382316 0.0012453300124533001

1756090960
0.0 0.0 0.0

1756090960
0.5 0.3333333333333333 0.0

1756090961
0.7443324937027708 0.2531486146095718 0.0

1756090961
0.0 0.0 0.0

1756090962
0.7834793491864831 0.21526908635794745 0.0

1756090962
0.0 0.0 0.0

1756090962
0.5393586005830904 0.39941690962099125 0.0029154518950437317

1756090963
0.3632075471698113 0.21933962264150944 0.007075471698113208

1756090963
0.3142857142857143 0.3142857142857143 0.0

1756090963
0.0 0.0 0.0

1756090963
0.5831903945111492 0.18696397941680962 0.0

1756090964
0.3128205128205128 0.11282051282051282 0.0

1756090964
0.3076923076923077 0.19230769230769232 0.0

1756090964
0.0 0.0 0.0

1756090964
0.2606741573033708 0.1752808988764045 0.011235955056179775

1756090965
0.19346049046321526 0.13896457765667575 0.0

1756090965
0.0 0.0 0.0

1756090965
0.1762917933130699 0.2127659574468085 0.0

1756090966
0.27610208816705334 0.1368909512761021 0.0

1756090966
0.2926829268292683 0.12195121951219512 0.0

1756090966
0.0 0.0 0.0

1756090966
0.30985915492957744 0.13380281690140844 0.0

1756090966
0.29515418502202645 0.1145374449339207 0.0

1756090967
0.28125 0.1375 0.0

1756090967
0.0 0.0 0.0

1756090967
0.29310344827586204 0.12931034482758622 0.0

1756090967
0.2435129740518962 0.1936127744510978 0.0

1756090968
0.3333333333333333 0.19047619047619047 0.0

1756090968
0.0 0.0 0.0

1756090968
0.2492753623188406 0.16231884057971013 0.0

1756090969
0.25 0.17329545454545456 0.0

1756090969
0.3 0.12 0.0

1756090969
0.0 0.0 0.0

1756090969
0.25225225225225223 0.18018018018018017 0.009009009009009009

1756090970
0.24684431977559607 0.1388499298737728 0.005610098176718092

1756090970
0.0 0.0 0.0

1756090971
0.1782178217821782 0.1547029702970297 0.0

1756090971
0.0 0.0 0.0

1756090972
0.25400739827373614 0.17262638717632553 0.0

1756090972
0.0 0.0 0.0

1756090973
0.24469413233458176 0.1735330836454432 0.0

1756090973
0.0 0.0 0.0

1756090974
0.2619647355163728 0.163727959697733 0.0012594458438287153

1756090974
0.0 0.0 0.0

1756090975
0.24 0.18625 0.0025

1756090975
0.0 0.0 0.0

1756090976
0.21375 0.21625 0.0

1756090976
0.0 0.0 0.0

1756090977
0.2521631644004944 0.17552533992583436 0.0

1756090977
0.0 0.0 0.0

1756090978
0.2375 0.19125 0.00125

1756090978
0.0 0.0 0.0

1756090978
0.20754716981132076 0.22169811320754718 0.0

1756090979
0.700507614213198 0.1353637901861252 0.001692047377326565

1756090979
0.0 0.0 0.0

1756090980
0.8493150684931506 0.14931506849315068 0.0

1756090980
0.8076923076923077 0.19230769230769232 0.0

1756090980
0.0 0.0 0.0

1756090981
0.8168642951251647 0.1831357048748353 0.0

1756090981
0.0 0.0 0.0

1756090981
0.7258064516129032 0.27419354838709675 0.0

1756090981
0.6547619047619048 0.2777777777777778 0.0

1756090982
0.5378787878787878 0.29545454545454547 0.0

1756090982
0.0 0.0 0.0

1756090982
0.4009433962264151 0.18396226415094338 0.0

1756090983
0.3737024221453287 0.16782006920415224 0.0

1756090983
0.0 0.0 0.0

1756090984
0.26092384519350814 0.16604244694132334 0.0

1756090984
0.0 0.0 0.0

1756090984
0.0 0.5 0.0

1756090984
0.34759358288770054 0.21390374331550802 0.0035650623885918

1756090985
0.3722943722943723 0.19480519480519481 0.0

1756090985
0.0 0.0 0.0

1756090985
0.36464088397790057 0.20994475138121546 0.0

1756090985
0.35502958579881655 0.20118343195266272 0.0029585798816568047

1756090986
0.36363636363636365 0.17613636363636365 0.0

1756090986
0.35051546391752575 0.23711340206185566 0.0

1756090986
0.0 0.0 0.0

1756090986
0.31666666666666665 0.2611111111111111 0.0

1756090986
0.3632075471698113 0.18867924528301888 0.0

1756090988
0.39473684210526316 0.15789473684210525 0.0

1756090988
0.0 0.0 0.0

1756090989
0.2311495673671199 0.1273176761433869 0.0012360939431396785

1756090989
0.0 0.0 0.0

1756090990
0.3066502463054187 0.17857142857142858 0.0

1756090990
0.0 0.0 0.0

1756090991
0.3548795944233207 0.19898605830164764 0.0038022813688212928

1756090991
0.0 0.0 0.0

1756090992
0.33962264150943394 0.23144654088050315 0.0

1756090992
0.0 0.0 0.0

1756090992
0.35833333333333334 0.20833333333333334 0.0

1756090993
0.36082474226804123 0.20176730486008837 0.0

1756090993
0.0 0.0 0.0

1756090994
0.7421777221526908 0.22778473091364204 0.0

1756090994
0.0 0.0 0.0

1756090995
0.8233082706766918 0.17167919799498746 0.0

1756090995
0.6666666666666666 0.3333333333333333 0.0

1756090996
0.832282471626734 0.16393442622950818 0.0012610340479192938

1756090996
0.8333333333333334 0.16666666666666666 0.0

1756090997
0.819672131147541 0.17780580075662042 0.0

1756090997
0.0 0.0 0.0

1756090997
0.8532110091743119 0.13761467889908258 0.0

1756090998
0.827922077922078 0.17045454545454544 0.0

1756090998
0.8918918918918919 0.10810810810810811 0.0

1756090998
0.0 0.0 0.0

1756090999
0.8385481852315394 0.16020025031289112 0.0

1756090999
0.0 0.0 0.0

1756090999
0.7861915367483296 0.21158129175946547 0.0

1756091000
0.7063953488372093 0.2063953488372093 0.0

1756091000
0.0 0.0 0.0

1756091001
0.8135168961201502 0.18648310387984982 0.0

1756091001
0.0 0.0 0.0

1756091002
0.7358490566037735 0.20628930817610064 0.0

1756091002
1.0 0.0 0.0

1756091002
0.5 0.25 0.0

1756091002
0.6363636363636364 0.21212121212121213 0.0

1756091002
0.5377906976744186 0.3081395348837209 0.0029069767441860465

1756091003
0.5393939393939394 0.30303030303030304 0.0

1756091003
0.6088709677419355 0.22983870967741934 0.0

1756091003
0.0 0.0 0.0

1756091003
0.5346534653465347 0.3465346534653465 0.0

1756091003
0.5782608695652174 0.2391304347826087 0.0

1756091003
0.57 0.25 0.0

1756091004
0.5614973262032086 0.2727272727272727 0.0

1756091004
0.5944444444444444 0.24444444444444444 0.0

1756091004
0.0 0.0 0.0

1756091005
0.5156838143036386 0.27603513174404015 0.0

1756091005
0.6666666666666666 0.3333333333333333 0.0

1756091006
0.510178117048346 0.26463104325699743 0.010178117048346057

1756091006
0.0 0.0 0.0

1756091007
0.5699873896595208 0.266078184110971 0.0

1756091007
0.0 0.0 0.0

1756091008
0.5335018963337548 0.2945638432364096 0.0

1756091008
0.0 0.0 0.0

1756091009
0.5409429280397022 0.31017369727047145 0.0

1756091009
0.0 0.0 0.0

1756091010
0.4722222222222222 0.375 0.0012626262626262627

1756091010
0.0 0.0 0.0

1756091011
0.4514501891551072 0.3921815889029004 0.008827238335435058

1756091011
0.0 0.0 0.0

1756091012
0.37659033078880405 0.37659033078880405 0.0

1756091012
0.6666666666666666 0.3333333333333333 0.0

1756091013
0.41296060991105465 0.4142312579415502 0.0012706480304955528

1756091013
0.0 0.0 0.0

1756091014
0.4389312977099237 0.40966921119592875 0.0

1756091014
0.0 0.0 0.0

1756091014
0.4512471655328798 0.38095238095238093 0.0

1756091015
0.5498575498575499 0.3076923076923077 0.0

1756091015
0.0 0.0 0.0

1756091016
0.6242118537200504 0.27616645649432536 0.008827238335435058

1756091016
0.0 0.0 0.0

1756091017
0.6005056890012642 0.31352718078381797 0.0

1756091017
0.0 0.0 0.0

1756091018
0.5898778359511344 0.31413612565445026 0.0

1756091018
0.5720720720720721 0.3333333333333333 0.0

1756091018
0.0 0.0 0.0

1756091019
0.6846733668341709 0.2989949748743719 0.0

1756091019
0.0 0.0 0.0

1756091020
0.8018518518518518 0.19814814814814816 0.0

1756091020
0.7953667953667953 0.20463320463320464 0.0

1756091020
0.0 0.0 0.0

1756091022
0.7920353982300885 0.20353982300884957 0.0

1756091022
0.0 0.0 0.0

1756091022
0.8607594936708861 0.13924050632911392 0.0

1756091022
0.3333333333333333 0.6666666666666666 0.0

1756091023
0.8211586901763224 0.17758186397984888 0.0

1756091023
1.0 0.0 0.0

1756091024
0.71267252195734 0.15683814303638646 0.002509410288582183

1756091024
1.0 0.0 0.0

1756091024
0.5714285714285714 0.14285714285714285 0.0

1756091025
0.689873417721519 0.28607594936708863 0.0012658227848101266

1756091025
0.25 0.75 0.0

1756091025
0.6716417910447762 0.31343283582089554 0.0

1756091026
0.7317744154057771 0.2627235213204952 0.0

1756091026
0.75 0.25 0.0

1756091026
0.7877094972067039 0.20670391061452514 0.0

1756091027
0.7896440129449838 0.21035598705501618 0.0

1756091027
0.7096774193548387 0.2903225806451613 0.0

1756091027
0.0 0.0 0.0

1756091027
0.7008196721311475 0.29508196721311475 0.0

1756091027
0.7307692307692307 0.2692307692307692 0.0

1756091028
0.7771428571428571 0.22285714285714286 0.0

1756091028
0.5 0.5 0.0

1756091028
0.0 0.0 0.0

1756091029
0.7321899736147758 0.2678100263852243 0.0

1756091029
0.75 0.25 0.0

1756091029
0.6666666666666666 0.3333333333333333 0.0

1756091029
0.7203579418344519 0.27740492170022374 0.0

1756091030
0.6878612716763006 0.3092485549132948 0.0

1756091030
0.0 0.0 0.0

1756091031
0.7275 0.2725 0.0

1756091031
0.8333333333333334 0.16666666666666666 0.0

1756091032
0.6848101265822785 0.30886075949367087 0.0

1756091032
0.0 0.0 0.0

1756091033
0.6872635561160151 0.3051702395964691 0.0

1756091033
0.6666666666666666 0.3333333333333333 0.0

1756091034
0.6316455696202532 0.30886075949367087 0.007594936708860759

1756091034
0.0 0.0 0.0

1756091035
0.714824120603015 0.2814070351758794 0.0

1756091035
0.3333333333333333 0.6666666666666666 0.0

1756091036
0.6523929471032746 0.3425692695214106 0.0

1756091036
0.0 0.0 0.0

1756091037
0.6005121638924455 0.3969270166453265 0.0

1756091037
0.0 0.0 0.0

1756091038
0.5140845070422535 0.48169014084507045 0.0

1756091038
0.0 0.0 0.0

1756091039
0.4799382716049383 0.5108024691358025 0.0

1756091039
0.3333333333333333 0.6666666666666666 0.0

1756091039
0.5925925925925926 0.4074074074074074 0.0

1756091040
0.5867269984917044 0.40874811463046756 0.0

1756091040
1.0 0.0 0.0

1756091041
0.5353697749196141 0.46141479099678456 0.0

1756091041
0.0 0.0 0.0

1756091041
0.5422535211267606 0.45774647887323944 0.0

1756091041
0.6 0.4 0.0

1756091042
0.5309446254071661 0.46579804560260585 0.0

1756091042
0.3333333333333333 0.6666666666666666 0.0

1756091043
0.5329949238578681 0.45854483925549916 0.0

1756091043
0.5256410256410257 0.4358974358974359 0.0

1756091043
0.0 0.0 0.0

1756091043
0.525679758308157 0.47129909365558914 0.0

1756091044
0.5026041666666666 0.4869791666666667 0.0

1756091044
0.0 0.0 0.0

1756091044
0.5348189415041783 0.415041782729805 0.002785515320334262

1756091045
0.5795148247978437 0.3611859838274933 0.0026954177897574125

1756091045
0.0 0.0 0.0

1756091045
0.49575070821529743 0.4730878186968839 0.0

1756091045
0.546875 0.453125 0.0

1756091046
0.6263736263736264 0.3708791208791209 0.0

1756091046
0.75 0.25 0.0

1756091047
0.5871559633027523 0.4076015727391874 0.001310615989515072

1756091047
0.6666666666666666 0.3333333333333333 0.0

1756091048
0.5759368836291914 0.29980276134122286 0.04142011834319527

1756091048
0.5086505190311419 0.2491349480968858 0.06228373702422145

1756091048
0.5 0.5 0.0

1756091048
0.5615384615384615 0.4 0.0

1756091049
0.631083202511774 0.35949764521193095 0.0

1756091049
0.75 0.25 0.0

1756091050
0.7313997477931904 0.2610340479192938 0.0

1756091050
0.75 0.25 0.0

1756091051
0.6406052963430012 0.27364438839848676 0.0

1756091051
0.75 0.25 0.0

1756091052
0.6893081761006289 0.2628930817610063 0.0

1756091052
0.0 0.0 0.0

1756091053
0.5915119363395226 0.2838196286472148 0.002652519893899204

1756091053
0.0 0.0 0.0

1756091054
0.6566347469220246 0.29001367989056087 0.0

1756091054
0.0 0.0 0.0

1756091056
0.6012269938650306 0.3374233128834356 0.0

1756091056
0.0 0.0 0.0

1756091056
0.678030303030303 0.3181818181818182 0.0

1756091056
0.0 0.0 0.0

1756091057
0.7871536523929471 0.21032745591939547 0.0012594458438287153

1756091057
0.0 0.0 0.0

1756091058
0.7727272727272727 0.21338383838383837 0.0

1756091058
0.0 0.0 0.0

1756091059
0.6330532212885154 0.32212885154061627 0.0014005602240896359

1756091059
0.0 0.0 0.0

1756091060
0.7115628970775095 0.2121982210927573 0.0

1756091060
0.0 0.0 0.0

1756091061
0.614702154626109 0.27629911280101394 0.0

1756091061
0.0 0.0 0.0

1756091061
0.6352941176470588 0.22941176470588234 0.014705882352941176

1756091062
0.6297229219143576 0.2770780856423174 0.0

1756091062
0.0 0.0 0.0

1756091063
0.5498721227621484 0.3145780051150895 0.0

1756091063
0.0 0.0 0.0

1756091063
0.6045197740112994 0.24293785310734464 0.0

1756091064
0.5538971807628524 0.3034825870646766 0.006633499170812604

1756091064
0.0 0.0 0.0

1756091064
0.5365853658536586 0.2926829268292683 0.024390243902439025

1756091064
0.5612903225806452 0.3 0.0

1756091065
0.5645161290322581 0.30414746543778803 0.0

1756091065
0.0 0.0 0.0

1756091066
0.5038071065989848 0.3020304568527919 0.0

1756091066
0.0 0.0 0.0

1756091067
0.4765957446808511 0.3170212765957447 0.0

1756091067
0.546875 0.3 0.0

1756091067
0.0 0.0 0.0

1756091067
0.5 0.3627450980392157 0.0

1756091067
0.5545722713864307 0.2890855457227139 0.0

1756091068
0.5427728613569321 0.29793510324483774 0.0

1756091068
0.0 0.0 0.0

1756091068
0.5454545454545454 0.2727272727272727 0.0

1756091068
0.6064814814814815 0.23148148148148148 0.0

1756091068
0.5609756097560976 0.2926829268292683 0.0

1756091069
0.6741573033707865 0.1853932584269663 0.0

1756091069
0.7484662576687117 0.20245398773006135 0.006134969325153374

1756091069
0.0 0.0 0.0

1756091070
0.7318435754189944 0.25977653631284914 0.0

1756091070
0.6 0.4 0.0

1756091070
0.6326530612244898 0.35918367346938773 0.0

1756091071
0.6971428571428572 0.2914285714285714 0.0

1756091071
0.0 0.0 0.0

1756091071
0.6554621848739496 0.33613445378151263 0.0

1756091072
0.6627393225331369 0.3269513991163476 0.0

1756091072
0.0 0.0 0.0

1756091072
0.5405405405405406 0.35135135135135137 0.0

1756091072
0.6851851851851852 0.21296296296296297 0.009259259259259259

1756091073
0.6428571428571429 0.24107142857142858 0.005952380952380952

1756091073
0.6046511627906976 0.3023255813953488 0.0

1756091073
0.7548387096774194 0.21935483870967742 0.0

1756091073
0.0 0.0 0.0

1756091073
0.6438356164383562 0.2876712328767123 0.0

1756091073
0.5555555555555556 0.3333333333333333 0.0

1756091074
0.7231638418079096 0.15254237288135594 0.0

1756091074
0.6321070234113713 0.24749163879598662 0.013377926421404682

1756091074
0.0 0.0 0.0

1756091074
0.6086956521739131 0.2608695652173913 0.0

1756091074
0.6293103448275862 0.20689655172413793 0.0603448275862069

1756091075
0.6159754224270353 0.2534562211981567 0.018433179723502304

1756091075
0.0 0.0 0.0

1756091075
0.625 0.1875 0.0

1756091075
0.6258064516129033 0.23548387096774193 0.0

1756091076
0.5515021459227468 0.24892703862660945 0.032188841201716736

1756091076
0.0 0.0 0.0

1756091077
0.5528052805280528 0.20297029702970298 0.0

1756091077
0.6402116402116402 0.164021164021164 0.0

1756091077
0.0 0.0 0.0

1756091077
0.6444444444444445 0.16666666666666666 0.0

1756091078
0.6273972602739726 0.1863013698630137 0.0

1756091078
0.6040816326530613 0.20816326530612245 0.0

1756091078
0.0 0.0 0.0

1756091078
0.5887096774193549 0.20967741935483872 0.0

1756091078
0.6644518272425249 0.2026578073089701 0.0

1756091078
0.6 0.3 0.0

1756091079
0.7150837988826816 0.1787709497206704 0.00558659217877095

1756091079
0.0 0.0 0.0

1756091080
0.78 0.1875 0.0

1756091080
0.0 0.0 0.0

1756091081
0.8615960099750624 0.13591022443890274 0.0

1756091081
0.0 0.0 0.0

1756091082
0.7509386733416771 0.24780976220275344 0.0

1756091082
0.0 0.0 0.0

1756091083
0.8203517587939698 0.17839195979899497 0.0

1756091083
0.0 0.0 0.0

1756091084
0.8886107634543179 0.11013767209011265 0.0

1756091084
0.0 0.0 0.0

1756091085
0.8598247809762203 0.13892365456821026 0.0

1756091085
0.0 0.0 0.0

1756091086
0.8753117206982544 0.11970074812967581 0.0

1756091086
0.0 0.0 0.0

1756091087
0.769620253164557 0.17215189873417722 0.0012658227848101266

1756091087
0.0 0.0 0.0

1756091087
0.6506024096385542 0.2289156626506024 0.0

1756091089
0.7188940092165899 0.1781874039938556 0.0

1756091089
0.0 0.0 0.0

1756091090
0.5623836126629422 0.3687150837988827 0.00558659217877095

1756091090
0.6862745098039216 0.2 0.00392156862745098

1756091090
0.0 0.0 0.0

1756091091
0.6810344827586207 0.20905172413793102 0.004310344827586207

1756091091
0.7333333333333333 0.17083333333333334 0.0

1756091091
0.7222222222222222 0.16666666666666666 0.011111111111111112

1756091091
0.0 0.0 0.0

1756091092
0.6700251889168766 0.22795969773299748 0.0

1756091092
0.0 0.0 0.0

1756091093
0.6092964824120602 0.27386934673366836 0.0

1756091093
0.0 0.0 0.0

1756091094
0.5613079019073569 0.3242506811989101 0.0

1756091094
0.6374407582938388 0.28199052132701424 0.0

1756091094
0.0 0.0 0.0

1756091095
0.759748427672956 0.2138364779874214 0.0012578616352201257

1756091095
0.0 0.0 0.0

1756091096
0.5995975855130785 0.32193158953722334 0.03621730382293763

1756091096
0.6174496644295302 0.2651006711409396 0.026845637583892617

1756091096
0.0 0.0 1.0

1756091097
0.5413533834586466 0.17293233082706766 0.09774436090225563

1756091097
0.6113671274961597 0.2780337941628264 0.0015360983102918587

1756091097
0.6666666666666666 0.16666666666666666 0.0

1756091097
0.0 0.0 0.0

1756091097
0.6 0.3142857142857143 0.0

1756091098
0.66 0.22333333333333333 0.0

1756091098
0.5663716814159292 0.37610619469026546 0.0

1756091098
0.0 0.0 0.0

1756091099
0.572692793931732 0.37926675094816686 0.0

1756091099
0.0 0.0 0.0

1756091100
0.5576923076923077 0.38461538461538464 0.0

1756091100
0.5105882352941177 0.4470588235294118 0.0

1756091100
0.0 0.0 0.0

1756091101
0.4715909090909091 0.45170454545454547 0.014204545454545454

1756091101
0.5675057208237986 0.36384439359267734 0.002288329519450801

1756091101
0.0 0.0 0.0

1756091102
0.5368020304568528 0.4137055837563452 0.0012690355329949238

1756091102
0.0 0.0 0.0

1756091103
0.536144578313253 0.4036144578313253 0.0

1756091103
0.536 0.4 0.0

1756091103
0.6146788990825688 0.345565749235474 0.0

1756091103
0.5914634146341463 0.3780487804878049 0.0

1756091103
0.0 0.0 0.0

1756091104
0.5697896749521989 0.4225621414913958 0.0

1756091104
0.6789667896678967 0.3173431734317343 0.0

1756091104
0.0 0.0 0.0

1756091105
0.6695979899497487 0.32160804020100503 0.0

1756091105
0.0 0.0 0.0

1756091106
0.6755050505050505 0.31186868686868685 0.0012626262626262627

1756091106
0.0 0.0 0.0

1756091107
0.8032581453634086 0.19548872180451127 0.0

1756091107
0.0 0.0 0.0

1756091108
0.7685305591677504 0.22496749024707413 0.0

1756091108
0.5 0.5 0.0

1756091109
0.6623876765083441 0.3119383825417201 0.0

1756091109
0.0 0.0 0.0

1756091110
0.7225725094577553 0.2723833543505675 0.0

1756091110
0.0 0.0 0.0

1756091111
0.6633291614518148 0.28660826032540676 0.0

1756091111
0.0 0.0 0.0

1756091111
0.5 0.42857142857142855 0.0

1756091112
0.525911708253359 0.42994241842610365 0.0

1756091112
0.5308641975308642 0.42386831275720166 0.0

1756091112
0.0 0.0 0.0

1756091113
0.6474278544542033 0.3437892095357591 0.0

1756091113
0.0 0.0 0.0

1756091114
0.7406483790523691 0.2593516209476309 0.0

1756091114
0.0 0.0 0.0

1756091114
0.7777777777777778 0.2222222222222222 0.0

1756091115
0.7419768934531451 0.25673940949935814 0.0

1756091115
0.0 0.0 0.0

1756091116
0.7418546365914787 0.2581453634085213 0.0

1756091116
0.0 0.0 0.0

1756091117
0.7478411053540587 0.25215889464594127 0.0

1756091117
0.6772727272727272 0.32272727272727275 0.0

1756091117
0.0 0.0 0.0

1756091118
0.7891566265060241 0.21084337349397592 0.0

1756091118
0.8012820512820513 0.1987179487179487 0.0

1756091118
0.5 0.5 0.0

1756091119
0.73989898989899 0.2601010101010101 0.0

1756091119
0.0 0.0 0.0

1756091120
0.7334167709637046 0.2665832290362954 0.0

1756091120
0.0 0.0 0.0

1756091121
0.74375 0.25625 0.0

1756091121
0.0 0.0 0.0

1756091123
0.6666666666666666 0.3333333333333333 0.0

1756091123
0.0 0.0 0.0

1756091123
0.7169811320754716 0.2830188679245283 0.0

1756091123
0.0 0.0 0.0

1756091124
0.7379679144385026 0.25668449197860965 0.0

1756091124
0.7259100642398287 0.2676659528907923 0.0

1756091124
0.7357142857142858 0.2642857142857143 0.0

1756091124
0.0 0.0 0.0

1756091125
0.7404371584699454 0.2568306010928962 0.0

1756091125
0.7123287671232876 0.2876712328767123 0.0

1756091125
0.0 0.0 0.0

1756091126
0.7263556116015133 0.2648171500630517 0.0037831021437578815

1756091126
0.0 0.0 0.0

1756091127
0.6996047430830039 0.2984189723320158 0.0

1756091127
0.735191637630662 0.2613240418118467 0.0

1756091127
0.6666666666666666 0.3333333333333333 0.0

1756091127
1.0 0.0 0.0

1756091128
0.7061855670103093 0.2860824742268041 0.0

1756091128
0.6732283464566929 0.32677165354330706 0.0

1756091128
0.74 0.26 0.0

1756091128
0.0 0.0 0.0

1756091129
0.7002652519893899 0.29708222811671087 0.0

1756091129
0.7398568019093079 0.26014319809069214 0.0

1756091129
0.75 0.25 0.0

1756091130
0.7155963302752294 0.28134556574923547 0.0

1756091130
0.6530612244897959 0.3469387755102041 0.0

1756091130
0.6666666666666666 0.3333333333333333 0.0

1756091131
0.6865148861646234 0.30998248686514884 0.0

1756091131
0.7692307692307693 0.23076923076923078 0.0

1756091131
0.75 0.25 0.0

1756091135
0.7233900567233901 0.27427427427427425 0.0

1756091135
0.0 0.0 0.0

1756091136
0.6942355889724311 0.30451127819548873 0.0

1756091136
0.0 0.0 0.0

1756091136
0.6361323155216285 0.3638676844783715 0.0

1756091137
0.7665847665847666 0.23095823095823095 0.0

1756091137
0.0 0.0 0.0

1756091138
0.6641221374045801 0.3320610687022901 0.0

1756091138
0.75 0.25 0.0

1756091139
0.6231155778894473 0.3731155778894472 0.0

1756091139
0.0 0.0 0.0

1756091140
0.6127819548872181 0.38721804511278196 0.0

1756091140
0.6666666666666666 0.3333333333333333 0.0

1756091141
0.6072772898368883 0.39272271016311167 0.0

1756091141
0.0 0.0 0.0

1756091142
0.6012422360248447 0.3987577639751553 0.0

1756091142
0.0 0.0 0.0

1756091143
0.6111111111111112 0.38762626262626265 0.0

1756091143
0.0 0.0 0.0

1756091143
0.6588235294117647 0.3411764705882353 0.0

1756091144
0.6537931034482759 0.34206896551724136 0.0

1756091144
0.0 0.0 0.0

1756091145
0.6355611601513241 0.3644388398486759 0.0

1756091145
0.0 0.0 0.0

1756091146
0.5551181102362205 0.44291338582677164 0.0

1756091146
0.5121951219512195 0.47735191637630664 0.0

1756091146
0.5 0.5 0.0

1756091147
0.48567335243553006 0.4899713467048711 0.0

1756091147
0.4942528735632184 0.4942528735632184 0.0

1756091147
0.0 0.0 0.0

1756091147
0.5116279069767442 0.4604651162790698 0.004651162790697674

1756091148
0.4706994328922495 0.5103969754253308 0.0

1756091148
0.4727272727272727 0.4909090909090909 0.0

1756091148
0.0 0.0 0.0

1756091149
0.4930643127364439 0.45901639344262296 0.0

1756091149
0.0 0.0 0.0

1756091150
0.4186939820742638 0.37772087067861715 0.0

1756091150
0.5 0.25 0.0

1756091150
0.0 0.0 0.0

1756091150
0.5242494226327945 0.3325635103926097 0.009237875288683603

1756091151
0.43977591036414565 0.3277310924369748 0.07282913165266107

1756091151
0.0 0.0 0.0

1756091151
0.4482758620689655 0.3421750663129973 0.05305039787798409

1756091151
0.625 0.375 0.0

1756091152
0.5858895705521472 0.3098159509202454 0.0

1756091152
0.6052631578947368 0.2894736842105263 0.0

1756091152
0.6222222222222222 0.28888888888888886 0.0

1756091152
0.0 0.0 0.0

1756091152
0.5860927152317881 0.31125827814569534 0.013245033112582781

1756091153
0.5922131147540983 0.2807377049180328 0.0

1756091153
0.0 0.0 0.0

1756091154
0.37610062893081764 0.2591194968553459 0.0012578616352201257

1756091154
0.0 0.0 0.0

1756091155
0.5746549560853199 0.2559598494353827 0.0

1756091155
0.0 0.0 0.0

1756091155
0.6079295154185022 0.30837004405286345 0.0

1756091157
0.6141732283464567 0.2677165354330709 0.0

1756091157
0.0 0.0 0.0

1756091158
0.6830808080808081 0.2878787878787879 0.0

1756091158
0.0 0.0 0.0

1756091159
0.6936488169364882 0.3013698630136986 0.0

1756091159
0.0 0.0 0.0

1756091160
0.7858942065491183 0.2141057934508816 0.0

1756091160
0.0 0.0 0.0

1756091161
0.7884130982367759 0.21158690176322417 0.0

1756091161
0.0 0.0 0.0

1756091162
0.7927590511860175 0.20724094881398253 0.0

1756091162
0.0 0.0 0.0

1756091163
0.7984981226533167 0.19899874843554444 0.0

1756091163
0.0 0.0 0.0

1756091163
0.7241379310344828 0.27586206896551724 0.0

1756091164
0.7816993464052288 0.21568627450980393 0.00130718954248366

1756091164
0.0 0.0 0.0

1756091165
0.7582417582417582 0.24175824175824176 0.0

1756091165
0.8592375366568915 0.1378299120234604 0.0

1756091165
0.0 0.0 0.0

1756091166
0.7859973579920739 0.20607661822985468 0.0

1756091166
0.7560975609756098 0.24390243902439024 0.0

1756091166
0.0 0.0 0.0

1756091167
0.7649484536082474 0.21030927835051547 0.0

1756091167
0.7339743589743589 0.23076923076923078 0.0

1756091167
0.0 0.0 0.0

1756091167
0.6857142857142857 0.2571428571428571 0.0

1756091168
0.7517337031900139 0.22191400832177532 0.0

1756091168
1.0 0.0 0.0

1756091169
0.6916243654822335 0.25888324873096447 0.0038071065989847717

1756091169
0.0 0.0 0.0

1756091170
0.6700507614213198 0.25253807106598986 0.0

1756091170
0.0 0.0 0.0

1756091170
0.5422740524781341 0.33819241982507287 0.0

1756091171
0.6325167037861915 0.3184855233853007 0.0022271714922048997

1756091171
0.0 0.0 0.0

1756091172
0.8027638190954773 0.19597989949748743 0.0

1756091172
0.0 0.0 0.0

1756091173
0.7728426395939086 0.20558375634517767 0.0

1756091173
0.0 0.0 0.0

1756091173
0.7307692307692307 0.23076923076923078 0.0

1756091174
0.6990920881971465 0.2775616083009079 0.0

1756091174
0.0 0.0 0.0

1756091175
0.6394472361809045 0.3492462311557789 0.0

1756091175
0.0 0.0 0.0

1756091176
0.708029197080292 0.291970802919708 0.0

1756091176
0.56 0.44 0.0

1756091176
0.6966292134831461 0.30337078651685395 0.0

1756091176
0.0 0.0 0.0

1756091177
0.7578027465667915 0.2421972534332085 0.0

1756091177
0.0 0.0 0.0

1756091177
0.7480916030534351 0.25190839694656486 0.0

1756091178
0.7347242921013413 0.26527570789865873 0.0

1756091178
0.0 0.0 0.0

1756091178
0.7083333333333334 0.2916666666666667 0.0

1756091179
0.7674750356633381 0.23252496433666192 0.0

1756091179
0.0 0.0 0.0

1756091180
0.7682403433476395 0.22532188841201717 0.0

1756091180
0.8365384615384616 0.15705128205128205 0.0

1756091180
0.7894736842105263 0.21052631578947367 0.0

1756091180
0.0 0.0 0.0

1756091180
0.7604166666666666 0.22395833333333334 0.0

1756091181
0.7945205479452054 0.2054794520547945 0.0

1756091181
0.8235294117647058 0.1497326203208556 0.0

1756091181
0.7922077922077922 0.19480519480519481 0.0

1756091181
0.0 0.0 0.0

1756091182
0.7503136762860728 0.24717691342534504 0.0

1756091182
0.0 0.0 0.0

1756091182
0.7071823204419889 0.287292817679558 0.0

1756091183
0.8115015974440895 0.18849840255591055 0.0

1756091183
1.0 0.0 0.0

1756091184
0.7969798657718121 0.20134228187919462 0.0

1756091184
0.841025641025641 0.15897435897435896 0.0

1756091184
0.0 0.0 0.0

                                                                                                                                                                                                                                                                                                                                                                                                                                                                                                                                                                                                                                                                                                                                                                                                                                                                                                                                                                                                                                                                                                                                                                                                                                                                          