This file contains any messages produced by compilers while
running configure, to aid debugging if configure makes a mistake.

It was created by quilt configure 0.67, which was
generated by GNU Autoconf 2.69.  Invocation command line was

  $ ./configure --build=x86_64-linux --host=x86_64-linux --target=x86_64-linux --prefix=/home/ubuntu/yocto/rpi-build/tmp/work/x86_64-linux/quilt-native/0.67-r0/recipe-sysroot-native/usr --exec_prefix=/home/ubuntu/yocto/rpi-build/tmp/work/x86_64-linux/quilt-native/0.67-r0/recipe-sysroot-native/usr --bindir=/home/ubuntu/yocto/rpi-build/tmp/work/x86_64-linux/quilt-native/0.67-r0/recipe-sysroot-native/usr/bin --sbindir=/home/ubuntu/yocto/rpi-build/tmp/work/x86_64-linux/quilt-native/0.67-r0/recipe-sysroot-native/usr/sbin --libexecdir=/home/ubuntu/yocto/rpi-build/tmp/work/x86_64-linux/quilt-native/0.67-r0/recipe-sysroot-native/usr/libexec --datadir=/home/ubuntu/yocto/rpi-build/tmp/work/x86_64-linux/quilt-native/0.67-r0/recipe-sysroot-native/usr/share --sysconfdir=/home/ubuntu/yocto/rpi-build/tmp/work/x86_64-linux/quilt-native/0.67-r0/recipe-sysroot-native/etc --sharedstatedir=/home/ubuntu/yocto/rpi-build/tmp/work/x86_64-linux/quilt-native/0.67-r0/recipe-sysroot-native/com --localstatedir=/home/ubuntu/yocto/rpi-build/tmp/work/x86_64-linux/quilt-native/0.67-r0/recipe-sysroot-native/var --libdir=/home/ubuntu/yocto/rpi-build/tmp/work/x86_64-linux/quilt-native/0.67-r0/recipe-sysroot-native/usr/lib --includedir=/home/ubuntu/yocto/rpi-build/tmp/work/x86_64-linux/quilt-native/0.67-r0/recipe-sysroot-native/usr/include --oldincludedir=/home/ubuntu/yocto/rpi-build/tmp/work/x86_64-linux/quilt-native/0.67-r0/recipe-sysroot-native/usr/include --infodir=/home/ubuntu/yocto/rpi-build/tmp/work/x86_64-linux/quilt-native/0.67-r0/recipe-sysroot-native/usr/share/info --mandir=/home/ubuntu/yocto/rpi-build/tmp/work/x86_64-linux/quilt-native/0.67-r0/recipe-sysroot-native/usr/share/man --disable-silent-rules --disable-dependency-tracking --with-perl=/usr/bin/env perl --with-patch=patch --without-sendmail --disable-static --disable-nls

## --------- ##
## Platform. ##
## --------- ##

hostname = DESKTOP-CSPIOE3
uname -m = x86_64
uname -r = 6.6.87.2-microsoft-standard-WSL2
uname -s = Linux
uname -v = #1 SMP PREEMPT_DYNAMIC Thu Jun  5 18:30:46 UTC 2025

/usr/bin/uname -p = x86_64
/bin/uname -X     = unknown

/bin/arch              = x86_64
/usr/bin/arch -k       = unknown
/usr/convex/getsysinfo = unknown
/usr/bin/hostinfo      = unknown
/bin/machine           = unknown
/usr/bin/oslevel       = unknown
/bin/universe          = unknown

PATH: /home/ubuntu/yocto/poky/scripts/native-intercept
PATH: /home/ubuntu/yocto/rpi-build/tmp/sysroots-uninative/x86_64-linux/usr/bin
PATH: /home/ubuntu/yocto/poky/scripts
PATH: /home/ubuntu/yocto/rpi-build/tmp/work/x86_64-linux/quilt-native/0.67-r0/recipe-sysroot-native/usr/bin/x86_64-linux
PATH: /home/ubuntu/yocto/rpi-build/tmp/work/x86_64-linux/quilt-native/0.67-r0/recipe-sysroot-native/usr/bin
PATH: /home/ubuntu/yocto/rpi-build/tmp/work/x86_64-linux/quilt-native/0.67-r0/recipe-sysroot-native/usr/sbin
PATH: /home/ubuntu/yocto/rpi-build/tmp/work/x86_64-linux/quilt-native/0.67-r0/recipe-sysroot-native/usr/bin
PATH: /home/ubuntu/yocto/rpi-build/tmp/work/x86_64-linux/quilt-native/0.67-r0/recipe-sysroot-native/sbin
PATH: /home/ubuntu/yocto/rpi-build/tmp/work/x86_64-linux/quilt-native/0.67-r0/recipe-sysroot-native/bin
PATH: /home/ubuntu/yocto/poky/bitbake/bin
PATH: /home/ubuntu/yocto/rpi-build/tmp/hosttools


## ----------- ##
## Core tests. ##
## ----------- ##

configure:1818: checking for a BSD-compatible install
configure:1886: result: /home/ubuntu/yocto/rpi-build/tmp/hosttools/install -c
configure:1898: checking whether #! works in shell scripts
configure:1915: result: yes
configure:1967: checking for bash
configure:1998: result: /bin/bash
configure:2033: checking whether /bin/bash quoting works
configure:2036: result: yes
configure:2083: checking for gcp
configure:2117: result: no
configure:2083: checking for cp
configure:2102: found /home/ubuntu/yocto/rpi-build/tmp/hosttools/cp
configure:2114: result: /home/ubuntu/yocto/rpi-build/tmp/hosttools/cp
configure:2175: checking for gdate
configure:2209: result: no
configure:2175: checking for date
configure:2194: found /home/ubuntu/yocto/rpi-build/tmp/hosttools/date
configure:2206: result: /home/ubuntu/yocto/rpi-build/tmp/hosttools/date
configure:2238: checking whether /home/ubuntu/yocto/rpi-build/tmp/hosttools/date --rfc-822 works
configure:2241: result: yes
configure:2264: checking for perl
configure:2272: result: /usr/bin/env perl
configure:2275: WARNING: /usr/bin/env perl does not exist
configure:2378: checking for grep
configure:2397: found /home/ubuntu/yocto/rpi-build/tmp/hosttools/grep
configure:2409: result: /home/ubuntu/yocto/rpi-build/tmp/hosttools/grep
configure:2430: checking whether /home/ubuntu/yocto/rpi-build/tmp/hosttools/grep -q works
configure:2433: result: yes
configure:2445: checking whether /home/ubuntu/yocto/rpi-build/tmp/hosttools/grep understands (foo|bar)
configure:2448: result: yes
configure:2494: checking for tail
configure:2513: found /home/ubuntu/yocto/rpi-build/tmp/hosttools/tail
configure:2525: result: /home/ubuntu/yocto/rpi-build/tmp/hosttools/tail
configure:2547: checking whether /home/ubuntu/yocto/rpi-build/tmp/hosttools/tail -n works
configure:2550: result: yes
configure:2596: checking for tr
configure:2615: found /home/ubuntu/yocto/rpi-build/tmp/hosttools/tr
configure:2627: result: /home/ubuntu/yocto/rpi-build/tmp/hosttools/tr
configure:2648: checking whether /home/ubuntu/yocto/rpi-build/tmp/hosttools/tr understands a-z 
configure:2651: result: yes
configure:2698: checking for stat
configure:2717: found /home/ubuntu/yocto/rpi-build/tmp/hosttools/stat
configure:2729: result: /home/ubuntu/yocto/rpi-build/tmp/hosttools/stat
configure:2750: checking whether /home/ubuntu/yocto/rpi-build/tmp/hosttools/stat -c '%h' works
configure:2753: result: yes
configure:2810: checking for sed
configure:2829: found /home/ubuntu/yocto/rpi-build/tmp/hosttools/sed
configure:2841: result: /home/ubuntu/yocto/rpi-build/tmp/hosttools/sed
configure:2862: checking whether /home/ubuntu/yocto/rpi-build/tmp/hosttools/sed understands (foo|bar)
configure:2865: result: yes
configure:2913: checking for gawk
configure:2932: found /home/ubuntu/yocto/rpi-build/tmp/hosttools/gawk
configure:2944: result: /home/ubuntu/yocto/rpi-build/tmp/hosttools/gawk
configure:2971: checking whether /home/ubuntu/yocto/rpi-build/tmp/hosttools/gawk supports sub
configure:2974: result: yes
configure:3001: checking for pod2man
configure:3034: result: no
configure:3078: checking for column
configure:3109: result: column
configure:3166: checking for getopt
configure:3185: found /home/ubuntu/yocto/rpi-build/tmp/hosttools/getopt
configure:3197: result: /home/ubuntu/yocto/rpi-build/tmp/hosttools/getopt
configure:3223: checking for getopt --long syntax
configure:3230: result: yes
configure:3277: checking for mktemp
configure:3296: found /home/ubuntu/yocto/rpi-build/tmp/hosttools/mktemp
configure:3308: result: /home/ubuntu/yocto/rpi-build/tmp/hosttools/mktemp
configure:3333: checking whether /home/ubuntu/yocto/rpi-build/tmp/hosttools/mktemp -d works
configure:3337: result: yes
configure:3384: checking for diff
configure:3403: found /home/ubuntu/yocto/rpi-build/tmp/hosttools/diff
configure:3415: result: /home/ubuntu/yocto/rpi-build/tmp/hosttools/diff
configure:3446: checking for patch
configure:3454: result: patch
configure:3457: WARNING: patch does not exist
configure:3521: checking the version of /home/ubuntu/yocto/rpi-build/tmp/hosttools/diff
configure:3526: result: 3.8
configure:3549: checking the version of patch
configure:3558: result: 2.7.6
configure:3612: checking for find
configure:3631: found /home/ubuntu/yocto/rpi-build/tmp/hosttools/find
configure:3643: result: /home/ubuntu/yocto/rpi-build/tmp/hosttools/find
configure:3664: checking whether /home/ubuntu/yocto/rpi-build/tmp/hosttools/find -path works
configure:3667: result: yes
configure:3680: checking whether /home/ubuntu/yocto/rpi-build/tmp/hosttools/find -print0 works
configure:3683: result: yes
configure:3729: checking for xargs
configure:3748: found /home/ubuntu/yocto/rpi-build/tmp/hosttools/xargs
configure:3760: result: /home/ubuntu/yocto/rpi-build/tmp/hosttools/xargs
configure:3781: checking whether /home/ubuntu/yocto/rpi-build/tmp/hosttools/xargs -0 works
configure:3784: result: yes
configure:3825: checking for diffstat
configure:3844: found /home/ubuntu/yocto/rpi-build/tmp/hosttools/diffstat
configure:3856: result: /home/ubuntu/yocto/rpi-build/tmp/hosttools/diffstat
configure:3884: checking for diffstat version
configure:3903: result: 1.64
configure:4009: WARNING: Using internal sendmail mechanism.  Use option '--with-sendmail' to override
configure:4021: checking for msgmerge
configure:4054: result: no
configure:4061: checking for msgfmt
configure:4094: result: no
configure:4101: checking for xgettext
configure:4134: result: no
configure:4141: checking for msguniq
configure:4174: result: no
configure:4181: checking for msgcat
configure:4214: result: no
configure:4256: Building without natural language support
configure:4293: checking for rpmbuild
configure:4327: result: no
configure:4293: checking for rpm
configure:4327: result: no
configure:4341: WARNING: rpmbuild not found, some optional functionalities will be missing
configure:4383: checking for gmd5sum
configure:4417: result: no
configure:4383: checking for md5sum
configure:4402: found /home/ubuntu/yocto/rpi-build/tmp/hosttools/md5sum
configure:4414: result: /home/ubuntu/yocto/rpi-build/tmp/hosttools/md5sum
configure:4473: checking for 7zr
configure:4507: result: no
configure:4473: checking for 7za
configure:4507: result: no
configure:4473: checking for 7z
configure:4507: result: no
configure:4521: WARNING: 7z not found, some optional functionalities will be missing
configure:4680: creating ./config.status

## ---------------------- ##
## Running config.status. ##
## ---------------------- ##

This file was extended by quilt config.status 0.67, which was
generated by GNU Autoconf 2.69.  Invocation command line was

  CONFIG_FILES    = 
  CONFIG_HEADERS  = 
  CONFIG_LINKS    = 
  CONFIG_COMMANDS = 
  $ ./config.status 

on DESKTOP-CSPIOE3

config.status:750: creating Makefile
configure:5687: WARNING: unrecognized options: --disable-silent-rules, --disable-dependency-tracking, --disable-static
configure:5692: result: 
configure:5694: result: quilt version 0.67 configured.
configure:5696: result: 
configure:5698: result: Using '/home/ubuntu/yocto/rpi-build/tmp/work/x86_64-linux/quilt-native/0.67-r0/recipe-sysroot-native/usr' for installation prefix.
configure:5701: result: 
configure:5703: result: Report bugs to quilt-dev@nongnu.org

## ---------------- ##
## Cache variables. ##
## ---------------- ##

ac_cv_env_build_alias_set=set
ac_cv_env_build_alias_value=x86_64-linux
ac_cv_env_host_alias_set=set
ac_cv_env_host_alias_value=x86_64-linux
ac_cv_env_target_alias_set=set
ac_cv_env_target_alias_value=x86_64-linux
ac_cv_path_AWK=/home/ubuntu/yocto/rpi-build/tmp/hosttools/gawk
ac_cv_path_BASH=/bin/bash
ac_cv_path_COLUMN=column
ac_cv_path_CP=/home/ubuntu/yocto/rpi-build/tmp/hosttools/cp
ac_cv_path_DATE=/home/ubuntu/yocto/rpi-build/tmp/hosttools/date
ac_cv_path_DIFF=/home/ubuntu/yocto/rpi-build/tmp/hosttools/diff
ac_cv_path_DIFFSTAT=/home/ubuntu/yocto/rpi-build/tmp/hosttools/diffstat
ac_cv_path_FIND=/home/ubuntu/yocto/rpi-build/tmp/hosttools/find
ac_cv_path_GETOPT=/home/ubuntu/yocto/rpi-build/tmp/hosttools/getopt
ac_cv_path_GREP=/home/ubuntu/yocto/rpi-build/tmp/hosttools/grep
ac_cv_path_MD5SUM=/home/ubuntu/yocto/rpi-build/tmp/hosttools/md5sum
ac_cv_path_MKTEMP=/home/ubuntu/yocto/rpi-build/tmp/hosttools/mktemp
ac_cv_path_SED=/home/ubuntu/yocto/rpi-build/tmp/hosttools/sed
ac_cv_path_STAT=/home/ubuntu/yocto/rpi-build/tmp/hosttools/stat
ac_cv_path_TAIL=/home/ubuntu/yocto/rpi-build/tmp/hosttools/tail
ac_cv_path_TR=/home/ubuntu/yocto/rpi-build/tmp/hosttools/tr
ac_cv_path_XARGS=/home/ubuntu/yocto/rpi-build/tmp/hosttools/xargs
ac_cv_path_install='/home/ubuntu/yocto/rpi-build/tmp/hosttools/install -c'
ac_cv_sys_interpreter=yes
lt_cv_sys_lib_dlsearch_path_spec='/home/ubuntu/yocto/rpi-build/tmp/work/x86_64-linux/quilt-native/0.67-r0/recipe-sysroot-native/usr/lib /home/ubuntu/yocto/rpi-build/tmp/work/x86_64-linux/quilt-native/0.67-r0/recipe-sysroot-native/usr/lib /lib /lib64 /usr/lib /usr/lib64'

## ----------------- ##
## Output variables. ##
## ----------------- ##

AWK='/home/ubuntu/yocto/rpi-build/tmp/hosttools/gawk'
BASH='/bin/bash'
COLUMN='column'
COMPAT_PROGRAMS=' sendmail'
COMPAT_SYMLINKS=' perl awk patch'
CP='/home/ubuntu/yocto/rpi-build/tmp/hosttools/cp'
DATE='/home/ubuntu/yocto/rpi-build/tmp/hosttools/date'
DEFS='-DPACKAGE_NAME=\"quilt\" -DPACKAGE_TARNAME=\"quilt\" -DPACKAGE_VERSION=\"0.67\" -DPACKAGE_STRING=\"quilt\ 0.67\" -DPACKAGE_BUGREPORT=\"quilt-dev@nongnu.org\" -DPACKAGE_URL=\"\"'
DIFF='/home/ubuntu/yocto/rpi-build/tmp/hosttools/diff'
DIFFSTAT='/home/ubuntu/yocto/rpi-build/tmp/hosttools/diffstat'
ECHO_C=''
ECHO_N='-n'
ECHO_T=''
FIND='/home/ubuntu/yocto/rpi-build/tmp/hosttools/find'
GETOPT='/home/ubuntu/yocto/rpi-build/tmp/hosttools/getopt'
GREP='/home/ubuntu/yocto/rpi-build/tmp/hosttools/grep'
INSTALL_DATA='${INSTALL} -m 644'
INSTALL_PROGRAM='${INSTALL}'
INSTALL_SCRIPT='${INSTALL}'
LIBOBJS=''
LIBS=''
LTLIBOBJS=''
MD5SUM='/home/ubuntu/yocto/rpi-build/tmp/hosttools/md5sum'
MKTEMP='/home/ubuntu/yocto/rpi-build/tmp/hosttools/mktemp'
MSGCAT=''
MSGFMT=''
MSGMERGE=''
MSGUNIQ=''
P7ZIP='7z'
PACKAGE_BUGREPORT='quilt-dev@nongnu.org'
PACKAGE_NAME='quilt'
PACKAGE_RELEASE='1'
PACKAGE_STRING='quilt 0.67'
PACKAGE_TARNAME='quilt'
PACKAGE_URL=''
PACKAGE_VERSION='0.67'
PATCH='patch'
PATCH_WRAPPER=''
PATH_SEPARATOR=':'
PERL='/usr/bin/env perl'
POD2MAN=''
RPMBUILD='rpmbuild'
SED='/home/ubuntu/yocto/rpi-build/tmp/hosttools/sed'
SENDMAIL='sendmail'
SHELL='/bin/bash'
STAT='/home/ubuntu/yocto/rpi-build/tmp/hosttools/stat'
STAT_HARDLINK='-c '\''%h'\'''
TAIL='/home/ubuntu/yocto/rpi-build/tmp/hosttools/tail'
TR='/home/ubuntu/yocto/rpi-build/tmp/hosttools/tr'
USE_NLS='no'
XARGS='/home/ubuntu/yocto/rpi-build/tmp/hosttools/xargs'
XGETTEXT=''
bindir='/home/ubuntu/yocto/rpi-build/tmp/work/x86_64-linux/quilt-native/0.67-r0/recipe-sysroot-native/usr/bin'
build_alias='x86_64-linux'
datadir='/home/ubuntu/yocto/rpi-build/tmp/work/x86_64-linux/quilt-native/0.67-r0/recipe-sysroot-native/usr/share'
datarootdir='${prefix}/share'
docdir='${datarootdir}/doc/${PACKAGE_TARNAME}'
dvidir='${docdir}'
exec_prefix='/home/ubuntu/yocto/rpi-build/tmp/work/x86_64-linux/quilt-native/0.67-r0/recipe-sysroot-native/usr'
host_alias='x86_64-linux'
htmldir='${docdir}'
includedir='/home/ubuntu/yocto/rpi-build/tmp/work/x86_64-linux/quilt-native/0.67-r0/recipe-sysroot-native/usr/include'
infodir='/home/ubuntu/yocto/rpi-build/tmp/work/x86_64-linux/quilt-native/0.67-r0/recipe-sysroot-native/usr/share/info'
libdir='/home/ubuntu/yocto/rpi-build/tmp/work/x86_64-linux/quilt-native/0.67-r0/recipe-sysroot-native/usr/lib'
libexecdir='/home/ubuntu/yocto/rpi-build/tmp/work/x86_64-linux/quilt-native/0.67-r0/recipe-sysroot-native/usr/libexec'
localedir='${datarootdir}/locale'
localstatedir='/home/ubuntu/yocto/rpi-build/tmp/work/x86_64-linux/quilt-native/0.67-r0/recipe-sysroot-native/var'
mandir='/home/ubuntu/yocto/rpi-build/tmp/work/x86_64-linux/quilt-native/0.67-r0/recipe-sysroot-native/usr/share/man'
oldincludedir='/home/ubuntu/yocto/rpi-build/tmp/work/x86_64-linux/quilt-native/0.67-r0/recipe-sysroot-native/usr/include'
pdfdir='${docdir}'
prefix='/home/ubuntu/yocto/rpi-build/tmp/work/x86_64-linux/quilt-native/0.67-r0/recipe-sysroot-native/usr'
program_transform_name='s,x,x,'
psdir='${docdir}'
sbindir='/home/ubuntu/yocto/rpi-build/tmp/work/x86_64-linux/quilt-native/0.67-r0/recipe-sysroot-native/usr/sbin'
sharedstatedir='/home/ubuntu/yocto/rpi-build/tmp/work/x86_64-linux/quilt-native/0.67-r0/recipe-sysroot-native/com'
sysconfdir='/home/ubuntu/yocto/rpi-build/tmp/work/x86_64-linux/quilt-native/0.67-r0/recipe-sysroot-native/etc'
target_alias='x86_64-linux'

## ----------- ##
## confdefs.h. ##
## ----------- ##

/* confdefs.h */
#define PACKAGE_NAME "quilt"
#define PACKAGE_TARNAME "quilt"
#define PACKAGE_VERSION "0.67"
#define PACKAGE_STRING "quilt 0.67"
#define PACKAGE_BUGREPORT "quilt-dev@nongnu.org"
#define PACKAGE_URL ""

configure: exit 0
